[cells 1/28] digits_pca16 (39s)
[cells 2/28] digits_pca16 (41s)
[cells 3/28] satimage (62s)
[cells 4/28] satimage (65s)
[cells 5/28] cluster_skew_hard (78s)
[cells 6/28] cluster_skew_hard (79s)
[cells 7/28] cluster_skew_overlap (94s)
[cells 8/28] cluster_skew_overlap (94s)
[cells 9/28] digits_pca32 (96s)
[cells 10/28] digits_pca32 (97s)
[cells 11/28] pendigits (105s)
[cells 12/28] dirichlet_0.03 (107s)
[cells 13/28] dirichlet_0.03 (107s)
[cells 14/28] dirichlet_0.1 (108s)
[cells 15/28] dirichlet_0.1 (109s)
[cells 16/28] wine (116s)
[cells 17/28] overlap_noise (119s)
[cells 18/28] quantity_skew_extreme (122s)
[cells 19/28] overlap_noise (123s)
[cells 20/28] quantity_skew_extreme (125s)
[cells 21/28] wine (126s)
[cells 22/28] pendigits (145s)
[cells 23/28] letter (386s)
[cells 24/28] letter (387s)
[cells 25/28] mnist784_pca32 (20c) (476s)
[cells 26/28] mnist784_pca32 (20c) (479s)
[cells 27/28] mnist784_pca32 (50c) (660s)
[cells 28/28] mnist784_pca32 (50c) (685s)
wrote 448 rows to /Users/chunmaojiang/Dropbox/项目申请-开会-出国-z研究生-评审论文和项目/项目申请2026/ffcm-fuzzysetandsystem/experiments/results/t10/smoke/runtime/rt_cells16_L1_s00-01.csv in 685s
