[cells 1/28] digits_pca16 (106s)
[cells 2/28] digits_pca16 (107s)
[cells 3/28] satimage (137s)
[cells 4/28] satimage (145s)
[cells 5/28] cluster_skew_hard (158s)
[cells 6/28] cluster_skew_hard (164s)
[cells 7/28] cluster_skew_overlap (176s)
[cells 8/28] cluster_skew_overlap (180s)
[cells 9/28] dirichlet_0.03 (194s)
[cells 10/28] dirichlet_0.03 (198s)
[cells 11/28] dirichlet_0.1 (211s)
[cells 12/28] dirichlet_0.1 (219s)
[cells 13/28] digits_pca32 (226s)
[cells 14/28] overlap_noise (226s)
[cells 15/28] digits_pca32 (227s)
[cells 16/28] overlap_noise (235s)
[cells 17/28] wine (236s)
[cells 18/28] pendigits (238s)
[cells 19/28] wine (244s)
[cells 20/28] quantity_skew_extreme (249s)
[cells 21/28] quantity_skew_extreme (249s)
[cells 22/28] pendigits (254s)
[cells 23/28] letter (873s)
[cells 24/28] letter (881s)
[cells 25/28] mnist784_pca32 (20c) (1145s)
[cells 26/28] mnist784_pca32 (20c) (1146s)
[cells 27/28] mnist784_pca32 (50c) (1652s)
[cells 28/28] mnist784_pca32 (50c) (1658s)
wrote 448 rows to /Users/chunmaojiang/Dropbox/项目申请-开会-出国-z研究生-评审论文和项目/项目申请2026/ffcm-fuzzysetandsystem/experiments/results/t10/smoke/runtime/rt_cells16_L5_s00-01.csv in 1658s
