[cells 1/28] digits_pca16 (22s)
[cells 2/28] digits_pca16 (22s)
[cells 3/28] digits_pca32 (36s)
[cells 4/28] cluster_skew_hard (41s)
[cells 5/28] digits_pca32 (41s)
[cells 6/28] satimage (41s)
[cells 7/28] satimage (42s)
[cells 8/28] cluster_skew_hard (46s)
[cells 9/28] cluster_skew_overlap (47s)
[cells 10/28] cluster_skew_overlap (47s)
[cells 11/28] dirichlet_0.03 (47s)
[cells 12/28] dirichlet_0.03 (50s)
[cells 13/28] dirichlet_0.1 (51s)
[cells 14/28] dirichlet_0.1 (51s)
[cells 15/28] overlap_noise (51s)
[cells 16/28] wine (53s)
[cells 17/28] overlap_noise (55s)
[cells 18/28] quantity_skew_extreme (55s)
[cells 19/28] quantity_skew_extreme (55s)
[cells 20/28] wine (56s)
[cells 21/28] pendigits (66s)
[cells 22/28] pendigits (71s)
[cells 23/28] letter (197s)
[cells 24/28] letter (202s)
[cells 25/28] mnist784_pca32 (20c) (269s)
[cells 26/28] mnist784_pca32 (20c) (269s)
[cells 27/28] mnist784_pca32 (50c) (401s)
[cells 28/28] mnist784_pca32 (50c) (404s)
wrote 112 rows to /Users/chunmaojiang/Dropbox/项目申请-开会-出国-z研究生-评审论文和项目/项目申请2026/ffcm-fuzzysetandsystem/experiments/results/t10/smoke/runtime/rt_pp_L5_s00-01.csv in 405s
