[pedrycz 1/28] digits_pca16 (8s)
[pedrycz 2/28] digits_pca16 (8s)
[pedrycz 3/28] digits_pca32 (14s)
[pedrycz 4/28] cluster_skew_hard (16s)
[pedrycz 5/28] cluster_skew_hard (17s)
[pedrycz 6/28] cluster_skew_overlap (18s)
[pedrycz 7/28] digits_pca32 (18s)
[pedrycz 8/28] cluster_skew_overlap (19s)
[pedrycz 9/28] dirichlet_0.03 (20s)
[pedrycz 10/28] dirichlet_0.03 (21s)
[pedrycz 11/28] dirichlet_0.1 (21s)
[pedrycz 12/28] dirichlet_0.1 (22s)
[pedrycz 13/28] overlap_noise (23s)
[pedrycz 14/28] overlap_noise (23s)
[pedrycz 15/28] satimage (24s)
[pedrycz 16/28] satimage (24s)
[pedrycz 17/28] wine (24s)
[pedrycz 18/28] quantity_skew_extreme (24s)
[pedrycz 19/28] wine (25s)
[pedrycz 20/28] quantity_skew_extreme (25s)
[pedrycz 21/28] pendigits (27s)
[pedrycz 22/28] pendigits (34s)
[pedrycz 23/28] letter (96s)
[pedrycz 24/28] letter (96s)
[pedrycz 25/28] mnist784_pca32 (20c) (126s)
[pedrycz 26/28] mnist784_pca32 (20c) (126s)
[pedrycz 27/28] mnist784_pca32 (50c) (196s)
[pedrycz 28/28] mnist784_pca32 (50c) (197s)
wrote 28 rows to /Users/chunmaojiang/Dropbox/项目申请-开会-出国-z研究生-评审论文和项目/项目申请2026/ffcm-fuzzysetandsystem/experiments/results/t10/smoke/runtime/rt_pedrycz_L10_s00-01.csv in 197s
