[scffcm 1/24] cluster_skew_hard (7s)
[scffcm 2/24] cluster_skew_hard (7s)
[scffcm 3/24] cluster_skew_overlap (10s)
[scffcm 4/24] cluster_skew_overlap (10s)
[scffcm 5/24] digits_pca16 (10s)
[scffcm 6/24] digits_pca16 (11s)
[scffcm 7/24] digits_pca32 (12s)
[scffcm 8/24] dirichlet_0.03 (12s)
[scffcm 9/24] digits_pca32 (13s)
[scffcm 10/24] dirichlet_0.03 (13s)
[scffcm 11/24] dirichlet_0.1 (13s)
[scffcm 12/24] dirichlet_0.1 (13s)
[scffcm 13/24] wine (13s)
[scffcm 14/24] wine (14s)
[scffcm 15/24] overlap_noise (14s)
[scffcm 16/24] overlap_noise (14s)
[scffcm 17/24] quantity_skew_extreme (15s)
[scffcm 18/24] quantity_skew_extreme (15s)
[scffcm 19/24] satimage (21s)
[scffcm 20/24] satimage (22s)
[scffcm 21/24] pendigits (34s)
[scffcm 22/24] pendigits (34s)
[scffcm 23/24] letter (114s)
[scffcm 24/24] letter (114s)
wrote 24 rows to /Users/chunmaojiang/Dropbox/项目申请-开会-出国-z研究生-评审论文和项目/项目申请2026/ffcm-fuzzysetandsystem/experiments/results/t10/smoke/runtime/rt_scffcm_def_L50_s00-01.csv in 114s
