[scffcm 1/28] digits_pca16 (5s)
[scffcm 2/28] digits_pca16 (5s)
[scffcm 3/28] digits_pca32 (6s)
[scffcm 4/28] satimage (6s)
[scffcm 5/28] cluster_skew_hard (6s)
[scffcm 6/28] cluster_skew_hard (6s)
[scffcm 7/28] digits_pca32 (6s)
[scffcm 8/28] cluster_skew_overlap (6s)
[scffcm 9/28] cluster_skew_overlap (6s)
[scffcm 10/28] dirichlet_0.03 (6s)
[scffcm 11/28] dirichlet_0.1 (6s)
[scffcm 12/28] overlap_noise (6s)
[scffcm 13/28] dirichlet_0.03 (7s)
[scffcm 14/28] overlap_noise (7s)
[scffcm 15/28] satimage (7s)
[scffcm 16/28] wine (7s)
[scffcm 17/28] wine (7s)
[scffcm 18/28] dirichlet_0.1 (7s)
[scffcm 19/28] pendigits (7s)
[scffcm 20/28] quantity_skew_extreme (7s)
[scffcm 21/28] quantity_skew_extreme (7s)
[scffcm 22/28] pendigits (8s)
[scffcm 23/28] letter (20s)
[scffcm 24/28] letter (20s)
[scffcm 25/28] mnist784_pca32 (20c) (28s)
[scffcm 26/28] mnist784_pca32 (20c) (29s)
[scffcm 27/28] mnist784_pca32 (50c) (37s)
[scffcm 28/28] mnist784_pca32 (50c) (39s)
wrote 28 rows to /Users/chunmaojiang/Dropbox/项目申请-开会-出国-z研究生-评审论文和项目/项目申请2026/ffcm-fuzzysetandsystem/experiments/results/t10/smoke/runtime/rt_scffcm_L1_R250_s00-01.csv in 40s
