[cells 1/28] digits_pca16 (16s)
[cells 2/28] digits_pca16 (16s)
[cells 3/28] satimage (27s)
[cells 4/28] cluster_skew_hard (31s)
[cells 5/28] satimage (35s)
[cells 6/28] digits_pca32 (35s)
[cells 7/28] digits_pca32 (36s)
[cells 8/28] cluster_skew_hard (37s)
[cells 9/28] cluster_skew_overlap (40s)
[cells 10/28] cluster_skew_overlap (40s)
[cells 11/28] dirichlet_0.03 (41s)
[cells 12/28] dirichlet_0.03 (44s)
[cells 13/28] dirichlet_0.1 (47s)
[cells 14/28] dirichlet_0.1 (48s)
[cells 15/28] overlap_noise (48s)
[cells 16/28] overlap_noise (49s)
[cells 17/28] wine (50s)
[cells 18/28] wine (52s)
[cells 19/28] quantity_skew_extreme (52s)
[cells 20/28] pendigits (53s)
[cells 21/28] quantity_skew_extreme (53s)
[cells 22/28] pendigits (58s)
[cells 23/28] letter (205s)
[cells 24/28] letter (209s)
[cells 25/28] mnist784_pca32 (20c) (451s)
[cells 26/28] mnist784_pca32 (50c) (457s)
[cells 27/28] mnist784_pca32 (20c) (461s)
[cells 28/28] mnist784_pca32 (50c) (479s)
wrote 112 rows to /Users/chunmaojiang/Dropbox/项目申请-开会-出国-z研究生-评审论文和项目/项目申请2026/ffcm-fuzzysetandsystem/experiments/results/t10/smoke/runtime/rt_split_L5_s00-01.csv in 480s
