[cells 1/140] mnist784_pca32 (20c) (79s)
[cells 2/140] mnist784_pca32 (20c) (79s)
[cells 3/140] mnist784_pca32 (50c) (124s)
[cells 4/140] mnist784_pca32 (50c) (127s)
[cells 5/140] mnist784_pca32 (50c) (128s)
[cells 6/140] mnist784_pca32 (50c) (128s)
[cells 7/140] mnist784_pca32 (50c) (132s)
[cells 8/140] mnist784_pca32 (50c) (132s)
[cells 9/140] mnist784_pca32 (50c) (142s)
[cells 10/140] mnist784_pca32 (50c) (145s)
[cells 11/140] mnist784_pca32 (50c) (152s)
[cells 12/140] mnist784_pca32 (50c) (156s)
[cells 13/140] mnist784_pca32 (20c) (156s)
[cells 14/140] mnist784_pca32 (20c) (157s)
[cells 15/140] letter (195s)
[cells 16/140] letter (197s)
[cells 17/140] mnist784_pca32 (20c) (200s)
[cells 18/140] letter (203s)
[cells 19/140] mnist784_pca32 (20c) (204s)
[cells 20/140] mnist784_pca32 (20c) (204s)
[cells 21/140] mnist784_pca32 (20c) (204s)
[cells 22/140] mnist784_pca32 (20c) (207s)
[cells 23/140] letter (208s)
[cells 24/140] letter (208s)
[cells 25/140] mnist784_pca32 (20c) (208s)
[cells 26/140] satimage (211s)
[cells 27/140] satimage (211s)
[cells 28/140] letter (211s)
[cells 29/140] satimage (211s)
[cells 30/140] satimage (215s)
[cells 31/140] satimage (215s)
[cells 32/140] satimage (215s)
[cells 33/140] satimage (215s)
[cells 34/140] satimage (217s)
[cells 35/140] satimage (218s)
[cells 36/140] satimage (219s)
[cells 37/140] pendigits (223s)
[cells 38/140] pendigits (226s)
[cells 39/140] pendigits (227s)
[cells 40/140] pendigits (227s)
[cells 41/140] pendigits (228s)
[cells 42/140] pendigits (228s)
[cells 43/140] pendigits (228s)
[cells 44/140] digits_pca16 (230s)
[cells 45/140] digits_pca16 (230s)
[cells 46/140] digits_pca16 (231s)
[cells 47/140] pendigits (231s)
[cells 48/140] digits_pca16 (231s)
[cells 49/140] digits_pca16 (231s)
[cells 50/140] digits_pca16 (233s)
[cells 51/140] digits_pca16 (233s)
[cells 52/140] digits_pca16 (234s)
[cells 53/140] digits_pca16 (234s)
[cells 54/140] digits_pca16 (234s)
[cells 55/140] pendigits (234s)
[cells 56/140] digits_pca32 (235s)
[cells 57/140] pendigits (237s)
[cells 58/140] digits_pca32 (238s)
[cells 59/140] digits_pca32 (238s)
[cells 60/140] digits_pca32 (238s)
[cells 61/140] digits_pca32 (239s)
[cells 62/140] digits_pca32 (239s)
[cells 63/140] digits_pca32 (239s)
[cells 64/140] cluster_skew_hard (240s)
[cells 65/140] cluster_skew_hard (240s)
[cells 66/140] digits_pca32 (240s)
[cells 67/140] cluster_skew_hard (240s)
[cells 68/140] cluster_skew_hard (240s)
[cells 69/140] cluster_skew_hard (241s)
[cells 70/140] cluster_skew_hard (241s)
[cells 71/140] digits_pca32 (241s)
[cells 72/140] cluster_skew_hard (241s)
[cells 73/140] cluster_skew_hard (241s)
[cells 74/140] cluster_skew_hard (241s)
[cells 75/140] cluster_skew_overlap (242s)
[cells 76/140] cluster_skew_overlap (242s)
[cells 77/140] cluster_skew_hard (242s)
[cells 78/140] cluster_skew_overlap (242s)
[cells 79/140] cluster_skew_overlap (242s)
[cells 80/140] cluster_skew_overlap (242s)
[cells 81/140] cluster_skew_overlap (243s)
[cells 82/140] cluster_skew_overlap (243s)
[cells 83/140] cluster_skew_overlap (243s)
[cells 84/140] letter (243s)
[cells 85/140] digits_pca32 (243s)
[cells 86/140] cluster_skew_overlap (243s)
[cells 87/140] cluster_skew_overlap (243s)
[cells 88/140] dirichlet_0.03 (243s)
[cells 89/140] dirichlet_0.03 (243s)
[cells 90/140] dirichlet_0.03 (244s)
[cells 91/140] dirichlet_0.03 (244s)
[cells 92/140] dirichlet_0.03 (244s)
[cells 93/140] dirichlet_0.03 (244s)
[cells 94/140] dirichlet_0.03 (244s)
[cells 95/140] dirichlet_0.03 (244s)
[cells 96/140] dirichlet_0.03 (244s)
[cells 97/140] dirichlet_0.03 (244s)
[cells 98/140] dirichlet_0.1 (245s)
[cells 99/140] letter (245s)
[cells 100/140] dirichlet_0.1 (245s)
[cells 101/140] dirichlet_0.1 (245s)
[cells 102/140] dirichlet_0.1 (245s)
[cells 103/140] dirichlet_0.1 (245s)
[cells 104/140] dirichlet_0.1 (245s)
[cells 105/140] dirichlet_0.1 (246s)
[cells 106/140] dirichlet_0.1 (246s)
[cells 107/140] dirichlet_0.1 (246s)
[cells 108/140] dirichlet_0.1 (246s)
[cells 109/140] overlap_noise (246s)
[cells 110/140] overlap_noise (246s)
[cells 111/140] overlap_noise (246s)
[cells 112/140] overlap_noise (247s)
[cells 113/140] overlap_noise (247s)
[cells 114/140] overlap_noise (247s)
[cells 115/140] overlap_noise (247s)
[cells 116/140] overlap_noise (247s)
[cells 117/140] overlap_noise (247s)
[cells 118/140] overlap_noise (247s)
[cells 119/140] quantity_skew_extreme (247s)
[cells 120/140] quantity_skew_extreme (248s)
[cells 121/140] quantity_skew_extreme (248s)
[cells 122/140] wine (248s)
[cells 123/140] quantity_skew_extreme (248s)
[cells 124/140] letter (248s)
[cells 125/140] wine (248s)
[cells 126/140] quantity_skew_extreme (248s)
[cells 127/140] quantity_skew_extreme (248s)
[cells 128/140] quantity_skew_extreme (248s)
[cells 129/140] quantity_skew_extreme (248s)
[cells 130/140] quantity_skew_extreme (248s)
[cells 131/140] wine (248s)
[cells 132/140] quantity_skew_extreme (248s)
[cells 133/140] wine (249s)
[cells 134/140] wine (249s)
[cells 135/140] wine (249s)
[cells 136/140] wine (249s)
[cells 137/140] wine (249s)
[cells 138/140] wine (249s)
[cells 139/140] wine (249s)
[cells 140/140] letter (250s)
wrote 140 rows to /Users/chunmaojiang/Dropbox/项目申请-开会-出国-z研究生-评审论文和项目/项目申请2026/ffcm-fuzzysetandsystem/experiments/results/t10/posthoc/POSTHOC_gf_L5_noES_s20-29.csv in 250s
