[pedrycz 1/220] mnist784_pca32 (50c) (192s)
[pedrycz 2/220] mnist784_pca32 (50c) (195s)
[pedrycz 3/220] mnist784_pca32 (20c) (215s)
[pedrycz 4/220] mnist784_pca32 (50c) (217s)
[pedrycz 5/220] mnist784_pca32 (50c) (218s)
[pedrycz 6/220] mnist784_pca32 (50c) (221s)
[pedrycz 7/220] mnist784_pca32 (50c) (222s)
[pedrycz 8/220] mnist784_pca32 (20c) (223s)
[pedrycz 9/220] mnist784_pca32 (50c) (232s)
[pedrycz 10/220] mnist784_pca32 (50c) (232s)
[pedrycz 11/220] mnist784_pca32 (50c) (232s)
[pedrycz 12/220] mnist784_pca32 (50c) (234s)
[pedrycz 13/220] mnist784_pca32 (50c) (235s)
[pedrycz 14/220] mnist784_pca32 (50c) (240s)
[pedrycz 15/220] mnist784_pca32 (50c) (240s)
[pedrycz 16/220] mnist784_pca32 (20c) (245s)
[pedrycz 17/220] mnist784_pca32 (50c) (248s)
[pedrycz 18/220] mnist784_pca32 (50c) (248s)
[pedrycz 19/220] mnist784_pca32 (50c) (249s)
[pedrycz 20/220] mnist784_pca32 (50c) (251s)
[pedrycz 21/220] mnist784_pca32 (20c) (252s)
[pedrycz 22/220] mnist784_pca32 (50c) (253s)
[pedrycz 23/220] mnist784_pca32 (50c) (257s)
[pedrycz 24/220] mnist784_pca32 (50c) (257s)
[pedrycz 25/220] mnist784_pca32 (20c) (258s)
[pedrycz 26/220] mnist784_pca32 (20c) (264s)
[pedrycz 27/220] mnist784_pca32 (20c) (265s)
[pedrycz 28/220] mnist784_pca32 (20c) (277s)
[pedrycz 29/220] mnist784_pca32 (20c) (286s)
[pedrycz 30/220] letter (288s)
[pedrycz 31/220] letter (290s)
[pedrycz 32/220] letter (294s)
[pedrycz 33/220] letter (294s)
[pedrycz 34/220] letter (295s)
[pedrycz 35/220] letter (296s)
[pedrycz 36/220] satimage (296s)
[pedrycz 37/220] letter (296s)
[pedrycz 38/220] letter (297s)
[pedrycz 39/220] satimage (297s)
[pedrycz 40/220] letter (297s)
[pedrycz 41/220] letter (297s)
[pedrycz 42/220] letter (298s)
[pedrycz 43/220] satimage (298s)
[pedrycz 44/220] satimage (298s)
[pedrycz 45/220] satimage (299s)
[pedrycz 46/220] satimage (299s)
[pedrycz 47/220] letter (299s)
[pedrycz 48/220] satimage (300s)
[pedrycz 49/220] satimage (300s)
[pedrycz 50/220] satimage (300s)
[pedrycz 51/220] satimage (300s)
[pedrycz 52/220] satimage (301s)
[pedrycz 53/220] satimage (301s)
[pedrycz 54/220] satimage (301s)
[pedrycz 55/220] satimage (301s)
[pedrycz 56/220] letter (302s)
[pedrycz 57/220] satimage (302s)
[pedrycz 58/220] satimage (302s)
[pedrycz 59/220] satimage (302s)
[pedrycz 60/220] satimage (303s)
[pedrycz 61/220] satimage (303s)
[pedrycz 62/220] satimage (303s)
[pedrycz 63/220] letter (305s)
[pedrycz 64/220] pendigits (305s)
[pedrycz 65/220] pendigits (306s)
[pedrycz 66/220] pendigits (306s)
[pedrycz 67/220] pendigits (307s)
[pedrycz 68/220] pendigits (307s)
[pedrycz 69/220] pendigits (307s)
[pedrycz 70/220] pendigits (307s)
[pedrycz 71/220] pendigits (308s)
[pedrycz 72/220] pendigits (308s)
[pedrycz 73/220] letter (308s)
[pedrycz 74/220] pendigits (308s)
[pedrycz 75/220] pendigits (309s)
[pedrycz 76/220] pendigits (309s)
[pedrycz 77/220] digits_pca16 (309s)
[pedrycz 78/220] digits_pca16 (309s)
[pedrycz 79/220] digits_pca16 (309s)
[pedrycz 80/220] digits_pca16 (309s)
[pedrycz 81/220] digits_pca16 (310s)
[pedrycz 82/220] digits_pca16 (310s)
[pedrycz 83/220] pendigits (310s)
[pedrycz 84/220] digits_pca16 (310s)
[pedrycz 85/220] digits_pca16 (310s)
[pedrycz 86/220] digits_pca16 (310s)
[pedrycz 87/220] digits_pca16 (310s)
[pedrycz 88/220] pendigits (310s)
[pedrycz 89/220] pendigits (310s)
[pedrycz 90/220] digits_pca16 (311s)
[pedrycz 91/220] digits_pca16 (311s)
[pedrycz 92/220] digits_pca16 (311s)
[pedrycz 93/220] digits_pca16 (311s)
[pedrycz 94/220] letter (311s)
[pedrycz 95/220] pendigits (311s)
[pedrycz 96/220] pendigits (311s)
[pedrycz 97/220] digits_pca16 (311s)
[pedrycz 98/220] digits_pca16 (311s)
[pedrycz 99/220] digits_pca16 (311s)
[pedrycz 100/220] letter (312s)
[pedrycz 101/220] digits_pca16 (312s)
[pedrycz 102/220] digits_pca16 (312s)
[pedrycz 103/220] digits_pca32 (312s)
[pedrycz 104/220] digits_pca16 (312s)
[pedrycz 105/220] digits_pca32 (312s)
[pedrycz 106/220] pendigits (312s)
[pedrycz 107/220] digits_pca32 (312s)
[pedrycz 108/220] digits_pca32 (313s)
[pedrycz 109/220] digits_pca32 (313s)
[pedrycz 110/220] digits_pca32 (313s)
[pedrycz 111/220] digits_pca32 (313s)
[pedrycz 112/220] digits_pca32 (313s)
[pedrycz 113/220] digits_pca32 (313s)
[pedrycz 114/220] digits_pca32 (313s)
[pedrycz 115/220] digits_pca32 (313s)
[pedrycz 116/220] digits_pca32 (313s)
[pedrycz 117/220] pendigits (313s)
[pedrycz 118/220] pendigits (313s)
[pedrycz 119/220] cluster_skew_overlap (313s)
[pedrycz 120/220] cluster_skew_overlap (313s)
[pedrycz 121/220] digits_pca32 (313s)
[pedrycz 122/220] cluster_skew_overlap (313s)
[pedrycz 123/220] digits_pca32 (313s)
[pedrycz 124/220] cluster_skew_overlap (313s)
[pedrycz 125/220] digits_pca32 (313s)
[pedrycz 126/220] cluster_skew_overlap (313s)
[pedrycz 127/220] digits_pca32 (313s)
[pedrycz 128/220] letter (313s)
[pedrycz 129/220] cluster_skew_overlap (313s)
[pedrycz 130/220] digits_pca32 (313s)
[pedrycz 131/220] digits_pca32 (313s)
[pedrycz 132/220] cluster_skew_overlap (313s)
[pedrycz 133/220] cluster_skew_overlap (314s)
[pedrycz 134/220] cluster_skew_overlap (314s)
[pedrycz 135/220] cluster_skew_overlap (314s)
[pedrycz 136/220] cluster_skew_overlap (314s)
[pedrycz 137/220] cluster_skew_overlap (314s)
[pedrycz 138/220] cluster_skew_overlap (314s)
[pedrycz 139/220] cluster_skew_overlap (314s)
[pedrycz 140/220] cluster_skew_overlap (314s)
[pedrycz 141/220] cluster_skew_overlap (314s)
[pedrycz 142/220] overlap_noise (314s)
[pedrycz 143/220] cluster_skew_overlap (314s)
[pedrycz 144/220] overlap_noise (314s)
[pedrycz 145/220] cluster_skew_overlap (314s)
[pedrycz 146/220] digits_pca32 (314s)
[pedrycz 147/220] cluster_skew_overlap (314s)
[pedrycz 148/220] cluster_skew_overlap (314s)
[pedrycz 149/220] overlap_noise (314s)
[pedrycz 150/220] overlap_noise (314s)
[pedrycz 151/220] overlap_noise (314s)
[pedrycz 152/220] digits_pca32 (314s)
[pedrycz 153/220] overlap_noise (314s)
[pedrycz 154/220] overlap_noise (314s)
[pedrycz 155/220] overlap_noise (314s)
[pedrycz 156/220] overlap_noise (314s)
[pedrycz 157/220] overlap_noise (314s)
[pedrycz 158/220] overlap_noise (314s)
[pedrycz 159/220] overlap_noise (314s)
[pedrycz 160/220] overlap_noise (314s)
[pedrycz 161/220] overlap_noise (314s)
[pedrycz 162/220] overlap_noise (314s)
[pedrycz 163/220] quantity_skew_extreme (314s)
[pedrycz 164/220] overlap_noise (314s)
[pedrycz 165/220] overlap_noise (314s)
[pedrycz 166/220] overlap_noise (314s)
[pedrycz 167/220] quantity_skew_extreme (314s)
[pedrycz 168/220] quantity_skew_extreme (314s)
[pedrycz 169/220] quantity_skew_extreme (314s)
[pedrycz 170/220] overlap_noise (314s)
[pedrycz 171/220] overlap_noise (314s)
[pedrycz 172/220] quantity_skew_extreme (314s)
[pedrycz 173/220] quantity_skew_extreme (314s)
[pedrycz 174/220] quantity_skew_extreme (314s)
[pedrycz 175/220] quantity_skew_extreme (314s)
[pedrycz 176/220] quantity_skew_extreme (314s)
[pedrycz 177/220] mnist784_pca32 (20c) (314s)
[pedrycz 178/220] wine (314s)
[pedrycz 179/220] quantity_skew_extreme (314s)
[pedrycz 180/220] quantity_skew_extreme (314s)
[pedrycz 181/220] wine (314s)
[pedrycz 182/220] quantity_skew_extreme (314s)
[pedrycz 183/220] wine (314s)
[pedrycz 184/220] quantity_skew_extreme (314s)
[pedrycz 185/220] wine (314s)
[pedrycz 186/220] wine (314s)
[pedrycz 187/220] wine (314s)
[pedrycz 188/220] quantity_skew_extreme (314s)
[pedrycz 189/220] wine (314s)
[pedrycz 190/220] quantity_skew_extreme (314s)
[pedrycz 191/220] wine (314s)
[pedrycz 192/220] quantity_skew_extreme (314s)
[pedrycz 193/220] wine (314s)
[pedrycz 194/220] wine (314s)
[pedrycz 195/220] wine (314s)
[pedrycz 196/220] wine (314s)
[pedrycz 197/220] quantity_skew_extreme (314s)
[pedrycz 198/220] wine (314s)
[pedrycz 199/220] wine (314s)
[pedrycz 200/220] wine (314s)
[pedrycz 201/220] quantity_skew_extreme (314s)
[pedrycz 202/220] wine (314s)
[pedrycz 203/220] wine (314s)
[pedrycz 204/220] quantity_skew_extreme (314s)
[pedrycz 205/220] wine (314s)
[pedrycz 206/220] quantity_skew_extreme (314s)
[pedrycz 207/220] wine (314s)
[pedrycz 208/220] wine (314s)
[pedrycz 209/220] mnist784_pca32 (20c) (315s)
[pedrycz 210/220] letter (316s)
[pedrycz 211/220] letter (319s)
[pedrycz 212/220] mnist784_pca32 (20c) (323s)
[pedrycz 213/220] mnist784_pca32 (20c) (323s)
[pedrycz 214/220] mnist784_pca32 (20c) (324s)
[pedrycz 215/220] mnist784_pca32 (20c) (325s)
[pedrycz 216/220] mnist784_pca32 (20c) (326s)
[pedrycz 217/220] mnist784_pca32 (20c) (327s)
[pedrycz 218/220] mnist784_pca32 (20c) (327s)
[pedrycz 219/220] mnist784_pca32 (20c) (327s)
[pedrycz 220/220] mnist784_pca32 (20c) (329s)
wrote 280 rows to /home/jiang/ffcm_t10/experiments/results/t10/ee_pedrycz_L1_s00-19.csv in 329s
