[pedrycz 1/220] mnist784_pca32 (50c) (503s)
[pedrycz 2/220] mnist784_pca32 (50c) (510s)
[pedrycz 3/220] mnist784_pca32 (50c) (582s)
[pedrycz 4/220] mnist784_pca32 (50c) (697s)
[pedrycz 5/220] mnist784_pca32 (50c) (702s)
[pedrycz 6/220] mnist784_pca32 (50c) (711s)
[pedrycz 7/220] mnist784_pca32 (50c) (716s)
[pedrycz 8/220] mnist784_pca32 (20c) (756s)
[pedrycz 9/220] mnist784_pca32 (20c) (819s)
[pedrycz 10/220] mnist784_pca32 (50c) (823s)
[pedrycz 11/220] mnist784_pca32 (50c) (830s)
[pedrycz 12/220] mnist784_pca32 (50c) (838s)
[pedrycz 13/220] mnist784_pca32 (20c) (846s)
[pedrycz 14/220] mnist784_pca32 (50c) (852s)
[pedrycz 15/220] mnist784_pca32 (50c) (867s)
[pedrycz 16/220] mnist784_pca32 (50c) (870s)
[pedrycz 17/220] mnist784_pca32 (50c) (873s)
[pedrycz 18/220] mnist784_pca32 (20c) (876s)
[pedrycz 19/220] mnist784_pca32 (50c) (877s)
[pedrycz 20/220] mnist784_pca32 (20c) (944s)
[pedrycz 21/220] mnist784_pca32 (50c) (955s)
[pedrycz 22/220] mnist784_pca32 (50c) (958s)
[pedrycz 23/220] mnist784_pca32 (50c) (963s)
[pedrycz 24/220] mnist784_pca32 (50c) (964s)
[pedrycz 25/220] mnist784_pca32 (20c) (971s)
[pedrycz 26/220] mnist784_pca32 (50c) (992s)
[pedrycz 27/220] mnist784_pca32 (20c) (993s)
[pedrycz 28/220] mnist784_pca32 (20c) (1017s)
[pedrycz 29/220] letter (1027s)
[pedrycz 30/220] letter (1029s)
[pedrycz 31/220] letter (1125s)
[pedrycz 32/220] mnist784_pca32 (20c) (1126s)
[pedrycz 33/220] letter (1134s)
[pedrycz 34/220] letter (1138s)
[pedrycz 35/220] letter (1145s)
[pedrycz 36/220] satimage (1146s)
[pedrycz 37/220] satimage (1149s)
[pedrycz 38/220] satimage (1158s)
[pedrycz 39/220] satimage (1160s)
[pedrycz 40/220] satimage (1166s)
[pedrycz 41/220] letter (1168s)
[pedrycz 42/220] satimage (1169s)
[pedrycz 43/220] satimage (1169s)
[pedrycz 44/220] satimage (1174s)
[pedrycz 45/220] mnist784_pca32 (20c) (1175s)
[pedrycz 46/220] letter (1175s)
[pedrycz 47/220] satimage (1176s)
[pedrycz 48/220] satimage (1181s)
[pedrycz 49/220] letter (1181s)
[pedrycz 50/220] satimage (1182s)
[pedrycz 51/220] satimage (1182s)
[pedrycz 52/220] mnist784_pca32 (20c) (1184s)
[pedrycz 53/220] satimage (1185s)
[pedrycz 54/220] satimage (1187s)
[pedrycz 55/220] satimage (1188s)
[pedrycz 56/220] satimage (1189s)
[pedrycz 57/220] satimage (1189s)
[pedrycz 58/220] satimage (1191s)
[pedrycz 59/220] satimage (1191s)
[pedrycz 60/220] pendigits (1203s)
[pedrycz 61/220] satimage (1204s)
[pedrycz 62/220] pendigits (1204s)
[pedrycz 63/220] letter (1204s)
[pedrycz 64/220] pendigits (1214s)
[pedrycz 65/220] pendigits (1216s)
[pedrycz 66/220] pendigits (1217s)
[pedrycz 67/220] pendigits (1217s)
[pedrycz 68/220] pendigits (1221s)
[pedrycz 69/220] pendigits (1224s)
[pedrycz 70/220] pendigits (1224s)
[pedrycz 71/220] pendigits (1229s)
[pedrycz 72/220] pendigits (1230s)
[pedrycz 73/220] pendigits (1233s)
[pedrycz 74/220] digits_pca16 (1237s)
[pedrycz 75/220] digits_pca16 (1240s)
[pedrycz 76/220] pendigits (1243s)
[pedrycz 77/220] digits_pca16 (1244s)
[pedrycz 78/220] pendigits (1245s)
[pedrycz 79/220] digits_pca16 (1245s)
[pedrycz 80/220] pendigits (1246s)
[pedrycz 81/220] pendigits (1246s)
[pedrycz 82/220] pendigits (1248s)
[pedrycz 83/220] digits_pca16 (1248s)
[pedrycz 84/220] digits_pca16 (1248s)
[pedrycz 85/220] digits_pca16 (1249s)
[pedrycz 86/220] digits_pca16 (1249s)
[pedrycz 87/220] digits_pca16 (1249s)
[pedrycz 88/220] pendigits (1251s)
[pedrycz 89/220] digits_pca16 (1251s)
[pedrycz 90/220] digits_pca16 (1252s)
[pedrycz 91/220] digits_pca16 (1252s)
[pedrycz 92/220] digits_pca16 (1253s)
[pedrycz 93/220] digits_pca16 (1253s)
[pedrycz 94/220] digits_pca16 (1253s)
[pedrycz 95/220] digits_pca16 (1255s)
[pedrycz 96/220] digits_pca16 (1255s)
[pedrycz 97/220] pendigits (1255s)
[pedrycz 98/220] digits_pca16 (1255s)
[pedrycz 99/220] letter (1256s)
[pedrycz 100/220] pendigits (1256s)
[pedrycz 101/220] digits_pca16 (1256s)
[pedrycz 102/220] digits_pca16 (1257s)
[pedrycz 103/220] digits_pca32 (1258s)
[pedrycz 104/220] digits_pca32 (1259s)
[pedrycz 105/220] digits_pca32 (1260s)
[pedrycz 106/220] digits_pca32 (1260s)
[pedrycz 107/220] digits_pca32 (1261s)
[pedrycz 108/220] digits_pca32 (1261s)
[pedrycz 109/220] digits_pca32 (1261s)
[pedrycz 110/220] digits_pca32 (1262s)
[pedrycz 111/220] digits_pca32 (1262s)
[pedrycz 112/220] digits_pca32 (1263s)
[pedrycz 113/220] digits_pca32 (1263s)
[pedrycz 114/220] cluster_skew_overlap (1264s)
[pedrycz 115/220] digits_pca32 (1264s)
[pedrycz 116/220] digits_pca32 (1264s)
[pedrycz 117/220] cluster_skew_overlap (1264s)
[pedrycz 118/220] digits_pca32 (1265s)
[pedrycz 119/220] cluster_skew_overlap (1265s)
[pedrycz 120/220] cluster_skew_overlap (1265s)
[pedrycz 121/220] digits_pca32 (1266s)
[pedrycz 122/220] cluster_skew_overlap (1266s)
[pedrycz 123/220] cluster_skew_overlap (1266s)
[pedrycz 124/220] cluster_skew_overlap (1266s)
[pedrycz 125/220] cluster_skew_overlap (1266s)
[pedrycz 126/220] cluster_skew_overlap (1267s)
[pedrycz 127/220] cluster_skew_overlap (1267s)
[pedrycz 128/220] digits_pca32 (1267s)
[pedrycz 129/220] digits_pca32 (1267s)
[pedrycz 130/220] cluster_skew_overlap (1267s)
[pedrycz 131/220] digits_pca32 (1267s)
[pedrycz 132/220] cluster_skew_overlap (1267s)
[pedrycz 133/220] cluster_skew_overlap (1268s)
[pedrycz 134/220] digits_pca32 (1268s)
[pedrycz 135/220] cluster_skew_overlap (1268s)
[pedrycz 136/220] letter (1268s)
[pedrycz 137/220] digits_pca32 (1268s)
[pedrycz 138/220] cluster_skew_overlap (1268s)
[pedrycz 139/220] overlap_noise (1268s)
[pedrycz 140/220] cluster_skew_overlap (1268s)
[pedrycz 141/220] overlap_noise (1268s)
[pedrycz 142/220] letter (1269s)
[pedrycz 143/220] cluster_skew_overlap (1269s)
[pedrycz 144/220] overlap_noise (1269s)
[pedrycz 145/220] cluster_skew_overlap (1269s)
[pedrycz 146/220] cluster_skew_overlap (1269s)
[pedrycz 147/220] cluster_skew_overlap (1269s)
[pedrycz 148/220] overlap_noise (1269s)
[pedrycz 149/220] overlap_noise (1269s)
[pedrycz 150/220] overlap_noise (1269s)
[pedrycz 151/220] overlap_noise (1270s)
[pedrycz 152/220] overlap_noise (1270s)
[pedrycz 153/220] overlap_noise (1270s)
[pedrycz 154/220] overlap_noise (1270s)
[pedrycz 155/220] overlap_noise (1270s)
[pedrycz 156/220] overlap_noise (1270s)
[pedrycz 157/220] overlap_noise (1270s)
[pedrycz 158/220] overlap_noise (1270s)
[pedrycz 159/220] quantity_skew_extreme (1270s)
[pedrycz 160/220] overlap_noise (1271s)
[pedrycz 161/220] overlap_noise (1271s)
[pedrycz 162/220] overlap_noise (1271s)
[pedrycz 163/220] letter (1271s)
[pedrycz 164/220] quantity_skew_extreme (1271s)
[pedrycz 165/220] overlap_noise (1271s)
[pedrycz 166/220] overlap_noise (1271s)
[pedrycz 167/220] mnist784_pca32 (20c) (1271s)
[pedrycz 168/220] overlap_noise (1271s)
[pedrycz 169/220] quantity_skew_extreme (1271s)
[pedrycz 170/220] quantity_skew_extreme (1271s)
[pedrycz 171/220] quantity_skew_extreme (1271s)
[pedrycz 172/220] quantity_skew_extreme (1272s)
[pedrycz 173/220] quantity_skew_extreme (1272s)
[pedrycz 174/220] quantity_skew_extreme (1272s)
[pedrycz 175/220] letter (1272s)
[pedrycz 176/220] wine (1272s)
[pedrycz 177/220] quantity_skew_extreme (1272s)
[pedrycz 178/220] quantity_skew_extreme (1272s)
[pedrycz 179/220] quantity_skew_extreme (1272s)
[pedrycz 180/220] wine (1272s)
[pedrycz 181/220] quantity_skew_extreme (1272s)
[pedrycz 182/220] quantity_skew_extreme (1272s)
[pedrycz 183/220] quantity_skew_extreme (1272s)
[pedrycz 184/220] wine (1272s)
[pedrycz 185/220] wine (1272s)
[pedrycz 186/220] quantity_skew_extreme (1272s)
[pedrycz 187/220] letter (1272s)
[pedrycz 188/220] wine (1272s)
[pedrycz 189/220] wine (1272s)
[pedrycz 190/220] wine (1272s)
[pedrycz 191/220] wine (1273s)
[pedrycz 192/220] quantity_skew_extreme (1273s)
[pedrycz 193/220] wine (1273s)
[pedrycz 194/220] quantity_skew_extreme (1273s)
[pedrycz 195/220] wine (1273s)
[pedrycz 196/220] wine (1273s)
[pedrycz 197/220] quantity_skew_extreme (1273s)
[pedrycz 198/220] wine (1273s)
[pedrycz 199/220] wine (1273s)
[pedrycz 200/220] wine (1273s)
[pedrycz 201/220] wine (1273s)
[pedrycz 202/220] quantity_skew_extreme (1273s)
[pedrycz 203/220] wine (1273s)
[pedrycz 204/220] wine (1273s)
[pedrycz 205/220] wine (1273s)
[pedrycz 206/220] quantity_skew_extreme (1273s)
[pedrycz 207/220] wine (1273s)
[pedrycz 208/220] wine (1273s)
[pedrycz 209/220] mnist784_pca32 (20c) (1274s)
[pedrycz 210/220] letter (1275s)
[pedrycz 211/220] letter (1280s)
[pedrycz 212/220] letter (1288s)
[pedrycz 213/220] letter (1302s)
[pedrycz 214/220] mnist784_pca32 (20c) (1313s)
[pedrycz 215/220] mnist784_pca32 (20c) (1320s)
[pedrycz 216/220] mnist784_pca32 (20c) (1320s)
[pedrycz 217/220] mnist784_pca32 (20c) (1322s)
[pedrycz 218/220] mnist784_pca32 (20c) (1327s)
[pedrycz 219/220] mnist784_pca32 (20c) (1337s)
[pedrycz 220/220] mnist784_pca32 (20c) (1337s)
wrote 280 rows to /home/jiang/ffcm_t10/experiments/results/t10/ee_pedrycz_L10_s00-19.csv in 1338s
