[pedrycz 1/220] mnist784_pca32 (50c) (302s)
[pedrycz 2/220] mnist784_pca32 (50c) (336s)
[pedrycz 3/220] mnist784_pca32 (50c) (399s)
[pedrycz 4/220] mnist784_pca32 (50c) (427s)
[pedrycz 5/220] mnist784_pca32 (50c) (429s)
[pedrycz 6/220] mnist784_pca32 (50c) (430s)
[pedrycz 7/220] mnist784_pca32 (20c) (457s)
[pedrycz 8/220] mnist784_pca32 (50c) (476s)
[pedrycz 9/220] mnist784_pca32 (50c) (478s)
[pedrycz 10/220] mnist784_pca32 (20c) (483s)
[pedrycz 11/220] mnist784_pca32 (50c) (488s)
[pedrycz 12/220] mnist784_pca32 (50c) (492s)
[pedrycz 13/220] mnist784_pca32 (50c) (501s)
[pedrycz 14/220] mnist784_pca32 (50c) (503s)
[pedrycz 15/220] mnist784_pca32 (50c) (516s)
[pedrycz 16/220] mnist784_pca32 (50c) (520s)
[pedrycz 17/220] mnist784_pca32 (50c) (522s)
[pedrycz 18/220] mnist784_pca32 (50c) (531s)
[pedrycz 19/220] mnist784_pca32 (20c) (531s)
[pedrycz 20/220] mnist784_pca32 (50c) (532s)
[pedrycz 21/220] mnist784_pca32 (50c) (534s)
[pedrycz 22/220] mnist784_pca32 (50c) (538s)
[pedrycz 23/220] mnist784_pca32 (20c) (539s)
[pedrycz 24/220] mnist784_pca32 (50c) (544s)
[pedrycz 25/220] mnist784_pca32 (20c) (545s)
[pedrycz 26/220] mnist784_pca32 (20c) (546s)
[pedrycz 27/220] mnist784_pca32 (20c) (583s)
[pedrycz 28/220] mnist784_pca32 (20c) (593s)
[pedrycz 29/220] letter (617s)
[pedrycz 30/220] letter (619s)
[pedrycz 31/220] letter (632s)
[pedrycz 32/220] letter (633s)
[pedrycz 33/220] mnist784_pca32 (20c) (647s)
[pedrycz 34/220] satimage (651s)
[pedrycz 35/220] satimage (654s)
[pedrycz 36/220] satimage (658s)
[pedrycz 37/220] satimage (661s)
[pedrycz 38/220] satimage (664s)
[pedrycz 39/220] satimage (668s)
[pedrycz 40/220] mnist784_pca32 (20c) (669s)
[pedrycz 41/220] satimage (671s)
[pedrycz 42/220] letter (672s)
[pedrycz 43/220] satimage (675s)
[pedrycz 44/220] letter (677s)
[pedrycz 45/220] satimage (678s)
[pedrycz 46/220] letter (678s)
[pedrycz 47/220] satimage (678s)
[pedrycz 48/220] satimage (679s)
[pedrycz 49/220] letter (679s)
[pedrycz 50/220] letter (682s)
[pedrycz 51/220] satimage (683s)
[pedrycz 52/220] satimage (683s)
[pedrycz 53/220] satimage (684s)
[pedrycz 54/220] satimage (686s)
[pedrycz 55/220] letter (686s)
[pedrycz 56/220] satimage (687s)
[pedrycz 57/220] satimage (689s)
[pedrycz 58/220] satimage (690s)
[pedrycz 59/220] satimage (690s)
[pedrycz 60/220] satimage (691s)
[pedrycz 61/220] letter (692s)
[pedrycz 62/220] pendigits (692s)
[pedrycz 63/220] pendigits (693s)
[pedrycz 64/220] letter (694s)
[pedrycz 65/220] letter (698s)
[pedrycz 66/220] pendigits (699s)
[pedrycz 67/220] letter (700s)
[pedrycz 68/220] letter (700s)
[pedrycz 69/220] pendigits (700s)
[pedrycz 70/220] pendigits (701s)
[pedrycz 71/220] mnist784_pca32 (20c) (701s)
[pedrycz 72/220] letter (705s)
[pedrycz 73/220] pendigits (706s)
[pedrycz 74/220] pendigits (706s)
[pedrycz 75/220] digits_pca16 (707s)
[pedrycz 76/220] pendigits (708s)
[pedrycz 77/220] pendigits (708s)
[pedrycz 78/220] digits_pca16 (708s)
[pedrycz 79/220] pendigits (708s)
[pedrycz 80/220] digits_pca16 (709s)
[pedrycz 81/220] digits_pca16 (709s)
[pedrycz 82/220] digits_pca16 (710s)
[pedrycz 83/220] pendigits (710s)
[pedrycz 84/220] pendigits (710s)
[pedrycz 85/220] letter (710s)
[pedrycz 86/220] digits_pca16 (710s)
[pedrycz 87/220] pendigits (711s)
[pedrycz 88/220] digits_pca16 (711s)
[pedrycz 89/220] pendigits (711s)
[pedrycz 90/220] digits_pca16 (711s)
[pedrycz 91/220] digits_pca16 (711s)
[pedrycz 92/220] digits_pca16 (711s)
[pedrycz 93/220] digits_pca16 (712s)
[pedrycz 94/220] digits_pca16 (712s)
[pedrycz 95/220] digits_pca16 (712s)
[pedrycz 96/220] pendigits (712s)
[pedrycz 97/220] digits_pca16 (713s)
[pedrycz 98/220] pendigits (713s)
[pedrycz 99/220] digits_pca16 (713s)
[pedrycz 100/220] digits_pca16 (713s)
[pedrycz 101/220] digits_pca16 (713s)
[pedrycz 102/220] digits_pca16 (713s)
[pedrycz 103/220] digits_pca16 (714s)
[pedrycz 104/220] pendigits (714s)
[pedrycz 105/220] digits_pca16 (714s)
[pedrycz 106/220] digits_pca32 (714s)
[pedrycz 107/220] digits_pca32 (714s)
[pedrycz 108/220] digits_pca32 (715s)
[pedrycz 109/220] digits_pca32 (715s)
[pedrycz 110/220] digits_pca32 (716s)
[pedrycz 111/220] digits_pca32 (716s)
[pedrycz 112/220] digits_pca32 (716s)
[pedrycz 113/220] digits_pca32 (716s)
[pedrycz 114/220] digits_pca32 (716s)
[pedrycz 115/220] digits_pca32 (716s)
[pedrycz 116/220] digits_pca32 (717s)
[pedrycz 117/220] digits_pca32 (717s)
[pedrycz 118/220] cluster_skew_overlap (717s)
[pedrycz 119/220] digits_pca32 (717s)
[pedrycz 120/220] digits_pca32 (717s)
[pedrycz 121/220] cluster_skew_overlap (717s)
[pedrycz 122/220] cluster_skew_overlap (717s)
[pedrycz 123/220] cluster_skew_overlap (717s)
[pedrycz 124/220] pendigits (717s)
[pedrycz 125/220] cluster_skew_overlap (717s)
[pedrycz 126/220] cluster_skew_overlap (717s)
[pedrycz 127/220] cluster_skew_overlap (717s)
[pedrycz 128/220] digits_pca32 (717s)
[pedrycz 129/220] cluster_skew_overlap (717s)
[pedrycz 130/220] cluster_skew_overlap (717s)
[pedrycz 131/220] cluster_skew_overlap (717s)
[pedrycz 132/220] digits_pca32 (717s)
[pedrycz 133/220] cluster_skew_overlap (718s)
[pedrycz 134/220] digits_pca32 (718s)
[pedrycz 135/220] pendigits (718s)
[pedrycz 136/220] cluster_skew_overlap (718s)
[pedrycz 137/220] digits_pca32 (718s)
[pedrycz 138/220] cluster_skew_overlap (718s)
[pedrycz 139/220] cluster_skew_overlap (718s)
[pedrycz 140/220] cluster_skew_overlap (718s)
[pedrycz 141/220] cluster_skew_overlap (718s)
[pedrycz 142/220] digits_pca32 (718s)
[pedrycz 143/220] cluster_skew_overlap (718s)
[pedrycz 144/220] cluster_skew_overlap (718s)
[pedrycz 145/220] digits_pca32 (718s)
[pedrycz 146/220] cluster_skew_overlap (718s)
[pedrycz 147/220] overlap_noise (718s)
[pedrycz 148/220] overlap_noise (718s)
[pedrycz 149/220] cluster_skew_overlap (718s)
[pedrycz 150/220] overlap_noise (718s)
[pedrycz 151/220] overlap_noise (718s)
[pedrycz 152/220] overlap_noise (718s)
[pedrycz 153/220] overlap_noise (718s)
[pedrycz 154/220] overlap_noise (718s)
[pedrycz 155/220] overlap_noise (719s)
[pedrycz 156/220] overlap_noise (719s)
[pedrycz 157/220] overlap_noise (719s)
[pedrycz 158/220] overlap_noise (719s)
[pedrycz 159/220] overlap_noise (719s)
[pedrycz 160/220] overlap_noise (719s)
[pedrycz 161/220] overlap_noise (719s)
[pedrycz 162/220] overlap_noise (719s)
[pedrycz 163/220] overlap_noise (719s)
[pedrycz 164/220] overlap_noise (719s)
[pedrycz 165/220] overlap_noise (719s)
[pedrycz 166/220] quantity_skew_extreme (719s)
[pedrycz 167/220] overlap_noise (719s)
[pedrycz 168/220] overlap_noise (719s)
[pedrycz 169/220] pendigits (719s)
[pedrycz 170/220] quantity_skew_extreme (719s)
[pedrycz 171/220] quantity_skew_extreme (719s)
[pedrycz 172/220] quantity_skew_extreme (719s)
[pedrycz 173/220] quantity_skew_extreme (719s)
[pedrycz 174/220] quantity_skew_extreme (719s)
[pedrycz 175/220] quantity_skew_extreme (719s)
[pedrycz 176/220] quantity_skew_extreme (719s)
[pedrycz 177/220] wine (719s)
[pedrycz 178/220] quantity_skew_extreme (719s)
[pedrycz 179/220] quantity_skew_extreme (720s)
[pedrycz 180/220] quantity_skew_extreme (720s)
[pedrycz 181/220] wine (720s)
[pedrycz 182/220] wine (720s)
[pedrycz 183/220] wine (720s)
[pedrycz 184/220] wine (720s)
[pedrycz 185/220] quantity_skew_extreme (720s)
[pedrycz 186/220] quantity_skew_extreme (720s)
[pedrycz 187/220] quantity_skew_extreme (720s)
[pedrycz 188/220] quantity_skew_extreme (720s)
[pedrycz 189/220] quantity_skew_extreme (720s)
[pedrycz 190/220] quantity_skew_extreme (720s)
[pedrycz 191/220] wine (720s)
[pedrycz 192/220] mnist784_pca32 (20c) (720s)
[pedrycz 193/220] wine (720s)
[pedrycz 194/220] quantity_skew_extreme (720s)
[pedrycz 195/220] wine (720s)
[pedrycz 196/220] wine (720s)
[pedrycz 197/220] wine (720s)
[pedrycz 198/220] wine (720s)
[pedrycz 199/220] wine (720s)
[pedrycz 200/220] wine (720s)
[pedrycz 201/220] wine (720s)
[pedrycz 202/220] wine (720s)
[pedrycz 203/220] wine (720s)
[pedrycz 204/220] quantity_skew_extreme (720s)
[pedrycz 205/220] wine (720s)
[pedrycz 206/220] wine (720s)
[pedrycz 207/220] wine (720s)
[pedrycz 208/220] quantity_skew_extreme (720s)
[pedrycz 209/220] wine (720s)
[pedrycz 210/220] letter (728s)
[pedrycz 211/220] letter (729s)
[pedrycz 212/220] letter (733s)
[pedrycz 213/220] mnist784_pca32 (20c) (749s)
[pedrycz 214/220] mnist784_pca32 (20c) (757s)
[pedrycz 215/220] mnist784_pca32 (20c) (757s)
[pedrycz 216/220] mnist784_pca32 (20c) (758s)
[pedrycz 217/220] mnist784_pca32 (20c) (758s)
[pedrycz 218/220] mnist784_pca32 (20c) (760s)
[pedrycz 219/220] mnist784_pca32 (20c) (763s)
[pedrycz 220/220] mnist784_pca32 (20c) (763s)
wrote 280 rows to /home/jiang/ffcm_t10/experiments/results/t10/ee_pedrycz_L5_s00-19.csv in 764s
