[Jc 1/14] cluster_skew_hard (1s)
[Jc 2/14] cluster_skew_overlap (1s)
[Jc 3/14] dirichlet_0.03 (1s)
[Jc 4/14] dirichlet_0.1 (1s)
[Jc 5/14] wine (1s)
[Jc 6/14] quantity_skew_extreme (2s)
[Jc 7/14] overlap_noise (2s)
[Jc 8/14] digits_pca16 (2s)
[Jc 9/14] satimage (3s)
[Jc 10/14] digits_pca32 (3s)
[Jc 11/14] pendigits (3s)
[Jc 12/14] letter (43s)
[Jc 13/14] mnist784_pca32 (20c) (83s)
[Jc 14/14] mnist784_pca32 (50c) (92s)
[pedrycz-grid 1/140] letter (208s)
[pedrycz-grid 2/140] letter (220s)
[pedrycz-grid 3/140] letter (230s)
[pedrycz-grid 4/140] satimage (240s)
[pedrycz-grid 5/140] letter (250s)
[pedrycz-grid 6/140] satimage (251s)
[pedrycz-grid 7/140] letter (255s)
[pedrycz-grid 8/140] letter (255s)
[pedrycz-grid 9/140] satimage (256s)
[pedrycz-grid 10/140] letter (259s)
[pedrycz-grid 11/140] letter (260s)
[pedrycz-grid 12/140] satimage (261s)
[pedrycz-grid 13/140] satimage (261s)
[pedrycz-grid 14/140] satimage (261s)
[pedrycz-grid 15/140] satimage (262s)
[pedrycz-grid 16/140] satimage (265s)
[pedrycz-grid 17/140] satimage (265s)
[pedrycz-grid 18/140] satimage (266s)
[pedrycz-grid 19/140] pendigits (278s)
[pedrycz-grid 20/140] pendigits (280s)
[pedrycz-grid 21/140] pendigits (282s)
[pedrycz-grid 22/140] pendigits (282s)
[pedrycz-grid 23/140] pendigits (283s)
[pedrycz-grid 24/140] pendigits (284s)
[pedrycz-grid 25/140] digits_pca16 (285s)
[pedrycz-grid 26/140] digits_pca16 (287s)
[pedrycz-grid 27/140] digits_pca16 (287s)
[pedrycz-grid 28/140] mnist784_pca32 (50c) (288s)
[pedrycz-grid 29/140] digits_pca16 (289s)
[pedrycz-grid 30/140] digits_pca16 (289s)
[pedrycz-grid 31/140] digits_pca16 (291s)
[pedrycz-grid 32/140] digits_pca16 (291s)
[pedrycz-grid 33/140] digits_pca16 (291s)
[pedrycz-grid 34/140] pendigits (293s)
[pedrycz-grid 35/140] digits_pca16 (293s)
[pedrycz-grid 36/140] digits_pca16 (293s)
[pedrycz-grid 37/140] pendigits (294s)
[pedrycz-grid 38/140] digits_pca32 (294s)
[pedrycz-grid 39/140] pendigits (295s)
[pedrycz-grid 40/140] digits_pca32 (296s)
[pedrycz-grid 41/140] digits_pca32 (296s)
[pedrycz-grid 42/140] digits_pca32 (297s)
[pedrycz-grid 43/140] digits_pca32 (297s)
[pedrycz-grid 44/140] pendigits (297s)
[pedrycz-grid 45/140] digits_pca32 (297s)
[pedrycz-grid 46/140] cluster_skew_hard (297s)
[pedrycz-grid 47/140] cluster_skew_hard (298s)
[pedrycz-grid 48/140] cluster_skew_hard (298s)
[pedrycz-grid 49/140] cluster_skew_hard (298s)
[pedrycz-grid 50/140] cluster_skew_hard (298s)
[pedrycz-grid 51/140] digits_pca32 (298s)
[pedrycz-grid 52/140] digits_pca32 (298s)
[pedrycz-grid 53/140] cluster_skew_hard (299s)
[pedrycz-grid 54/140] cluster_skew_hard (299s)
[pedrycz-grid 55/140] digits_pca32 (299s)
[pedrycz-grid 56/140] cluster_skew_hard (299s)
[pedrycz-grid 57/140] cluster_skew_overlap (299s)
[pedrycz-grid 58/140] digits_pca32 (299s)
[pedrycz-grid 59/140] cluster_skew_hard (299s)
[pedrycz-grid 60/140] cluster_skew_hard (299s)
[pedrycz-grid 61/140] cluster_skew_overlap (299s)
[pedrycz-grid 62/140] cluster_skew_overlap (300s)
[pedrycz-grid 63/140] cluster_skew_overlap (300s)
[pedrycz-grid 64/140] cluster_skew_overlap (300s)
[pedrycz-grid 65/140] cluster_skew_overlap (300s)
[pedrycz-grid 66/140] cluster_skew_overlap (300s)
[pedrycz-grid 67/140] cluster_skew_overlap (300s)
[pedrycz-grid 68/140] cluster_skew_overlap (300s)
[pedrycz-grid 69/140] cluster_skew_overlap (300s)
[pedrycz-grid 70/140] dirichlet_0.03 (300s)
[pedrycz-grid 71/140] dirichlet_0.03 (301s)
[pedrycz-grid 72/140] dirichlet_0.03 (301s)
[pedrycz-grid 73/140] dirichlet_0.03 (301s)
[pedrycz-grid 74/140] dirichlet_0.03 (301s)
[pedrycz-grid 75/140] dirichlet_0.03 (301s)
[pedrycz-grid 76/140] dirichlet_0.03 (301s)
[pedrycz-grid 77/140] dirichlet_0.03 (301s)
[pedrycz-grid 78/140] dirichlet_0.1 (301s)
[pedrycz-grid 79/140] dirichlet_0.03 (301s)
[pedrycz-grid 80/140] dirichlet_0.03 (301s)
[pedrycz-grid 81/140] dirichlet_0.1 (302s)
[pedrycz-grid 82/140] dirichlet_0.1 (302s)
[pedrycz-grid 83/140] dirichlet_0.1 (302s)
[pedrycz-grid 84/140] dirichlet_0.1 (302s)
[pedrycz-grid 85/140] dirichlet_0.1 (302s)
[pedrycz-grid 86/140] dirichlet_0.1 (302s)
[pedrycz-grid 87/140] dirichlet_0.1 (302s)
[pedrycz-grid 88/140] dirichlet_0.1 (302s)
[pedrycz-grid 89/140] dirichlet_0.1 (302s)
[pedrycz-grid 90/140] overlap_noise (302s)
[pedrycz-grid 91/140] overlap_noise (302s)
[pedrycz-grid 92/140] overlap_noise (303s)
[pedrycz-grid 93/140] overlap_noise (303s)
[pedrycz-grid 94/140] overlap_noise (303s)
[pedrycz-grid 95/140] overlap_noise (303s)
[pedrycz-grid 96/140] quantity_skew_extreme (303s)
[pedrycz-grid 97/140] overlap_noise (303s)
[pedrycz-grid 98/140] overlap_noise (303s)
[pedrycz-grid 99/140] overlap_noise (303s)
[pedrycz-grid 100/140] overlap_noise (303s)
[pedrycz-grid 101/140] quantity_skew_extreme (303s)
[pedrycz-grid 102/140] quantity_skew_extreme (303s)
[pedrycz-grid 103/140] quantity_skew_extreme (304s)
[pedrycz-grid 104/140] quantity_skew_extreme (304s)
[pedrycz-grid 105/140] quantity_skew_extreme (304s)
[pedrycz-grid 106/140] quantity_skew_extreme (304s)
[pedrycz-grid 107/140] wine (304s)
[pedrycz-grid 108/140] quantity_skew_extreme (304s)
[pedrycz-grid 109/140] wine (304s)
[pedrycz-grid 110/140] wine (304s)
[pedrycz-grid 111/140] quantity_skew_extreme (304s)
[pedrycz-grid 112/140] wine (304s)
[pedrycz-grid 113/140] wine (304s)
[pedrycz-grid 114/140] quantity_skew_extreme (304s)
[pedrycz-grid 115/140] wine (304s)
[pedrycz-grid 116/140] wine (304s)
[pedrycz-grid 117/140] wine (304s)
[pedrycz-grid 118/140] wine (304s)
[pedrycz-grid 119/140] wine (304s)
[pedrycz-grid 120/140] mnist784_pca32 (50c) (307s)
[pedrycz-grid 121/140] mnist784_pca32 (20c) (312s)
[pedrycz-grid 122/140] mnist784_pca32 (20c) (317s)
[pedrycz-grid 123/140] letter (318s)
[pedrycz-grid 124/140] letter (325s)
[pedrycz-grid 125/140] mnist784_pca32 (50c) (349s)
[pedrycz-grid 126/140] mnist784_pca32 (50c) (355s)
[pedrycz-grid 127/140] mnist784_pca32 (50c) (358s)
[pedrycz-grid 128/140] mnist784_pca32 (20c) (361s)
[pedrycz-grid 129/140] mnist784_pca32 (20c) (364s)
[pedrycz-grid 130/140] mnist784_pca32 (50c) (364s)
[pedrycz-grid 131/140] mnist784_pca32 (20c) (368s)
[pedrycz-grid 132/140] mnist784_pca32 (50c) (369s)
[pedrycz-grid 133/140] mnist784_pca32 (50c) (376s)
[pedrycz-grid 134/140] mnist784_pca32 (50c) (377s)
[pedrycz-grid 135/140] mnist784_pca32 (50c) (378s)
[pedrycz-grid 136/140] mnist784_pca32 (20c) (379s)
[pedrycz-grid 137/140] mnist784_pca32 (20c) (379s)
[pedrycz-grid 138/140] mnist784_pca32 (20c) (381s)
[pedrycz-grid 139/140] mnist784_pca32 (20c) (385s)
[pedrycz-grid 140/140] mnist784_pca32 (20c) (386s)
wrote /home/jiang/ffcm_t10/experiments/results/t10/ee_pedrycz_cal_L5.csv and /home/jiang/ffcm_t10/experiments/results/t10/ee_pedrycz_cal_L5_grid.csv in 478s
{'dataset': 'cluster_skew_hard', 'L': 5, 'rounds': 50, 'm': 2.0, 'alpha': '', 'rel_obj_gap': '', 'n_stable': 0, 'n_grid': 10, 'edge_alpha': None, 'on_edge': ''}
{'dataset': 'cluster_skew_overlap', 'L': 5, 'rounds': 50, 'm': 2.0, 'alpha': 0.05, 'rel_obj_gap': 0.2628280903134681, 'n_stable': 8, 'n_grid': 10, 'edge_alpha': 'interior', 'on_edge': 0}
{'dataset': 'dirichlet_0.03', 'L': 5, 'rounds': 50, 'm': 2.0, 'alpha': '', 'rel_obj_gap': '', 'n_stable': 0, 'n_grid': 10, 'edge_alpha': None, 'on_edge': ''}
{'dataset': 'dirichlet_0.1', 'L': 5, 'rounds': 50, 'm': 2.0, 'alpha': '', 'rel_obj_gap': '', 'n_stable': 0, 'n_grid': 10, 'edge_alpha': None, 'on_edge': ''}
{'dataset': 'overlap_noise', 'L': 5, 'rounds': 50, 'm': 2.0, 'alpha': 0.01, 'rel_obj_gap': 0.1578893697634745, 'n_stable': 8, 'n_grid': 10, 'edge_alpha': 'interior', 'on_edge': 0}
{'dataset': 'quantity_skew_extreme', 'L': 5, 'rounds': 50, 'm': 2.0, 'alpha': 0.0005, 'rel_obj_gap': 2.9298661897997316, 'n_stable': 2, 'n_grid': 10, 'edge_alpha': 'low', 'on_edge': 1}
{'dataset': 'wine', 'L': 5, 'rounds': 50, 'm': 2.0, 'alpha': 0.05, 'rel_obj_gap': 0.04862800174208836, 'n_stable': 9, 'n_grid': 10, 'edge_alpha': 'interior', 'on_edge': 0}
{'dataset': 'satimage', 'L': 5, 'rounds': 50, 'm': 2.0, 'alpha': 0.005, 'rel_obj_gap': 0.2659674042113166, 'n_stable': 5, 'n_grid': 10, 'edge_alpha': 'interior', 'on_edge': 0}
{'dataset': 'pendigits', 'L': 5, 'rounds': 50, 'm': 1.5, 'alpha': 0.0005, 'rel_obj_gap': 0.25585484440644135, 'n_stable': 3, 'n_grid': 10, 'edge_alpha': 'low', 'on_edge': 1}
{'dataset': 'digits_pca16', 'L': 5, 'rounds': 50, 'm': 1.3, 'alpha': 0.01, 'rel_obj_gap': 0.0631006658560491, 'n_stable': 6, 'n_grid': 10, 'edge_alpha': 'interior', 'on_edge': 0}
{'dataset': 'digits_pca32', 'L': 5, 'rounds': 50, 'm': 1.1, 'alpha': 0.002, 'rel_obj_gap': 0.04895277260288074, 'n_stable': 6, 'n_grid': 10, 'edge_alpha': 'interior', 'on_edge': 0}
{'dataset': 'letter', 'L': 5, 'rounds': 50, 'm': 1.3, 'alpha': 0.005, 'rel_obj_gap': 0.05923462322638884, 'n_stable': 5, 'n_grid': 10, 'edge_alpha': 'interior', 'on_edge': 0}
{'dataset': 'mnist784_pca32 (20c)', 'L': 5, 'rounds': 50, 'm': 1.1, 'alpha': 0.001, 'rel_obj_gap': 0.029182917075222393, 'n_stable': 3, 'n_grid': 10, 'edge_alpha': 'interior', 'on_edge': 0}
{'dataset': 'mnist784_pca32 (50c)', 'L': 5, 'rounds': 50, 'm': 1.1, 'alpha': 0.0005, 'rel_obj_gap': 0.023058631385743, 'n_stable': 4, 'n_grid': 10, 'edge_alpha': 'low', 'on_edge': 1}
