[Jc 1/14] cluster_skew_hard (2s)
[Jc 2/14] cluster_skew_overlap (2s)
[Jc 3/14] dirichlet_0.03 (2s)
[Jc 4/14] dirichlet_0.1 (2s)
[Jc 5/14] wine (2s)
[Jc 6/14] quantity_skew_extreme (2s)
[Jc 7/14] overlap_noise (2s)
[Jc 8/14] digits_pca16 (2s)
[Jc 9/14] satimage (3s)
[Jc 10/14] digits_pca32 (3s)
[Jc 11/14] pendigits (4s)
[Jc 12/14] letter (43s)
[Jc 13/14] mnist784_pca32 (20c) (90s)
[Jc 14/14] mnist784_pca32 (50c) (91s)
[pedrycz-grid 1/140] letter (244s)
[pedrycz-grid 2/140] letter (343s)
[pedrycz-grid 3/140] letter (366s)
[pedrycz-grid 4/140] mnist784_pca32 (50c) (370s)
[pedrycz-grid 5/140] satimage (377s)
[pedrycz-grid 6/140] satimage (383s)
[pedrycz-grid 7/140] satimage (387s)
[pedrycz-grid 8/140] satimage (388s)
[pedrycz-grid 9/140] satimage (394s)
[pedrycz-grid 10/140] letter (395s)
[pedrycz-grid 11/140] satimage (401s)
[pedrycz-grid 12/140] satimage (404s)
[pedrycz-grid 13/140] satimage (407s)
[pedrycz-grid 14/140] satimage (410s)
[pedrycz-grid 15/140] letter (415s)
[pedrycz-grid 16/140] letter (420s)
[pedrycz-grid 17/140] pendigits (420s)
[pedrycz-grid 18/140] satimage (420s)
[pedrycz-grid 19/140] letter (422s)
[pedrycz-grid 20/140] letter (422s)
[pedrycz-grid 21/140] letter (425s)
[pedrycz-grid 22/140] pendigits (433s)
[pedrycz-grid 23/140] pendigits (437s)
[pedrycz-grid 24/140] digits_pca16 (440s)
[pedrycz-grid 25/140] digits_pca16 (442s)
[pedrycz-grid 26/140] digits_pca16 (444s)
[pedrycz-grid 27/140] digits_pca16 (447s)
[pedrycz-grid 28/140] pendigits (447s)
[pedrycz-grid 29/140] digits_pca16 (449s)
[pedrycz-grid 30/140] digits_pca16 (449s)
[pedrycz-grid 31/140] digits_pca16 (451s)
[pedrycz-grid 32/140] digits_pca16 (451s)
[pedrycz-grid 33/140] pendigits (452s)
[pedrycz-grid 34/140] pendigits (452s)
[pedrycz-grid 35/140] pendigits (454s)
[pedrycz-grid 36/140] digits_pca16 (454s)
[pedrycz-grid 37/140] pendigits (455s)
[pedrycz-grid 38/140] digits_pca16 (455s)
[pedrycz-grid 39/140] pendigits (456s)
[pedrycz-grid 40/140] pendigits (456s)
[pedrycz-grid 41/140] digits_pca32 (457s)
[pedrycz-grid 42/140] digits_pca32 (458s)
[pedrycz-grid 43/140] digits_pca32 (458s)
[pedrycz-grid 44/140] digits_pca32 (459s)
[pedrycz-grid 45/140] digits_pca32 (459s)
[pedrycz-grid 46/140] cluster_skew_hard (459s)
[pedrycz-grid 47/140] cluster_skew_hard (460s)
[pedrycz-grid 48/140] cluster_skew_hard (460s)
[pedrycz-grid 49/140] digits_pca32 (460s)
[pedrycz-grid 50/140] digits_pca32 (460s)
[pedrycz-grid 51/140] cluster_skew_hard (461s)
[pedrycz-grid 52/140] digits_pca32 (461s)
[pedrycz-grid 53/140] cluster_skew_hard (461s)
[pedrycz-grid 54/140] cluster_skew_hard (461s)
[pedrycz-grid 55/140] digits_pca32 (461s)
[pedrycz-grid 56/140] cluster_skew_hard (462s)
[pedrycz-grid 57/140] cluster_skew_overlap (462s)
[pedrycz-grid 58/140] cluster_skew_hard (462s)
[pedrycz-grid 59/140] cluster_skew_hard (462s)
[pedrycz-grid 60/140] cluster_skew_hard (462s)
[pedrycz-grid 61/140] cluster_skew_overlap (463s)
[pedrycz-grid 62/140] cluster_skew_overlap (463s)
[pedrycz-grid 63/140] cluster_skew_overlap (463s)
[pedrycz-grid 64/140] digits_pca32 (463s)
[pedrycz-grid 65/140] cluster_skew_overlap (463s)
[pedrycz-grid 66/140] cluster_skew_overlap (463s)
[pedrycz-grid 67/140] cluster_skew_overlap (463s)
[pedrycz-grid 68/140] cluster_skew_overlap (463s)
[pedrycz-grid 69/140] cluster_skew_overlap (464s)
[pedrycz-grid 70/140] dirichlet_0.03 (464s)
[pedrycz-grid 71/140] dirichlet_0.03 (464s)
[pedrycz-grid 72/140] cluster_skew_overlap (464s)
[pedrycz-grid 73/140] dirichlet_0.03 (464s)
[pedrycz-grid 74/140] dirichlet_0.03 (464s)
[pedrycz-grid 75/140] dirichlet_0.03 (465s)
[pedrycz-grid 76/140] dirichlet_0.03 (465s)
[pedrycz-grid 77/140] dirichlet_0.03 (465s)
[pedrycz-grid 78/140] dirichlet_0.03 (465s)
[pedrycz-grid 79/140] dirichlet_0.03 (465s)
[pedrycz-grid 80/140] dirichlet_0.1 (466s)
[pedrycz-grid 81/140] dirichlet_0.03 (466s)
[pedrycz-grid 82/140] dirichlet_0.1 (466s)
[pedrycz-grid 83/140] dirichlet_0.1 (466s)
[pedrycz-grid 84/140] dirichlet_0.1 (466s)
[pedrycz-grid 85/140] dirichlet_0.1 (466s)
[pedrycz-grid 86/140] dirichlet_0.1 (467s)
[pedrycz-grid 87/140] dirichlet_0.1 (467s)
[pedrycz-grid 88/140] dirichlet_0.1 (467s)
[pedrycz-grid 89/140] dirichlet_0.1 (467s)
[pedrycz-grid 90/140] dirichlet_0.1 (467s)
[pedrycz-grid 91/140] overlap_noise (467s)
[pedrycz-grid 92/140] overlap_noise (467s)
[pedrycz-grid 93/140] overlap_noise (467s)
[pedrycz-grid 94/140] overlap_noise (468s)
[pedrycz-grid 95/140] overlap_noise (468s)
[pedrycz-grid 96/140] overlap_noise (468s)
[pedrycz-grid 97/140] overlap_noise (468s)
[pedrycz-grid 98/140] overlap_noise (468s)
[pedrycz-grid 99/140] overlap_noise (468s)
[pedrycz-grid 100/140] overlap_noise (468s)
[pedrycz-grid 101/140] quantity_skew_extreme (469s)
[pedrycz-grid 102/140] quantity_skew_extreme (469s)
[pedrycz-grid 103/140] quantity_skew_extreme (469s)
[pedrycz-grid 104/140] quantity_skew_extreme (469s)
[pedrycz-grid 105/140] quantity_skew_extreme (469s)
[pedrycz-grid 106/140] quantity_skew_extreme (470s)
[pedrycz-grid 107/140] wine (470s)
[pedrycz-grid 108/140] quantity_skew_extreme (470s)
[pedrycz-grid 109/140] quantity_skew_extreme (470s)
[pedrycz-grid 110/140] quantity_skew_extreme (470s)
[pedrycz-grid 111/140] wine (470s)
[pedrycz-grid 112/140] quantity_skew_extreme (470s)
[pedrycz-grid 113/140] wine (470s)
[pedrycz-grid 114/140] wine (470s)
[pedrycz-grid 115/140] wine (470s)
[pedrycz-grid 116/140] wine (470s)
[pedrycz-grid 117/140] wine (470s)
[pedrycz-grid 118/140] wine (470s)
[pedrycz-grid 119/140] wine (470s)
[pedrycz-grid 120/140] wine (470s)
[pedrycz-grid 121/140] mnist784_pca32 (20c) (521s)
[pedrycz-grid 122/140] mnist784_pca32 (50c) (546s)
[pedrycz-grid 123/140] mnist784_pca32 (50c) (553s)
[pedrycz-grid 124/140] letter (560s)
[pedrycz-grid 125/140] mnist784_pca32 (50c) (601s)
[pedrycz-grid 126/140] mnist784_pca32 (50c) (610s)
[pedrycz-grid 127/140] mnist784_pca32 (50c) (619s)
[pedrycz-grid 128/140] mnist784_pca32 (20c) (621s)
[pedrycz-grid 129/140] mnist784_pca32 (50c) (621s)
[pedrycz-grid 130/140] mnist784_pca32 (50c) (623s)
[pedrycz-grid 131/140] mnist784_pca32 (20c) (630s)
[pedrycz-grid 132/140] mnist784_pca32 (50c) (634s)
[pedrycz-grid 133/140] mnist784_pca32 (50c) (635s)
[pedrycz-grid 134/140] mnist784_pca32 (20c) (642s)
[pedrycz-grid 135/140] mnist784_pca32 (20c) (644s)
[pedrycz-grid 136/140] mnist784_pca32 (20c) (647s)
[pedrycz-grid 137/140] mnist784_pca32 (20c) (652s)
[pedrycz-grid 138/140] mnist784_pca32 (20c) (653s)
[pedrycz-grid 139/140] mnist784_pca32 (20c) (656s)
[pedrycz-grid 140/140] mnist784_pca32 (20c) (659s)
wrote /home/jiang/ffcm_t10/experiments/results/t10/ee_pedrycz_cal_L10.csv and /home/jiang/ffcm_t10/experiments/results/t10/ee_pedrycz_cal_L10_grid.csv in 751s
{'dataset': 'cluster_skew_hard', 'L': 10, 'rounds': 50, 'm': 2.0, 'alpha': '', 'rel_obj_gap': '', 'n_stable': 0, 'n_grid': 10, 'edge_alpha': None, 'on_edge': ''}
{'dataset': 'cluster_skew_overlap', 'L': 10, 'rounds': 50, 'm': 2.0, 'alpha': 0.01, 'rel_obj_gap': 0.37326444990531465, 'n_stable': 8, 'n_grid': 10, 'edge_alpha': 'interior', 'on_edge': 0}
{'dataset': 'dirichlet_0.03', 'L': 10, 'rounds': 50, 'm': 2.0, 'alpha': '', 'rel_obj_gap': '', 'n_stable': 0, 'n_grid': 10, 'edge_alpha': None, 'on_edge': ''}
{'dataset': 'dirichlet_0.1', 'L': 10, 'rounds': 50, 'm': 2.0, 'alpha': '', 'rel_obj_gap': '', 'n_stable': 0, 'n_grid': 10, 'edge_alpha': None, 'on_edge': ''}
{'dataset': 'overlap_noise', 'L': 10, 'rounds': 50, 'm': 2.0, 'alpha': 0.01, 'rel_obj_gap': 0.20525877280233493, 'n_stable': 8, 'n_grid': 10, 'edge_alpha': 'interior', 'on_edge': 0}
{'dataset': 'quantity_skew_extreme', 'L': 10, 'rounds': 50, 'm': 2.0, 'alpha': 0.0005, 'rel_obj_gap': 2.989174044325464, 'n_stable': 2, 'n_grid': 10, 'edge_alpha': 'low', 'on_edge': 1}
{'dataset': 'wine', 'L': 10, 'rounds': 50, 'm': 2.0, 'alpha': 0.05, 'rel_obj_gap': 0.05857622353456228, 'n_stable': 8, 'n_grid': 10, 'edge_alpha': 'interior', 'on_edge': 0}
{'dataset': 'satimage', 'L': 10, 'rounds': 50, 'm': 2.0, 'alpha': 0.002, 'rel_obj_gap': 0.30293693927733767, 'n_stable': 5, 'n_grid': 10, 'edge_alpha': 'interior', 'on_edge': 0}
{'dataset': 'pendigits', 'L': 10, 'rounds': 50, 'm': 1.5, 'alpha': 0.0005, 'rel_obj_gap': 0.2699028793346252, 'n_stable': 2, 'n_grid': 10, 'edge_alpha': 'low', 'on_edge': 1}
{'dataset': 'digits_pca16', 'L': 10, 'rounds': 50, 'm': 1.3, 'alpha': 0.001, 'rel_obj_gap': 0.06494279552876187, 'n_stable': 6, 'n_grid': 10, 'edge_alpha': 'interior', 'on_edge': 0}
{'dataset': 'digits_pca32', 'L': 10, 'rounds': 50, 'm': 1.1, 'alpha': 0.001, 'rel_obj_gap': 0.05136683416714903, 'n_stable': 6, 'n_grid': 10, 'edge_alpha': 'interior', 'on_edge': 0}
{'dataset': 'letter', 'L': 10, 'rounds': 50, 'm': 1.3, 'alpha': 0.002, 'rel_obj_gap': 0.06792971401035829, 'n_stable': 5, 'n_grid': 10, 'edge_alpha': 'interior', 'on_edge': 0}
{'dataset': 'mnist784_pca32 (20c)', 'L': 10, 'rounds': 50, 'm': 1.1, 'alpha': 0.001, 'rel_obj_gap': 0.02974517529620931, 'n_stable': 3, 'n_grid': 10, 'edge_alpha': 'interior', 'on_edge': 0}
{'dataset': 'mnist784_pca32 (50c)', 'L': 10, 'rounds': 50, 'm': 1.1, 'alpha': 0.0005, 'rel_obj_gap': 0.02857441482466455, 'n_stable': 5, 'n_grid': 10, 'edge_alpha': 'low', 'on_edge': 1}
