[Jc 1/14] cluster_skew_hard (1s)
[Jc 2/14] cluster_skew_overlap (1s)
[Jc 3/14] dirichlet_0.03 (1s)
[Jc 4/14] dirichlet_0.1 (2s)
[Jc 5/14] overlap_noise (2s)
[Jc 6/14] wine (2s)
[Jc 7/14] quantity_skew_extreme (2s)
[Jc 8/14] digits_pca16 (2s)
[Jc 9/14] satimage (3s)
[Jc 10/14] digits_pca32 (3s)
[Jc 11/14] pendigits (4s)
[Jc 12/14] letter (42s)
[Jc 13/14] mnist784_pca32 (50c) (81s)
[Jc 14/14] mnist784_pca32 (20c) (89s)
[pedrycz-grid 1/140] letter (114s)
[pedrycz-grid 2/140] letter (114s)
[pedrycz-grid 3/140] letter (116s)
[pedrycz-grid 4/140] letter (117s)
[pedrycz-grid 5/140] satimage (118s)
[pedrycz-grid 6/140] letter (119s)
[pedrycz-grid 7/140] letter (119s)
[pedrycz-grid 8/140] satimage (119s)
[pedrycz-grid 9/140] satimage (120s)
[pedrycz-grid 10/140] satimage (121s)
[pedrycz-grid 11/140] satimage (122s)
[pedrycz-grid 12/140] satimage (122s)
[pedrycz-grid 13/140] satimage (122s)
[pedrycz-grid 14/140] satimage (123s)
[pedrycz-grid 15/140] satimage (123s)
[pedrycz-grid 16/140] letter (124s)
[pedrycz-grid 17/140] satimage (125s)
[pedrycz-grid 18/140] letter (125s)
[pedrycz-grid 19/140] pendigits (127s)
[pedrycz-grid 20/140] pendigits (127s)
[pedrycz-grid 21/140] pendigits (128s)
[pedrycz-grid 22/140] pendigits (129s)
[pedrycz-grid 23/140] pendigits (129s)
[pedrycz-grid 24/140] digits_pca16 (130s)
[pedrycz-grid 25/140] digits_pca16 (131s)
[pedrycz-grid 26/140] pendigits (131s)
[pedrycz-grid 27/140] pendigits (131s)
[pedrycz-grid 28/140] pendigits (131s)
[pedrycz-grid 29/140] digits_pca16 (131s)
[pedrycz-grid 30/140] pendigits (131s)
[pedrycz-grid 31/140] digits_pca16 (132s)
[pedrycz-grid 32/140] digits_pca16 (132s)
[pedrycz-grid 33/140] digits_pca16 (132s)
[pedrycz-grid 34/140] digits_pca16 (132s)
[pedrycz-grid 35/140] digits_pca16 (132s)
[pedrycz-grid 36/140] digits_pca16 (132s)
[pedrycz-grid 37/140] digits_pca16 (132s)
[pedrycz-grid 38/140] pendigits (132s)
[pedrycz-grid 39/140] digits_pca32 (133s)
[pedrycz-grid 40/140] digits_pca32 (133s)
[pedrycz-grid 41/140] digits_pca32 (133s)
[pedrycz-grid 42/140] digits_pca32 (133s)
[pedrycz-grid 43/140] digits_pca32 (133s)
[pedrycz-grid 44/140] cluster_skew_hard (133s)
[pedrycz-grid 45/140] digits_pca32 (133s)
[pedrycz-grid 46/140] digits_pca32 (133s)
[pedrycz-grid 47/140] cluster_skew_hard (133s)
[pedrycz-grid 48/140] cluster_skew_hard (133s)
[pedrycz-grid 49/140] digits_pca32 (133s)
[pedrycz-grid 50/140] cluster_skew_hard (133s)
[pedrycz-grid 51/140] cluster_skew_hard (134s)
[pedrycz-grid 52/140] digits_pca32 (134s)
[pedrycz-grid 53/140] digits_pca32 (134s)
[pedrycz-grid 54/140] cluster_skew_hard (134s)
[pedrycz-grid 55/140] cluster_skew_hard (134s)
[pedrycz-grid 56/140] cluster_skew_hard (134s)
[pedrycz-grid 57/140] cluster_skew_hard (134s)
[pedrycz-grid 58/140] cluster_skew_overlap (134s)
[pedrycz-grid 59/140] cluster_skew_hard (134s)
[pedrycz-grid 60/140] cluster_skew_overlap (134s)
[pedrycz-grid 61/140] cluster_skew_overlap (134s)
[pedrycz-grid 62/140] cluster_skew_overlap (134s)
[pedrycz-grid 63/140] cluster_skew_overlap (134s)
[pedrycz-grid 64/140] cluster_skew_overlap (134s)
[pedrycz-grid 65/140] cluster_skew_overlap (134s)
[pedrycz-grid 66/140] cluster_skew_overlap (134s)
[pedrycz-grid 67/140] cluster_skew_overlap (134s)
[pedrycz-grid 68/140] dirichlet_0.03 (134s)
[pedrycz-grid 69/140] cluster_skew_overlap (134s)
[pedrycz-grid 70/140] dirichlet_0.03 (134s)
[pedrycz-grid 71/140] dirichlet_0.03 (134s)
[pedrycz-grid 72/140] dirichlet_0.03 (134s)
[pedrycz-grid 73/140] dirichlet_0.03 (134s)
[pedrycz-grid 74/140] dirichlet_0.03 (134s)
[pedrycz-grid 75/140] dirichlet_0.03 (134s)
[pedrycz-grid 76/140] dirichlet_0.03 (134s)
[pedrycz-grid 77/140] dirichlet_0.03 (134s)
[pedrycz-grid 78/140] dirichlet_0.03 (134s)
[pedrycz-grid 79/140] dirichlet_0.1 (134s)
[pedrycz-grid 80/140] dirichlet_0.1 (134s)
[pedrycz-grid 81/140] dirichlet_0.1 (134s)
[pedrycz-grid 82/140] dirichlet_0.1 (134s)
[pedrycz-grid 83/140] dirichlet_0.1 (135s)
[pedrycz-grid 84/140] dirichlet_0.1 (135s)
[pedrycz-grid 85/140] dirichlet_0.1 (135s)
[pedrycz-grid 86/140] dirichlet_0.1 (135s)
[pedrycz-grid 87/140] overlap_noise (135s)
[pedrycz-grid 88/140] dirichlet_0.1 (135s)
[pedrycz-grid 89/140] dirichlet_0.1 (135s)
[pedrycz-grid 90/140] overlap_noise (135s)
[pedrycz-grid 91/140] overlap_noise (135s)
[pedrycz-grid 92/140] overlap_noise (135s)
[pedrycz-grid 93/140] overlap_noise (135s)
[pedrycz-grid 94/140] overlap_noise (135s)
[pedrycz-grid 95/140] overlap_noise (135s)
[pedrycz-grid 96/140] overlap_noise (135s)
[pedrycz-grid 97/140] overlap_noise (135s)
[pedrycz-grid 98/140] quantity_skew_extreme (135s)
[pedrycz-grid 99/140] overlap_noise (135s)
[pedrycz-grid 100/140] quantity_skew_extreme (135s)
[pedrycz-grid 101/140] quantity_skew_extreme (135s)
[pedrycz-grid 102/140] quantity_skew_extreme (135s)
[pedrycz-grid 103/140] quantity_skew_extreme (135s)
[pedrycz-grid 104/140] quantity_skew_extreme (135s)
[pedrycz-grid 105/140] quantity_skew_extreme (135s)
[pedrycz-grid 106/140] quantity_skew_extreme (135s)
[pedrycz-grid 107/140] quantity_skew_extreme (135s)
[pedrycz-grid 108/140] wine (135s)
[pedrycz-grid 109/140] wine (135s)
[pedrycz-grid 110/140] wine (135s)
[pedrycz-grid 111/140] quantity_skew_extreme (135s)
[pedrycz-grid 112/140] wine (135s)
[pedrycz-grid 113/140] wine (135s)
[pedrycz-grid 114/140] wine (135s)
[pedrycz-grid 115/140] wine (135s)
[pedrycz-grid 116/140] wine (135s)
[pedrycz-grid 117/140] wine (135s)
[pedrycz-grid 118/140] wine (135s)
[pedrycz-grid 119/140] letter (147s)
[pedrycz-grid 120/140] mnist784_pca32 (50c) (154s)
[pedrycz-grid 121/140] letter (156s)
[pedrycz-grid 122/140] mnist784_pca32 (50c) (157s)
[pedrycz-grid 123/140] mnist784_pca32 (50c) (159s)
[pedrycz-grid 124/140] mnist784_pca32 (20c) (160s)
[pedrycz-grid 125/140] mnist784_pca32 (50c) (164s)
[pedrycz-grid 126/140] mnist784_pca32 (50c) (165s)
[pedrycz-grid 127/140] mnist784_pca32 (50c) (165s)
[pedrycz-grid 128/140] mnist784_pca32 (20c) (165s)
[pedrycz-grid 129/140] mnist784_pca32 (20c) (167s)
[pedrycz-grid 130/140] mnist784_pca32 (20c) (167s)
[pedrycz-grid 131/140] mnist784_pca32 (50c) (168s)
[pedrycz-grid 132/140] mnist784_pca32 (50c) (169s)
[pedrycz-grid 133/140] mnist784_pca32 (50c) (169s)
[pedrycz-grid 134/140] mnist784_pca32 (50c) (170s)
[pedrycz-grid 135/140] mnist784_pca32 (20c) (171s)
[pedrycz-grid 136/140] mnist784_pca32 (20c) (173s)
[pedrycz-grid 137/140] mnist784_pca32 (20c) (173s)
[pedrycz-grid 138/140] mnist784_pca32 (20c) (173s)
[pedrycz-grid 139/140] mnist784_pca32 (20c) (174s)
[pedrycz-grid 140/140] mnist784_pca32 (20c) (174s)
wrote /home/jiang/ffcm_t10/experiments/results/t10/ee_pedrycz_cal_L1.csv and /home/jiang/ffcm_t10/experiments/results/t10/ee_pedrycz_cal_L1_grid.csv in 264s
{'dataset': 'cluster_skew_hard', 'L': 1, 'rounds': 50, 'm': 2.0, 'alpha': '', 'rel_obj_gap': '', 'n_stable': 0, 'n_grid': 10, 'edge_alpha': None, 'on_edge': ''}
{'dataset': 'cluster_skew_overlap', 'L': 1, 'rounds': 50, 'm': 2.0, 'alpha': 0.002, 'rel_obj_gap': 0.3920543866144472, 'n_stable': 8, 'n_grid': 10, 'edge_alpha': 'interior', 'on_edge': 0}
{'dataset': 'dirichlet_0.03', 'L': 1, 'rounds': 50, 'm': 2.0, 'alpha': '', 'rel_obj_gap': '', 'n_stable': 0, 'n_grid': 10, 'edge_alpha': None, 'on_edge': ''}
{'dataset': 'dirichlet_0.1', 'L': 1, 'rounds': 50, 'm': 2.0, 'alpha': '', 'rel_obj_gap': '', 'n_stable': 0, 'n_grid': 10, 'edge_alpha': None, 'on_edge': ''}
{'dataset': 'overlap_noise', 'L': 1, 'rounds': 50, 'm': 2.0, 'alpha': 0.05, 'rel_obj_gap': 0.004946977202736042, 'n_stable': 9, 'n_grid': 10, 'edge_alpha': 'interior', 'on_edge': 0}
{'dataset': 'quantity_skew_extreme', 'L': 1, 'rounds': 50, 'm': 2.0, 'alpha': 0.0005, 'rel_obj_gap': 1.8877740617328986, 'n_stable': 4, 'n_grid': 10, 'edge_alpha': 'low', 'on_edge': 1}
{'dataset': 'wine', 'L': 1, 'rounds': 50, 'm': 2.0, 'alpha': 0.05, 'rel_obj_gap': 0.06699302794555664, 'n_stable': 9, 'n_grid': 10, 'edge_alpha': 'interior', 'on_edge': 0}
{'dataset': 'satimage', 'L': 1, 'rounds': 50, 'm': 2.0, 'alpha': 0.005, 'rel_obj_gap': 0.17769622317463465, 'n_stable': 6, 'n_grid': 10, 'edge_alpha': 'interior', 'on_edge': 0}
{'dataset': 'pendigits', 'L': 1, 'rounds': 50, 'm': 1.5, 'alpha': 0.0005, 'rel_obj_gap': 0.19612755849117455, 'n_stable': 3, 'n_grid': 10, 'edge_alpha': 'low', 'on_edge': 1}
{'dataset': 'digits_pca16', 'L': 1, 'rounds': 50, 'm': 1.3, 'alpha': 0.01, 'rel_obj_gap': 0.030837706292115668, 'n_stable': 7, 'n_grid': 10, 'edge_alpha': 'interior', 'on_edge': 0}
{'dataset': 'digits_pca32', 'L': 1, 'rounds': 50, 'm': 1.1, 'alpha': 0.01, 'rel_obj_gap': 0.0382274930695097, 'n_stable': 6, 'n_grid': 10, 'edge_alpha': 'interior', 'on_edge': 0}
{'dataset': 'letter', 'L': 1, 'rounds': 50, 'm': 1.3, 'alpha': 0.005, 'rel_obj_gap': 0.03902517000097609, 'n_stable': 6, 'n_grid': 10, 'edge_alpha': 'interior', 'on_edge': 0}
{'dataset': 'mnist784_pca32 (20c)', 'L': 1, 'rounds': 50, 'm': 1.1, 'alpha': 0.001, 'rel_obj_gap': 0.011925284630970832, 'n_stable': 3, 'n_grid': 10, 'edge_alpha': 'interior', 'on_edge': 0}
{'dataset': 'mnist784_pca32 (50c)', 'L': 1, 'rounds': 50, 'm': 1.1, 'alpha': 0.002, 'rel_obj_gap': 0.011430480381009613, 'n_stable': 4, 'n_grid': 10, 'edge_alpha': 'interior', 'on_edge': 0}
