[audit 1/350] mnist784_pca32 (50c) (674s)
[audit 2/350] mnist784_pca32 (50c) (678s)
[audit 3/350] mnist784_pca32 (50c) (689s)
[audit 4/350] mnist784_pca32 (20c) (732s)
[audit 5/350] mnist784_pca32 (50c) (734s)
[audit 6/350] mnist784_pca32 (50c) (774s)
[audit 7/350] mnist784_pca32 (50c) (785s)
[audit 8/350] mnist784_pca32 (20c) (789s)
[audit 9/350] mnist784_pca32 (20c) (789s)
[audit 10/350] mnist784_pca32 (50c) (813s)
[audit 11/350] mnist784_pca32 (50c) (839s)
[audit 12/350] mnist784_pca32 (50c) (874s)
[audit 13/350] mnist784_pca32 (50c) (921s)
[audit 14/350] mnist784_pca32 (50c) (1171s)
[audit 15/350] mnist784_pca32 (50c) (1210s)
[audit 16/350] mnist784_pca32 (20c) (1247s)
[audit 17/350] mnist784_pca32 (50c) (1248s)
[audit 18/350] mnist784_pca32 (20c) (1335s)
[audit 19/350] mnist784_pca32 (50c) (1340s)
[audit 20/350] mnist784_pca32 (20c) (1457s)
[audit 21/350] mnist784_pca32 (20c) (1504s)
[audit 22/350] mnist784_pca32 (20c) (1514s)
[audit 23/350] mnist784_pca32 (20c) (1518s)
[audit 24/350] mnist784_pca32 (20c) (1539s)
[audit 25/350] mnist784_pca32 (50c) (1540s)
[audit 26/350] mnist784_pca32 (50c) (1621s)
[audit 27/350] mnist784_pca32 (50c) (1633s)
[audit 28/350] mnist784_pca32 (50c) (1671s)
[audit 29/350] mnist784_pca32 (20c) (1867s)
[audit 30/350] mnist784_pca32 (20c) (1961s)
[audit 31/350] mnist784_pca32 (50c) (2019s)
[audit 32/350] mnist784_pca32 (20c) (2019s)
[audit 33/350] mnist784_pca32 (50c) (2098s)
[audit 34/350] mnist784_pca32 (20c) (2133s)
[audit 35/350] mnist784_pca32 (20c) (2330s)
[audit 36/350] mnist784_pca32 (20c) (2763s)
[audit 37/350] mnist784_pca32 (20c) (2875s)
[audit 38/350] mnist784_pca32 (20c) (2930s)
[audit 39/350] mnist784_pca32 (20c) (3150s)
[audit 40/350] letter (3724s)
[audit 41/350] letter (3774s)
[audit 42/350] mnist784_pca32 (20c) (3999s)
[audit 43/350] letter (4003s)
[audit 44/350] letter (4068s)
[audit 45/350] letter (4107s)
[audit 46/350] letter (4219s)
[audit 47/350] mnist784_pca32 (50c) (4229s)
[audit 48/350] mnist784_pca32 (50c) (4275s)
[audit 49/350] mnist784_pca32 (50c) (4348s)
[audit 50/350] letter (4351s)
[audit 51/350] satimage (4356s)
[audit 52/350] letter (4408s)
[audit 53/350] satimage (4424s)
[audit 54/350] letter (4427s)
[audit 55/350] mnist784_pca32 (50c) (4432s)
[audit 56/350] satimage (4442s)
[audit 57/350] satimage (4457s)
[audit 58/350] letter (4493s)
[audit 59/350] satimage (4494s)
[audit 60/350] satimage (4500s)
[audit 61/350] satimage (4510s)
[audit 62/350] satimage (4514s)
[audit 63/350] satimage (4525s)
[audit 64/350] letter (4530s)
[audit 65/350] satimage (4538s)
[audit 66/350] satimage (4554s)
[audit 67/350] satimage (4571s)
[audit 68/350] satimage (4588s)
[audit 69/350] satimage (4588s)
[audit 70/350] satimage (4597s)
[audit 71/350] satimage (4600s)
[audit 72/350] satimage (4605s)
[audit 73/350] satimage (4617s)
[audit 74/350] letter (4634s)
[audit 75/350] satimage (4635s)
[audit 76/350] satimage (4636s)
[audit 77/350] letter (4647s)
[audit 78/350] satimage (4653s)
[audit 79/350] satimage (4675s)
[audit 80/350] satimage (4676s)
[audit 81/350] satimage (4681s)
[audit 82/350] mnist784_pca32 (50c) (4689s)
[audit 83/350] satimage (4703s)
[audit 84/350] pendigits (4757s)
[audit 85/350] pendigits (4758s)
[audit 86/350] pendigits (4780s)
[audit 87/350] pendigits (4814s)
[audit 88/350] pendigits (4828s)
[audit 89/350] pendigits (4829s)
[audit 90/350] pendigits (4843s)
[audit 91/350] pendigits (4844s)
[audit 92/350] pendigits (4845s)
[audit 93/350] pendigits (4867s)
[audit 94/350] pendigits (4876s)
[audit 95/350] pendigits (4898s)
[audit 96/350] pendigits (4927s)
[audit 97/350] pendigits (4937s)
[audit 98/350] pendigits (4950s)
[audit 99/350] pendigits (4951s)
[audit 100/350] pendigits (4951s)
[audit 101/350] pendigits (4952s)
[audit 102/350] digits_pca16 (4954s)
[audit 103/350] digits_pca16 (4955s)
[audit 104/350] digits_pca16 (4956s)
[audit 105/350] digits_pca16 (4958s)
[audit 106/350] digits_pca16 (4960s)
[audit 107/350] digits_pca16 (4965s)
[audit 108/350] pendigits (4965s)
[audit 109/350] digits_pca16 (4967s)
[audit 110/350] pendigits (4971s)
[audit 111/350] digits_pca16 (4974s)
[audit 112/350] digits_pca16 (4977s)
[audit 113/350] digits_pca16 (4979s)
[audit 114/350] digits_pca16 (4980s)
[audit 115/350] digits_pca16 (4988s)
[audit 116/350] digits_pca16 (4991s)
[audit 117/350] digits_pca16 (4996s)
[audit 118/350] digits_pca16 (4998s)
[audit 119/350] digits_pca16 (5002s)
[audit 120/350] digits_pca16 (5004s)
[audit 121/350] digits_pca16 (5004s)
[audit 122/350] digits_pca16 (5006s)
[audit 123/350] pendigits (5007s)
[audit 124/350] digits_pca16 (5010s)
[audit 125/350] digits_pca16 (5010s)
[audit 126/350] digits_pca32 (5016s)
[audit 127/350] digits_pca32 (5017s)
[audit 128/350] digits_pca16 (5019s)
[audit 129/350] digits_pca32 (5021s)
[audit 130/350] digits_pca32 (5023s)
[audit 131/350] digits_pca16 (5025s)
[audit 132/350] digits_pca16 (5025s)
[audit 133/350] digits_pca32 (5026s)
[audit 134/350] digits_pca16 (5030s)
[audit 135/350] digits_pca32 (5032s)
[audit 136/350] digits_pca32 (5033s)
[audit 137/350] digits_pca32 (5036s)
[audit 138/350] digits_pca32 (5041s)
[audit 139/350] digits_pca32 (5042s)
[audit 140/350] digits_pca32 (5042s)
[audit 141/350] digits_pca32 (5043s)
[audit 142/350] digits_pca32 (5045s)
[audit 143/350] digits_pca32 (5047s)
[audit 144/350] digits_pca32 (5055s)
[audit 145/350] pendigits (5069s)
[audit 146/350] digits_pca32 (5075s)
[audit 147/350] pendigits (5076s)
[audit 148/350] digits_pca32 (5085s)
[audit 149/350] cluster_skew_hard (5086s)
[audit 150/350] cluster_skew_hard (5087s)
[audit 151/350] cluster_skew_hard (5088s)
[audit 152/350] cluster_skew_hard (5089s)
[audit 153/350] digits_pca32 (5089s)
[audit 154/350] cluster_skew_hard (5089s)
[audit 155/350] cluster_skew_hard (5090s)
[audit 156/350] cluster_skew_hard (5090s)
[audit 157/350] cluster_skew_hard (5090s)
[audit 158/350] cluster_skew_hard (5091s)
[audit 159/350] cluster_skew_hard (5091s)
[audit 160/350] cluster_skew_hard (5092s)
[audit 161/350] cluster_skew_hard (5092s)
[audit 162/350] cluster_skew_hard (5092s)
[audit 163/350] cluster_skew_hard (5093s)
[audit 164/350] digits_pca32 (5093s)
[audit 165/350] cluster_skew_hard (5093s)
[audit 166/350] cluster_skew_hard (5093s)
[audit 167/350] cluster_skew_hard (5094s)
[audit 168/350] cluster_skew_hard (5094s)
[audit 169/350] cluster_skew_hard (5094s)
[audit 170/350] cluster_skew_hard (5095s)
[audit 171/350] cluster_skew_hard (5095s)
[audit 172/350] cluster_skew_hard (5095s)
[audit 173/350] cluster_skew_hard (5095s)
[audit 174/350] cluster_skew_hard (5095s)
[audit 175/350] cluster_skew_hard (5096s)
[audit 176/350] cluster_skew_overlap (5096s)
[audit 177/350] cluster_skew_overlap (5097s)
[audit 178/350] cluster_skew_overlap (5097s)
[audit 179/350] cluster_skew_overlap (5098s)
[audit 180/350] cluster_skew_overlap (5098s)
[audit 181/350] cluster_skew_overlap (5099s)
[audit 182/350] cluster_skew_overlap (5100s)
[audit 183/350] cluster_skew_overlap (5100s)
[audit 184/350] cluster_skew_overlap (5101s)
[audit 185/350] cluster_skew_overlap (5101s)
[audit 186/350] cluster_skew_overlap (5102s)
[audit 187/350] cluster_skew_overlap (5102s)
[audit 188/350] digits_pca32 (5102s)
[audit 189/350] pendigits (5103s)
[audit 190/350] cluster_skew_overlap (5103s)
[audit 191/350] cluster_skew_overlap (5104s)
[audit 192/350] cluster_skew_overlap (5104s)
[audit 193/350] cluster_skew_overlap (5105s)
[audit 194/350] cluster_skew_overlap (5105s)
[audit 195/350] cluster_skew_overlap (5105s)
[audit 196/350] cluster_skew_overlap (5105s)
[audit 197/350] cluster_skew_overlap (5105s)
[audit 198/350] pendigits (5106s)
[audit 199/350] cluster_skew_overlap (5106s)
[audit 200/350] dirichlet_0.03 (5106s)
[audit 201/350] cluster_skew_overlap (5107s)
[audit 202/350] cluster_skew_overlap (5107s)
[audit 203/350] cluster_skew_overlap (5107s)
[audit 204/350] cluster_skew_overlap (5107s)
[audit 205/350] dirichlet_0.03 (5107s)
[audit 206/350] dirichlet_0.03 (5107s)
[audit 207/350] dirichlet_0.03 (5107s)
[audit 208/350] dirichlet_0.03 (5107s)
[audit 209/350] dirichlet_0.03 (5107s)
[audit 210/350] dirichlet_0.03 (5108s)
[audit 211/350] dirichlet_0.03 (5108s)
[audit 212/350] dirichlet_0.03 (5108s)
[audit 213/350] dirichlet_0.03 (5108s)
[audit 214/350] dirichlet_0.03 (5108s)
[audit 215/350] dirichlet_0.03 (5108s)
[audit 216/350] digits_pca32 (5108s)
[audit 217/350] dirichlet_0.03 (5109s)
[audit 218/350] dirichlet_0.03 (5109s)
[audit 219/350] dirichlet_0.03 (5109s)
[audit 220/350] dirichlet_0.03 (5109s)
[audit 221/350] dirichlet_0.03 (5109s)
[audit 222/350] dirichlet_0.03 (5109s)
[audit 223/350] dirichlet_0.03 (5109s)
[audit 224/350] dirichlet_0.03 (5109s)
[audit 225/350] dirichlet_0.03 (5109s)
[audit 226/350] dirichlet_0.03 (5110s)
[audit 227/350] dirichlet_0.03 (5110s)
[audit 228/350] dirichlet_0.03 (5110s)
[audit 229/350] dirichlet_0.03 (5110s)
[audit 230/350] dirichlet_0.1 (5110s)
[audit 231/350] dirichlet_0.1 (5110s)
[audit 232/350] dirichlet_0.1 (5110s)
[audit 233/350] dirichlet_0.1 (5110s)
[audit 234/350] dirichlet_0.1 (5110s)
[audit 235/350] dirichlet_0.1 (5111s)
[audit 236/350] dirichlet_0.1 (5111s)
[audit 237/350] dirichlet_0.1 (5111s)
[audit 238/350] dirichlet_0.1 (5111s)
[audit 239/350] dirichlet_0.1 (5111s)
[audit 240/350] dirichlet_0.1 (5111s)
[audit 241/350] dirichlet_0.1 (5111s)
[audit 242/350] dirichlet_0.1 (5111s)
[audit 243/350] dirichlet_0.1 (5112s)
[audit 244/350] dirichlet_0.1 (5112s)
[audit 245/350] dirichlet_0.1 (5112s)
[audit 246/350] dirichlet_0.1 (5112s)
[audit 247/350] dirichlet_0.1 (5112s)
[audit 248/350] dirichlet_0.1 (5112s)
[audit 249/350] dirichlet_0.1 (5112s)
[audit 250/350] dirichlet_0.1 (5113s)
[audit 251/350] dirichlet_0.1 (5113s)
[audit 252/350] dirichlet_0.1 (5113s)
[audit 253/350] dirichlet_0.1 (5113s)
[audit 254/350] dirichlet_0.1 (5113s)
[audit 255/350] overlap_noise (5113s)
[audit 256/350] overlap_noise (5114s)
[audit 257/350] overlap_noise (5114s)
[audit 258/350] overlap_noise (5114s)
[audit 259/350] overlap_noise (5114s)
[audit 260/350] overlap_noise (5115s)
[audit 261/350] overlap_noise (5115s)
[audit 262/350] overlap_noise (5115s)
[audit 263/350] overlap_noise (5115s)
[audit 264/350] overlap_noise (5115s)
[audit 265/350] overlap_noise (5115s)
[audit 266/350] overlap_noise (5115s)
[audit 267/350] overlap_noise (5116s)
[audit 268/350] overlap_noise (5116s)
[audit 269/350] overlap_noise (5116s)
[audit 270/350] overlap_noise (5116s)
[audit 271/350] overlap_noise (5116s)
[audit 272/350] overlap_noise (5116s)
[audit 273/350] overlap_noise (5117s)
[audit 274/350] digits_pca32 (5117s)
[audit 275/350] quantity_skew_extreme (5117s)
[audit 276/350] overlap_noise (5117s)
[audit 277/350] overlap_noise (5117s)
[audit 278/350] overlap_noise (5118s)
[audit 279/350] overlap_noise (5118s)
[audit 280/350] overlap_noise (5118s)
[audit 281/350] overlap_noise (5118s)
[audit 282/350] quantity_skew_extreme (5118s)
[audit 283/350] quantity_skew_extreme (5118s)
[audit 284/350] quantity_skew_extreme (5118s)
[audit 285/350] quantity_skew_extreme (5118s)
[audit 286/350] quantity_skew_extreme (5118s)
[audit 287/350] quantity_skew_extreme (5119s)
[audit 288/350] quantity_skew_extreme (5119s)
[audit 289/350] quantity_skew_extreme (5119s)
[audit 290/350] quantity_skew_extreme (5119s)
[audit 291/350] quantity_skew_extreme (5119s)
[audit 292/350] quantity_skew_extreme (5119s)
[audit 293/350] quantity_skew_extreme (5119s)
[audit 294/350] quantity_skew_extreme (5119s)
[audit 295/350] quantity_skew_extreme (5119s)
[audit 296/350] quantity_skew_extreme (5119s)
[audit 297/350] quantity_skew_extreme (5120s)
[audit 298/350] quantity_skew_extreme (5120s)
[audit 299/350] quantity_skew_extreme (5120s)
[audit 300/350] quantity_skew_extreme (5120s)
[audit 301/350] wine (5120s)
[audit 302/350] wine (5120s)
[audit 303/350] quantity_skew_extreme (5120s)
[audit 304/350] wine (5120s)
[audit 305/350] wine (5120s)
[audit 306/350] wine (5120s)
[audit 307/350] wine (5120s)
[audit 308/350] wine (5120s)
[audit 309/350] wine (5120s)
[audit 310/350] quantity_skew_extreme (5120s)
[audit 311/350] wine (5120s)
[audit 312/350] quantity_skew_extreme (5120s)
[audit 313/350] wine (5120s)
[audit 314/350] quantity_skew_extreme (5120s)
[audit 315/350] wine (5120s)
[audit 316/350] wine (5120s)
[audit 317/350] wine (5120s)
[audit 318/350] wine (5120s)
[audit 319/350] quantity_skew_extreme (5121s)
[audit 320/350] wine (5121s)
[audit 321/350] wine (5121s)
[audit 322/350] wine (5121s)
[audit 323/350] wine (5121s)
[audit 324/350] wine (5121s)
[audit 325/350] wine (5121s)
[audit 326/350] wine (5121s)
[audit 327/350] wine (5121s)
[audit 328/350] wine (5121s)
[audit 329/350] wine (5121s)
[audit 330/350] wine (5121s)
[audit 331/350] digits_pca32 (5124s)
[audit 332/350] digits_pca32 (5156s)
[audit 333/350] digits_pca32 (5161s)
[audit 334/350] letter (5228s)
[audit 335/350] mnist784_pca32 (20c) (5231s)
[audit 336/350] mnist784_pca32 (20c) (5260s)
[audit 337/350] mnist784_pca32 (20c) (5276s)
[audit 338/350] letter (5281s)
[audit 339/350] letter (5317s)
[audit 340/350] mnist784_pca32 (20c) (5370s)
[audit 341/350] letter (5423s)
[audit 342/350] mnist784_pca32 (20c) (5437s)
[audit 343/350] letter (5445s)
[audit 344/350] letter (5476s)
[audit 345/350] letter (5486s)
[audit 346/350] letter (5501s)
[audit 347/350] letter (5505s)
[audit 348/350] letter (5524s)
[audit 349/350] letter (5548s)
[audit 350/350] letter (5562s)
wrote 1400 rows to /home/jiang/ffcm_t10/experiments/results/t10/ef_audit_s00-04.csv and /home/jiang/ffcm_t10/experiments/results/t10/ef_audit_s00-04_mstar.csv in 5562s
{'dataset': 'cluster_skew_hard', 'init': 'paper', 'mstar': 2.0, 'paper_mstar': 2.0, 'agrees': 1, 'n_seeds': 5, 'ms_all_distinct': '2.0;1.5;1.3;1.2;1.1'}
{'dataset': 'cluster_skew_hard', 'init': 'kmeanspp_best10', 'mstar': 2.0, 'paper_mstar': 2.0, 'agrees': 1, 'n_seeds': 5, 'ms_all_distinct': '2.0;1.5;1.3;1.2;1.1'}
{'dataset': 'cluster_skew_hard', 'init': 'oracle', 'mstar': 2.0, 'paper_mstar': 2.0, 'agrees': 1, 'n_seeds': 5, 'ms_all_distinct': '2.0;1.5;1.3;1.2;1.1'}
{'dataset': 'cluster_skew_hard', 'init': 'fed_lossless_pre1', 'mstar': 2.0, 'paper_mstar': 2.0, 'agrees': 1, 'n_seeds': 5, 'ms_all_distinct': '2.0;1.5;1.3;1.2;1.1'}
{'dataset': 'cluster_skew_overlap', 'init': 'paper', 'mstar': 2.0, 'paper_mstar': 2.0, 'agrees': 1, 'n_seeds': 5, 'ms_all_distinct': '2.0;1.5;1.3;1.2;1.1'}
{'dataset': 'cluster_skew_overlap', 'init': 'kmeanspp_best10', 'mstar': 2.0, 'paper_mstar': 2.0, 'agrees': 1, 'n_seeds': 5, 'ms_all_distinct': '2.0;1.5;1.3;1.2;1.1'}
{'dataset': 'cluster_skew_overlap', 'init': 'oracle', 'mstar': 2.0, 'paper_mstar': 2.0, 'agrees': 1, 'n_seeds': 5, 'ms_all_distinct': '2.0;1.5;1.3;1.2;1.1'}
{'dataset': 'cluster_skew_overlap', 'init': 'fed_lossless_pre1', 'mstar': 2.0, 'paper_mstar': 2.0, 'agrees': 1, 'n_seeds': 5, 'ms_all_distinct': '2.0;1.5;1.3;1.2;1.1'}
{'dataset': 'dirichlet_0.03', 'init': 'paper', 'mstar': 2.0, 'paper_mstar': 2.0, 'agrees': 1, 'n_seeds': 5, 'ms_all_distinct': '2.0;1.5;1.3;1.2;1.1'}
{'dataset': 'dirichlet_0.03', 'init': 'kmeanspp_best10', 'mstar': 2.0, 'paper_mstar': 2.0, 'agrees': 1, 'n_seeds': 5, 'ms_all_distinct': '2.0;1.5;1.3;1.2;1.1'}
{'dataset': 'dirichlet_0.03', 'init': 'oracle', 'mstar': 2.0, 'paper_mstar': 2.0, 'agrees': 1, 'n_seeds': 5, 'ms_all_distinct': '2.0;1.5;1.3;1.2;1.1'}
{'dataset': 'dirichlet_0.03', 'init': 'fed_lossless_pre1', 'mstar': 2.0, 'paper_mstar': 2.0, 'agrees': 1, 'n_seeds': 5, 'ms_all_distinct': '2.0;1.5;1.3;1.2;1.1'}
{'dataset': 'dirichlet_0.1', 'init': 'paper', 'mstar': 2.0, 'paper_mstar': 2.0, 'agrees': 1, 'n_seeds': 5, 'ms_all_distinct': '2.0;1.5;1.3;1.2;1.1'}
{'dataset': 'dirichlet_0.1', 'init': 'kmeanspp_best10', 'mstar': 2.0, 'paper_mstar': 2.0, 'agrees': 1, 'n_seeds': 5, 'ms_all_distinct': '2.0;1.5;1.3;1.2;1.1'}
{'dataset': 'dirichlet_0.1', 'init': 'oracle', 'mstar': 2.0, 'paper_mstar': 2.0, 'agrees': 1, 'n_seeds': 5, 'ms_all_distinct': '2.0;1.5;1.3;1.2;1.1'}
{'dataset': 'dirichlet_0.1', 'init': 'fed_lossless_pre1', 'mstar': 2.0, 'paper_mstar': 2.0, 'agrees': 1, 'n_seeds': 5, 'ms_all_distinct': '2.0;1.5;1.3;1.2;1.1'}
{'dataset': 'overlap_noise', 'init': 'paper', 'mstar': 2.0, 'paper_mstar': 2.0, 'agrees': 1, 'n_seeds': 5, 'ms_all_distinct': '2.0;1.5;1.3;1.2;1.1'}
{'dataset': 'overlap_noise', 'init': 'kmeanspp_best10', 'mstar': 2.0, 'paper_mstar': 2.0, 'agrees': 1, 'n_seeds': 5, 'ms_all_distinct': '2.0;1.5;1.3;1.2;1.1'}
{'dataset': 'overlap_noise', 'init': 'oracle', 'mstar': 2.0, 'paper_mstar': 2.0, 'agrees': 1, 'n_seeds': 5, 'ms_all_distinct': '2.0;1.5;1.3;1.2;1.1'}
{'dataset': 'overlap_noise', 'init': 'fed_lossless_pre1', 'mstar': 2.0, 'paper_mstar': 2.0, 'agrees': 1, 'n_seeds': 5, 'ms_all_distinct': '2.0;1.5;1.3;1.2;1.1'}
{'dataset': 'quantity_skew_extreme', 'init': 'paper', 'mstar': 2.0, 'paper_mstar': 2.0, 'agrees': 1, 'n_seeds': 5, 'ms_all_distinct': '2.0;1.5;1.3;1.2;1.1'}
{'dataset': 'quantity_skew_extreme', 'init': 'kmeanspp_best10', 'mstar': 2.0, 'paper_mstar': 2.0, 'agrees': 1, 'n_seeds': 5, 'ms_all_distinct': '2.0;1.5;1.3;1.2;1.1'}
{'dataset': 'quantity_skew_extreme', 'init': 'oracle', 'mstar': 2.0, 'paper_mstar': 2.0, 'agrees': 1, 'n_seeds': 5, 'ms_all_distinct': '2.0;1.5;1.3;1.2;1.1'}
{'dataset': 'quantity_skew_extreme', 'init': 'fed_lossless_pre1', 'mstar': 2.0, 'paper_mstar': 2.0, 'agrees': 1, 'n_seeds': 5, 'ms_all_distinct': '2.0;1.5;1.3;1.2;1.1'}
{'dataset': 'wine', 'init': 'paper', 'mstar': 2.0, 'paper_mstar': 2.0, 'agrees': 1, 'n_seeds': 5, 'ms_all_distinct': '2.0;1.5;1.3;1.2;1.1'}
{'dataset': 'wine', 'init': 'kmeanspp_best10', 'mstar': 2.0, 'paper_mstar': 2.0, 'agrees': 1, 'n_seeds': 5, 'ms_all_distinct': '2.0;1.5;1.3;1.2;1.1'}
{'dataset': 'wine', 'init': 'oracle', 'mstar': 2.0, 'paper_mstar': 2.0, 'agrees': 1, 'n_seeds': 5, 'ms_all_distinct': '2.0;1.5;1.3;1.2;1.1'}
{'dataset': 'wine', 'init': 'fed_lossless_pre1', 'mstar': 2.0, 'paper_mstar': 2.0, 'agrees': 1, 'n_seeds': 5, 'ms_all_distinct': '2.0;1.5;1.3;1.2;1.1'}
{'dataset': 'satimage', 'init': 'paper', 'mstar': 2.0, 'paper_mstar': 2.0, 'agrees': 1, 'n_seeds': 5, 'ms_all_distinct': '2.0;1.5;1.3;1.2;1.1'}
{'dataset': 'satimage', 'init': 'kmeanspp_best10', 'mstar': 2.0, 'paper_mstar': 2.0, 'agrees': 1, 'n_seeds': 5, 'ms_all_distinct': '2.0;1.5;1.3;1.2;1.1'}
{'dataset': 'satimage', 'init': 'oracle', 'mstar': 2.0, 'paper_mstar': 2.0, 'agrees': 1, 'n_seeds': 5, 'ms_all_distinct': '2.0;1.5;1.3;1.2;1.1'}
{'dataset': 'satimage', 'init': 'fed_lossless_pre1', 'mstar': 2.0, 'paper_mstar': 2.0, 'agrees': 1, 'n_seeds': 5, 'ms_all_distinct': '2.0;1.5;1.3;1.2;1.1'}
{'dataset': 'pendigits', 'init': 'paper', 'mstar': 1.5, 'paper_mstar': 1.5, 'agrees': 1, 'n_seeds': 5, 'ms_all_distinct': '1.5;1.3;1.2;1.1'}
{'dataset': 'pendigits', 'init': 'kmeanspp_best10', 'mstar': 1.5, 'paper_mstar': 1.5, 'agrees': 1, 'n_seeds': 5, 'ms_all_distinct': '1.5;1.3;1.2;1.1'}
{'dataset': 'pendigits', 'init': 'oracle', 'mstar': 1.5, 'paper_mstar': 1.5, 'agrees': 1, 'n_seeds': 5, 'ms_all_distinct': '1.5;1.3;1.2;1.1'}
{'dataset': 'pendigits', 'init': 'fed_lossless_pre1', 'mstar': 1.5, 'paper_mstar': 1.5, 'agrees': 1, 'n_seeds': 5, 'ms_all_distinct': '1.5;1.3;1.2;1.1'}
{'dataset': 'digits_pca16', 'init': 'paper', 'mstar': 1.3, 'paper_mstar': 1.3, 'agrees': 1, 'n_seeds': 5, 'ms_all_distinct': '1.3;1.2;1.1'}
{'dataset': 'digits_pca16', 'init': 'kmeanspp_best10', 'mstar': 1.3, 'paper_mstar': 1.3, 'agrees': 1, 'n_seeds': 5, 'ms_all_distinct': '1.3;1.2;1.1'}
{'dataset': 'digits_pca16', 'init': 'oracle', 'mstar': 1.3, 'paper_mstar': 1.3, 'agrees': 1, 'n_seeds': 5, 'ms_all_distinct': '1.3;1.2;1.1'}
{'dataset': 'digits_pca16', 'init': 'fed_lossless_pre1', 'mstar': 1.3, 'paper_mstar': 1.3, 'agrees': 1, 'n_seeds': 5, 'ms_all_distinct': '1.3;1.2;1.1'}
{'dataset': 'digits_pca32', 'init': 'paper', 'mstar': 1.1, 'paper_mstar': 1.1, 'agrees': 1, 'n_seeds': 5, 'ms_all_distinct': '1.1'}
{'dataset': 'digits_pca32', 'init': 'kmeanspp_best10', 'mstar': 1.1, 'paper_mstar': 1.1, 'agrees': 1, 'n_seeds': 5, 'ms_all_distinct': '1.1'}
{'dataset': 'digits_pca32', 'init': 'oracle', 'mstar': 1.1, 'paper_mstar': 1.1, 'agrees': 1, 'n_seeds': 5, 'ms_all_distinct': '1.1'}
{'dataset': 'digits_pca32', 'init': 'fed_lossless_pre1', 'mstar': 1.1, 'paper_mstar': 1.1, 'agrees': 1, 'n_seeds': 5, 'ms_all_distinct': '1.1'}
{'dataset': 'letter', 'init': 'paper', 'mstar': 1.3, 'paper_mstar': 1.3, 'agrees': 1, 'n_seeds': 5, 'ms_all_distinct': '1.3;1.2;1.1'}
{'dataset': 'letter', 'init': 'kmeanspp_best10', 'mstar': 1.3, 'paper_mstar': 1.3, 'agrees': 1, 'n_seeds': 5, 'ms_all_distinct': '1.3;1.2;1.1'}
{'dataset': 'letter', 'init': 'oracle', 'mstar': 1.5, 'paper_mstar': 1.3, 'agrees': 0, 'n_seeds': 5, 'ms_all_distinct': '1.5;1.3;1.2;1.1'}
{'dataset': 'letter', 'init': 'fed_lossless_pre1', 'mstar': 1.3, 'paper_mstar': 1.3, 'agrees': 1, 'n_seeds': 5, 'ms_all_distinct': '1.3;1.2;1.1'}
{'dataset': 'mnist784_pca32 (20c)', 'init': 'paper', 'mstar': 1.1, 'paper_mstar': 1.1, 'agrees': 1, 'n_seeds': 5, 'ms_all_distinct': '1.1'}
{'dataset': 'mnist784_pca32 (20c)', 'init': 'kmeanspp_best10', 'mstar': 1.1, 'paper_mstar': 1.1, 'agrees': 1, 'n_seeds': 5, 'ms_all_distinct': '1.1'}
{'dataset': 'mnist784_pca32 (20c)', 'init': 'oracle', 'mstar': 1.1, 'paper_mstar': 1.1, 'agrees': 1, 'n_seeds': 5, 'ms_all_distinct': '1.1'}
{'dataset': 'mnist784_pca32 (20c)', 'init': 'fed_lossless_pre1', 'mstar': 1.1, 'paper_mstar': 1.1, 'agrees': 1, 'n_seeds': 5, 'ms_all_distinct': '1.1'}
{'dataset': 'mnist784_pca32 (50c)', 'init': 'paper', 'mstar': 1.1, 'paper_mstar': 1.1, 'agrees': 1, 'n_seeds': 5, 'ms_all_distinct': '1.1'}
{'dataset': 'mnist784_pca32 (50c)', 'init': 'kmeanspp_best10', 'mstar': 1.1, 'paper_mstar': 1.1, 'agrees': 1, 'n_seeds': 5, 'ms_all_distinct': '1.1'}
{'dataset': 'mnist784_pca32 (50c)', 'init': 'oracle', 'mstar': 1.1, 'paper_mstar': 1.1, 'agrees': 1, 'n_seeds': 5, 'ms_all_distinct': '1.1'}
{'dataset': 'mnist784_pca32 (50c)', 'init': 'fed_lossless_pre1', 'mstar': 1.1, 'paper_mstar': 1.1, 'agrees': 1, 'n_seeds': 5, 'ms_all_distinct': '1.1'}
