[cells 1/140] mnist784_pca32 (20c) (404s)
[cells 2/140] mnist784_pca32 (20c) (409s)
[cells 3/140] mnist784_pca32 (50c) (729s)
[cells 4/140] mnist784_pca32 (50c) (729s)
[cells 5/140] mnist784_pca32 (50c) (730s)
[cells 6/140] mnist784_pca32 (50c) (739s)
[cells 7/140] mnist784_pca32 (50c) (746s)
[cells 8/140] mnist784_pca32 (50c) (748s)
[cells 9/140] mnist784_pca32 (50c) (748s)
[cells 10/140] mnist784_pca32 (50c) (752s)
[cells 11/140] mnist784_pca32 (50c) (757s)
[cells 12/140] mnist784_pca32 (50c) (763s)
[cells 13/140] mnist784_pca32 (20c) (782s)
[cells 14/140] mnist784_pca32 (20c) (792s)
[cells 15/140] letter (1037s)
[cells 16/140] letter (1044s)
[cells 17/140] letter (1048s)
[cells 18/140] letter (1054s)
[cells 19/140] letter (1063s)
[cells 20/140] letter (1079s)
[cells 21/140] satimage (1104s)
[cells 22/140] mnist784_pca32 (20c) (1105s)
[cells 23/140] mnist784_pca32 (20c) (1106s)
[cells 24/140] mnist784_pca32 (20c) (1107s)
[cells 25/140] mnist784_pca32 (20c) (1115s)
[cells 26/140] mnist784_pca32 (20c) (1120s)
[cells 27/140] satimage (1125s)
[cells 28/140] mnist784_pca32 (20c) (1126s)
[cells 29/140] satimage (1145s)
[cells 30/140] satimage (1145s)
[cells 31/140] satimage (1146s)
[cells 32/140] satimage (1148s)
[cells 33/140] satimage (1156s)
[cells 34/140] satimage (1161s)
[cells 35/140] satimage (1168s)
[cells 36/140] satimage (1168s)
[cells 37/140] pendigits (1207s)
[cells 38/140] pendigits (1207s)
[cells 39/140] pendigits (1209s)
[cells 40/140] pendigits (1211s)
[cells 41/140] pendigits (1216s)
[cells 42/140] pendigits (1223s)
[cells 43/140] digits_pca16 (1226s)
[cells 44/140] digits_pca16 (1228s)
[cells 45/140] pendigits (1231s)
[cells 46/140] digits_pca16 (1232s)
[cells 47/140] pendigits (1233s)
[cells 48/140] digits_pca16 (1239s)
[cells 49/140] digits_pca16 (1242s)
[cells 50/140] digits_pca16 (1245s)
[cells 51/140] digits_pca16 (1247s)
[cells 52/140] digits_pca16 (1248s)
[cells 53/140] digits_pca16 (1249s)
[cells 54/140] digits_pca16 (1255s)
[cells 55/140] pendigits (1266s)
[cells 56/140] pendigits (1268s)
[cells 57/140] digits_pca32 (1270s)
[cells 58/140] digits_pca32 (1272s)
[cells 59/140] digits_pca32 (1274s)
[cells 60/140] digits_pca32 (1275s)
[cells 61/140] digits_pca32 (1277s)
[cells 62/140] cluster_skew_hard (1280s)
[cells 63/140] cluster_skew_hard (1280s)
[cells 64/140] cluster_skew_hard (1282s)
[cells 65/140] digits_pca32 (1282s)
[cells 66/140] cluster_skew_hard (1285s)
[cells 67/140] cluster_skew_hard (1285s)
[cells 68/140] cluster_skew_hard (1287s)
[cells 69/140] cluster_skew_hard (1288s)
[cells 70/140] digits_pca32 (1290s)
[cells 71/140] cluster_skew_hard (1291s)
[cells 72/140] cluster_skew_hard (1291s)
[cells 73/140] cluster_skew_hard (1292s)
[cells 74/140] cluster_skew_overlap (1294s)
[cells 75/140] digits_pca32 (1295s)
[cells 76/140] cluster_skew_overlap (1295s)
[cells 77/140] digits_pca32 (1296s)
[cells 78/140] digits_pca32 (1296s)
[cells 79/140] cluster_skew_overlap (1296s)
[cells 80/140] cluster_skew_overlap (1298s)
[cells 81/140] cluster_skew_overlap (1298s)
[cells 82/140] cluster_skew_overlap (1299s)
[cells 83/140] cluster_skew_overlap (1301s)
[cells 84/140] cluster_skew_overlap (1301s)
[cells 85/140] cluster_skew_overlap (1302s)
[cells 86/140] cluster_skew_overlap (1302s)
[cells 87/140] dirichlet_0.03 (1302s)
[cells 88/140] dirichlet_0.03 (1303s)
[cells 89/140] dirichlet_0.03 (1304s)
[cells 90/140] dirichlet_0.03 (1305s)
[cells 91/140] dirichlet_0.03 (1307s)
[cells 92/140] dirichlet_0.03 (1307s)
[cells 93/140] dirichlet_0.03 (1307s)
[cells 94/140] dirichlet_0.03 (1308s)
[cells 95/140] dirichlet_0.03 (1308s)
[cells 96/140] dirichlet_0.03 (1309s)
[cells 97/140] dirichlet_0.1 (1309s)
[cells 98/140] dirichlet_0.1 (1311s)
[cells 99/140] letter (1312s)
[cells 100/140] dirichlet_0.1 (1312s)
[cells 101/140] dirichlet_0.1 (1313s)
[cells 102/140] dirichlet_0.1 (1313s)
[cells 103/140] dirichlet_0.1 (1313s)
[cells 104/140] dirichlet_0.1 (1314s)
[cells 105/140] dirichlet_0.1 (1314s)
[cells 106/140] dirichlet_0.1 (1315s)
[cells 107/140] dirichlet_0.1 (1317s)
[cells 108/140] overlap_noise (1318s)
[cells 109/140] overlap_noise (1318s)
[cells 110/140] overlap_noise (1319s)
[cells 111/140] overlap_noise (1319s)
[cells 112/140] overlap_noise (1319s)
[cells 113/140] overlap_noise (1319s)
[cells 114/140] overlap_noise (1319s)
[cells 115/140] letter (1320s)
[cells 116/140] overlap_noise (1321s)
[cells 117/140] overlap_noise (1322s)
[cells 118/140] letter (1323s)
[cells 119/140] overlap_noise (1323s)
[cells 120/140] quantity_skew_extreme (1325s)
[cells 121/140] quantity_skew_extreme (1325s)
[cells 122/140] wine (1325s)
[cells 123/140] quantity_skew_extreme (1326s)
[cells 124/140] quantity_skew_extreme (1326s)
[cells 125/140] quantity_skew_extreme (1326s)
[cells 126/140] quantity_skew_extreme (1326s)
[cells 127/140] quantity_skew_extreme (1326s)
[cells 128/140] wine (1327s)
[cells 129/140] wine (1328s)
[cells 130/140] quantity_skew_extreme (1328s)
[cells 131/140] wine (1328s)
[cells 132/140] wine (1328s)
[cells 133/140] quantity_skew_extreme (1328s)
[cells 134/140] wine (1328s)
[cells 135/140] wine (1328s)
[cells 136/140] letter (1328s)
[cells 137/140] wine (1328s)
[cells 138/140] wine (1329s)
[cells 139/140] quantity_skew_extreme (1329s)
[cells 140/140] wine (1329s)
wrote 2240 rows to /Users/chunmaojiang/Dropbox/项目申请-开会-出国-z研究生-评审论文和项目/项目申请2026/ffcm-fuzzysetandsystem/experiments/results/t10/cells16_L1_s10-19.csv in 1329s
