[cells 1/140] mnist784_pca32 (20c) (1095s)
[cells 2/140] mnist784_pca32 (20c) (1102s)
[cells 3/140] mnist784_pca32 (50c) (2088s)
[cells 4/140] mnist784_pca32 (50c) (2109s)
[cells 5/140] mnist784_pca32 (50c) (2113s)
[cells 6/140] mnist784_pca32 (50c) (2126s)
[cells 7/140] mnist784_pca32 (50c) (2130s)
[cells 8/140] mnist784_pca32 (50c) (2137s)
[cells 9/140] mnist784_pca32 (50c) (2144s)
[cells 10/140] mnist784_pca32 (50c) (2149s)
[cells 11/140] mnist784_pca32 (50c) (2171s)
[cells 12/140] mnist784_pca32 (50c) (2184s)
[cells 13/140] mnist784_pca32 (20c) (2221s)
[cells 14/140] mnist784_pca32 (20c) (2249s)
[cells 15/140] letter (3014s)
[cells 16/140] letter (3030s)
[cells 17/140] letter (3051s)
[cells 18/140] letter (3078s)
[cells 19/140] letter (3083s)
[cells 20/140] letter (3116s)
[cells 21/140] satimage (3201s)
[cells 22/140] mnist784_pca32 (20c) (3217s)
[cells 23/140] mnist784_pca32 (20c) (3246s)
[cells 24/140] satimage (3248s)
[cells 25/140] mnist784_pca32 (20c) (3249s)
[cells 26/140] mnist784_pca32 (20c) (3270s)
[cells 27/140] mnist784_pca32 (20c) (3275s)
[cells 28/140] mnist784_pca32 (20c) (3278s)
[cells 29/140] satimage (3320s)
[cells 30/140] satimage (3322s)
[cells 31/140] satimage (3357s)
[cells 32/140] satimage (3366s)
[cells 33/140] satimage (3367s)
[cells 34/140] satimage (3378s)
[cells 35/140] satimage (3387s)
[cells 36/140] satimage (3402s)
[cells 37/140] pendigits (3490s)
[cells 38/140] pendigits (3497s)
[cells 39/140] pendigits (3535s)
[cells 40/140] pendigits (3545s)
[cells 41/140] pendigits (3555s)
[cells 42/140] pendigits (3557s)
[cells 43/140] pendigits (3567s)
[cells 44/140] digits_pca16 (3576s)
[cells 45/140] pendigits (3586s)
[cells 46/140] digits_pca16 (3589s)
[cells 47/140] digits_pca16 (3596s)
[cells 48/140] digits_pca16 (3597s)
[cells 49/140] digits_pca16 (3607s)
[cells 50/140] digits_pca16 (3616s)
[cells 51/140] digits_pca16 (3635s)
[cells 52/140] digits_pca16 (3635s)
[cells 53/140] digits_pca16 (3638s)
[cells 54/140] digits_pca16 (3640s)
[cells 55/140] pendigits (3653s)
[cells 56/140] pendigits (3670s)
[cells 57/140] digits_pca32 (3694s)
[cells 58/140] digits_pca32 (3700s)
[cells 59/140] digits_pca32 (3706s)
[cells 60/140] digits_pca32 (3712s)
[cells 61/140] cluster_skew_hard (3716s)
[cells 62/140] digits_pca32 (3719s)
[cells 63/140] digits_pca32 (3720s)
[cells 64/140] cluster_skew_hard (3721s)
[cells 65/140] digits_pca32 (3723s)
[cells 66/140] cluster_skew_hard (3726s)
[cells 67/140] digits_pca32 (3727s)
[cells 68/140] cluster_skew_hard (3730s)
[cells 69/140] cluster_skew_hard (3731s)
[cells 70/140] cluster_skew_hard (3732s)
[cells 71/140] cluster_skew_hard (3732s)
[cells 72/140] cluster_skew_hard (3736s)
[cells 73/140] cluster_skew_hard (3738s)
[cells 74/140] cluster_skew_hard (3741s)
[cells 75/140] cluster_skew_overlap (3742s)
[cells 76/140] cluster_skew_overlap (3742s)
[cells 77/140] cluster_skew_overlap (3742s)
[cells 78/140] cluster_skew_overlap (3745s)
[cells 79/140] cluster_skew_overlap (3748s)
[cells 80/140] cluster_skew_overlap (3752s)
[cells 81/140] cluster_skew_overlap (3752s)
[cells 82/140] cluster_skew_overlap (3753s)
[cells 83/140] cluster_skew_overlap (3754s)
[cells 84/140] cluster_skew_overlap (3755s)
[cells 85/140] dirichlet_0.03 (3759s)
[cells 86/140] dirichlet_0.03 (3763s)
[cells 87/140] dirichlet_0.03 (3764s)
[cells 88/140] dirichlet_0.03 (3765s)
[cells 89/140] dirichlet_0.03 (3766s)
[cells 90/140] dirichlet_0.03 (3766s)
[cells 91/140] dirichlet_0.03 (3771s)
[cells 92/140] digits_pca32 (3771s)
[cells 93/140] digits_pca32 (3773s)
[cells 94/140] dirichlet_0.03 (3773s)
[cells 95/140] dirichlet_0.03 (3776s)
[cells 96/140] dirichlet_0.1 (3776s)
[cells 97/140] dirichlet_0.1 (3776s)
[cells 98/140] dirichlet_0.03 (3776s)
[cells 99/140] dirichlet_0.1 (3781s)
[cells 100/140] dirichlet_0.1 (3782s)
[cells 101/140] dirichlet_0.1 (3784s)
[cells 102/140] dirichlet_0.1 (3784s)
[cells 103/140] dirichlet_0.1 (3786s)
[cells 104/140] dirichlet_0.1 (3786s)
[cells 105/140] dirichlet_0.1 (3787s)
[cells 106/140] dirichlet_0.1 (3787s)
[cells 107/140] overlap_noise (3791s)
[cells 108/140] overlap_noise (3793s)
[cells 109/140] overlap_noise (3794s)
[cells 110/140] overlap_noise (3795s)
[cells 111/140] overlap_noise (3796s)
[cells 112/140] overlap_noise (3797s)
[cells 113/140] overlap_noise (3797s)
[cells 114/140] overlap_noise (3798s)
[cells 115/140] letter (3798s)
[cells 116/140] overlap_noise (3800s)
[cells 117/140] overlap_noise (3803s)
[cells 118/140] quantity_skew_extreme (3807s)
[cells 119/140] quantity_skew_extreme (3808s)
[cells 120/140] quantity_skew_extreme (3808s)
[cells 121/140] quantity_skew_extreme (3810s)
[cells 122/140] quantity_skew_extreme (3810s)
[cells 123/140] quantity_skew_extreme (3810s)
[cells 124/140] wine (3812s)
[cells 125/140] quantity_skew_extreme (3812s)
[cells 126/140] wine (3813s)
[cells 127/140] quantity_skew_extreme (3813s)
[cells 128/140] wine (3814s)
[cells 129/140] wine (3814s)
[cells 130/140] wine (3815s)
[cells 131/140] quantity_skew_extreme (3815s)
[cells 132/140] wine (3816s)
[cells 133/140] wine (3816s)
[cells 134/140] wine (3816s)
[cells 135/140] wine (3817s)
[cells 136/140] wine (3818s)
[cells 137/140] letter (3818s)
[cells 138/140] quantity_skew_extreme (3818s)
[cells 139/140] letter (3831s)
[cells 140/140] letter (3845s)
wrote 2240 rows to /Users/chunmaojiang/Dropbox/项目申请-开会-出国-z研究生-评审论文和项目/项目申请2026/ffcm-fuzzysetandsystem/experiments/results/t10/cells16_L5_s00-09.csv in 3846s
