[cells 1/140] mnist784_pca32 (20c) (1135s)
[cells 2/140] mnist784_pca32 (20c) (1143s)
[cells 3/140] mnist784_pca32 (50c) (2281s)
[cells 4/140] mnist784_pca32 (20c) (2302s)
[cells 5/140] mnist784_pca32 (50c) (2313s)
[cells 6/140] mnist784_pca32 (50c) (2319s)
[cells 7/140] mnist784_pca32 (20c) (2319s)
[cells 8/140] mnist784_pca32 (50c) (2329s)
[cells 9/140] mnist784_pca32 (50c) (2330s)
[cells 10/140] mnist784_pca32 (50c) (2331s)
[cells 11/140] mnist784_pca32 (50c) (2334s)
[cells 12/140] mnist784_pca32 (50c) (2362s)
[cells 13/140] mnist784_pca32 (50c) (2375s)
[cells 14/140] mnist784_pca32 (50c) (2408s)
[cells 15/140] letter (3152s)
[cells 16/140] letter (3165s)
[cells 17/140] letter (3167s)
[cells 18/140] letter (3196s)
[cells 19/140] letter (3205s)
[cells 20/140] letter (3235s)
[cells 21/140] satimage (3325s)
[cells 22/140] satimage (3343s)
[cells 23/140] mnist784_pca32 (20c) (3414s)
[cells 24/140] mnist784_pca32 (20c) (3438s)
[cells 25/140] satimage (3439s)
[cells 26/140] mnist784_pca32 (20c) (3449s)
[cells 27/140] mnist784_pca32 (20c) (3453s)
[cells 28/140] satimage (3456s)
[cells 29/140] mnist784_pca32 (20c) (3459s)
[cells 30/140] mnist784_pca32 (20c) (3461s)
[cells 31/140] satimage (3515s)
[cells 32/140] satimage (3543s)
[cells 33/140] satimage (3556s)
[cells 34/140] satimage (3559s)
[cells 35/140] satimage (3560s)
[cells 36/140] satimage (3570s)
[cells 37/140] pendigits (3626s)
[cells 38/140] pendigits (3626s)
[cells 39/140] pendigits (3686s)
[cells 40/140] pendigits (3704s)
[cells 41/140] digits_pca16 (3723s)
[cells 42/140] pendigits (3728s)
[cells 43/140] pendigits (3730s)
[cells 44/140] pendigits (3737s)
[cells 45/140] digits_pca16 (3739s)
[cells 46/140] pendigits (3745s)
[cells 47/140] digits_pca16 (3759s)
[cells 48/140] digits_pca16 (3765s)
[cells 49/140] digits_pca16 (3765s)
[cells 50/140] digits_pca16 (3776s)
[cells 51/140] digits_pca16 (3780s)
[cells 52/140] digits_pca16 (3780s)
[cells 53/140] pendigits (3790s)
[cells 54/140] pendigits (3794s)
[cells 55/140] digits_pca16 (3796s)
[cells 56/140] digits_pca16 (3802s)
[cells 57/140] digits_pca32 (3837s)
[cells 58/140] digits_pca32 (3842s)
[cells 59/140] digits_pca32 (3843s)
[cells 60/140] cluster_skew_hard (3852s)
[cells 61/140] digits_pca32 (3853s)
[cells 62/140] digits_pca32 (3855s)
[cells 63/140] digits_pca32 (3857s)
[cells 64/140] digits_pca32 (3859s)
[cells 65/140] cluster_skew_hard (3862s)
[cells 66/140] cluster_skew_hard (3863s)
[cells 67/140] cluster_skew_hard (3865s)
[cells 68/140] cluster_skew_hard (3867s)
[cells 69/140] cluster_skew_hard (3868s)
[cells 70/140] cluster_skew_hard (3873s)
[cells 71/140] cluster_skew_hard (3874s)
[cells 72/140] digits_pca32 (3875s)
[cells 73/140] cluster_skew_hard (3876s)
[cells 74/140] cluster_skew_hard (3877s)
[cells 75/140] cluster_skew_overlap (3878s)
[cells 76/140] cluster_skew_overlap (3884s)
[cells 77/140] cluster_skew_overlap (3884s)
[cells 78/140] cluster_skew_overlap (3885s)
[cells 79/140] cluster_skew_overlap (3886s)
[cells 80/140] cluster_skew_overlap (3887s)
[cells 81/140] cluster_skew_overlap (3888s)
[cells 82/140] cluster_skew_overlap (3894s)
[cells 83/140] cluster_skew_overlap (3894s)
[cells 84/140] cluster_skew_overlap (3895s)
[cells 85/140] dirichlet_0.03 (3897s)
[cells 86/140] dirichlet_0.03 (3898s)
[cells 87/140] dirichlet_0.03 (3899s)
[cells 88/140] digits_pca32 (3902s)
[cells 89/140] dirichlet_0.03 (3905s)
[cells 90/140] dirichlet_0.03 (3905s)
[cells 91/140] dirichlet_0.03 (3906s)
[cells 92/140] dirichlet_0.03 (3908s)
[cells 93/140] dirichlet_0.03 (3910s)
[cells 94/140] dirichlet_0.03 (3910s)
[cells 95/140] digits_pca32 (3913s)
[cells 96/140] dirichlet_0.03 (3914s)
[cells 97/140] dirichlet_0.1 (3916s)
[cells 98/140] dirichlet_0.1 (3917s)
[cells 99/140] dirichlet_0.1 (3917s)
[cells 100/140] dirichlet_0.1 (3918s)
[cells 101/140] dirichlet_0.1 (3920s)
[cells 102/140] dirichlet_0.1 (3921s)
[cells 103/140] letter (3921s)
[cells 104/140] dirichlet_0.1 (3923s)
[cells 105/140] dirichlet_0.1 (3924s)
[cells 106/140] dirichlet_0.1 (3926s)
[cells 107/140] overlap_noise (3927s)
[cells 108/140] dirichlet_0.1 (3927s)
[cells 109/140] overlap_noise (3929s)
[cells 110/140] overlap_noise (3930s)
[cells 111/140] overlap_noise (3931s)
[cells 112/140] overlap_noise (3932s)
[cells 113/140] overlap_noise (3932s)
[cells 114/140] overlap_noise (3934s)
[cells 115/140] overlap_noise (3936s)
[cells 116/140] overlap_noise (3936s)
[cells 117/140] overlap_noise (3937s)
[cells 118/140] letter (3941s)
[cells 119/140] quantity_skew_extreme (3942s)
[cells 120/140] quantity_skew_extreme (3943s)
[cells 121/140] quantity_skew_extreme (3943s)
[cells 122/140] letter (3944s)
[cells 123/140] quantity_skew_extreme (3945s)
[cells 124/140] quantity_skew_extreme (3946s)
[cells 125/140] quantity_skew_extreme (3946s)
[cells 126/140] wine (3946s)
[cells 127/140] wine (3947s)
[cells 128/140] wine (3947s)
[cells 129/140] quantity_skew_extreme (3948s)
[cells 130/140] quantity_skew_extreme (3948s)
[cells 131/140] wine (3948s)
[cells 132/140] wine (3949s)
[cells 133/140] wine (3949s)
[cells 134/140] quantity_skew_extreme (3950s)
[cells 135/140] wine (3950s)
[cells 136/140] wine (3950s)
[cells 137/140] wine (3950s)
[cells 138/140] wine (3951s)
[cells 139/140] quantity_skew_extreme (3953s)
[cells 140/140] letter (3961s)
wrote 2240 rows to /Users/chunmaojiang/Dropbox/项目申请-开会-出国-z研究生-评审论文和项目/项目申请2026/ffcm-fuzzysetandsystem/experiments/results/t10/cells16_L5_s10-19.csv in 3962s
