[cells 1/140] mnist784_pca32 (20c) (415s)
[cells 2/140] mnist784_pca32 (20c) (417s)
[cells 3/140] mnist784_pca32 (50c) (733s)
[cells 4/140] mnist784_pca32 (50c) (734s)
[cells 5/140] mnist784_pca32 (50c) (734s)
[cells 6/140] mnist784_pca32 (50c) (736s)
[cells 7/140] mnist784_pca32 (50c) (737s)
[cells 8/140] mnist784_pca32 (50c) (739s)
[cells 9/140] mnist784_pca32 (50c) (740s)
[cells 10/140] mnist784_pca32 (50c) (743s)
[cells 11/140] mnist784_pca32 (50c) (754s)
[cells 12/140] mnist784_pca32 (50c) (756s)
[cells 13/140] mnist784_pca32 (20c) (828s)
[cells 14/140] mnist784_pca32 (20c) (830s)
[cells 15/140] letter (1025s)
[cells 16/140] letter (1029s)
[cells 17/140] letter (1038s)
[cells 18/140] letter (1042s)
[cells 19/140] letter (1105s)
[cells 20/140] letter (1106s)
[cells 21/140] mnist784_pca32 (20c) (1115s)
[cells 22/140] mnist784_pca32 (20c) (1117s)
[cells 23/140] mnist784_pca32 (20c) (1118s)
[cells 24/140] mnist784_pca32 (20c) (1120s)
[cells 25/140] mnist784_pca32 (20c) (1121s)
[cells 26/140] mnist784_pca32 (20c) (1122s)
[cells 27/140] satimage (1142s)
[cells 28/140] satimage (1142s)
[cells 29/140] satimage (1151s)
[cells 30/140] satimage (1151s)
[cells 31/140] satimage (1153s)
[cells 32/140] satimage (1155s)
[cells 33/140] satimage (1155s)
[cells 34/140] satimage (1157s)
[cells 35/140] satimage (1175s)
[cells 36/140] satimage (1176s)
[cells 37/140] pendigits (1207s)
[cells 38/140] pendigits (1208s)
[cells 39/140] pendigits (1211s)
[cells 40/140] pendigits (1212s)
[cells 41/140] pendigits (1212s)
[cells 42/140] pendigits (1214s)
[cells 43/140] digits_pca16 (1225s)
[cells 44/140] digits_pca16 (1226s)
[cells 45/140] digits_pca16 (1227s)
[cells 46/140] digits_pca16 (1230s)
[cells 47/140] pendigits (1232s)
[cells 48/140] pendigits (1233s)
[cells 49/140] digits_pca16 (1239s)
[cells 50/140] digits_pca16 (1241s)
[cells 51/140] digits_pca16 (1243s)
[cells 52/140] digits_pca16 (1245s)
[cells 53/140] digits_pca16 (1245s)
[cells 54/140] digits_pca16 (1249s)
[cells 55/140] digits_pca32 (1258s)
[cells 56/140] pendigits (1261s)
[cells 57/140] pendigits (1262s)
[cells 58/140] digits_pca32 (1264s)
[cells 59/140] digits_pca32 (1264s)
[cells 60/140] digits_pca32 (1265s)
[cells 61/140] digits_pca32 (1267s)
[cells 62/140] cluster_skew_hard (1270s)
[cells 63/140] digits_pca32 (1270s)
[cells 64/140] cluster_skew_hard (1271s)
[cells 65/140] cluster_skew_hard (1272s)
[cells 66/140] cluster_skew_hard (1275s)
[cells 67/140] cluster_skew_hard (1276s)
[cells 68/140] cluster_skew_hard (1276s)
[cells 69/140] cluster_skew_hard (1278s)
[cells 70/140] digits_pca32 (1279s)
[cells 71/140] cluster_skew_hard (1281s)
[cells 72/140] digits_pca32 (1281s)
[cells 73/140] cluster_skew_hard (1281s)
[cells 74/140] cluster_skew_hard (1281s)
[cells 75/140] digits_pca32 (1282s)
[cells 76/140] cluster_skew_overlap (1284s)
[cells 77/140] cluster_skew_overlap (1285s)
[cells 78/140] digits_pca32 (1285s)
[cells 79/140] cluster_skew_overlap (1287s)
[cells 80/140] cluster_skew_overlap (1287s)
[cells 81/140] cluster_skew_overlap (1287s)
[cells 82/140] cluster_skew_overlap (1288s)
[cells 83/140] cluster_skew_overlap (1288s)
[cells 84/140] cluster_skew_overlap (1290s)
[cells 85/140] letter (1291s)
[cells 86/140] cluster_skew_overlap (1291s)
[cells 87/140] cluster_skew_overlap (1291s)
[cells 88/140] dirichlet_0.03 (1292s)
[cells 89/140] dirichlet_0.03 (1292s)
[cells 90/140] dirichlet_0.03 (1293s)
[cells 91/140] dirichlet_0.03 (1294s)
[cells 92/140] dirichlet_0.03 (1294s)
[cells 93/140] letter (1295s)
[cells 94/140] dirichlet_0.03 (1296s)
[cells 95/140] dirichlet_0.03 (1296s)
[cells 96/140] dirichlet_0.03 (1296s)
[cells 97/140] dirichlet_0.03 (1298s)
[cells 98/140] dirichlet_0.1 (1298s)
[cells 99/140] dirichlet_0.03 (1298s)
[cells 100/140] dirichlet_0.1 (1298s)
[cells 101/140] dirichlet_0.1 (1299s)
[cells 102/140] dirichlet_0.1 (1300s)
[cells 103/140] dirichlet_0.1 (1301s)
[cells 104/140] dirichlet_0.1 (1301s)
[cells 105/140] dirichlet_0.1 (1301s)
[cells 106/140] dirichlet_0.1 (1301s)
[cells 107/140] letter (1302s)
[cells 108/140] dirichlet_0.1 (1303s)
[cells 109/140] overlap_noise (1303s)
[cells 110/140] dirichlet_0.1 (1303s)
[cells 111/140] overlap_noise (1304s)
[cells 112/140] overlap_noise (1305s)
[cells 113/140] letter (1305s)
[cells 114/140] overlap_noise (1306s)
[cells 115/140] overlap_noise (1307s)
[cells 116/140] overlap_noise (1307s)
[cells 117/140] overlap_noise (1307s)
[cells 118/140] overlap_noise (1308s)
[cells 119/140] overlap_noise (1308s)
[cells 120/140] overlap_noise (1308s)
[cells 121/140] quantity_skew_extreme (1309s)
[cells 122/140] quantity_skew_extreme (1309s)
[cells 123/140] wine (1311s)
[cells 124/140] quantity_skew_extreme (1311s)
[cells 125/140] quantity_skew_extreme (1311s)
[cells 126/140] wine (1311s)
[cells 127/140] wine (1312s)
[cells 128/140] quantity_skew_extreme (1312s)
[cells 129/140] wine (1312s)
[cells 130/140] quantity_skew_extreme (1312s)
[cells 131/140] quantity_skew_extreme (1313s)
[cells 132/140] quantity_skew_extreme (1313s)
[cells 133/140] wine (1313s)
[cells 134/140] quantity_skew_extreme (1313s)
[cells 135/140] wine (1313s)
[cells 136/140] wine (1313s)
[cells 137/140] wine (1314s)
[cells 138/140] wine (1314s)
[cells 139/140] wine (1314s)
[cells 140/140] quantity_skew_extreme (1314s)
wrote 2240 rows to /Users/chunmaojiang/Dropbox/项目申请-开会-出国-z研究生-评审论文和项目/项目申请2026/ffcm-fuzzysetandsystem/experiments/results/t10/cells16_L1_s00-09.csv in 1314s
