[cfcm 1/280] mnist784_pca32 (50c) (59s)
[cfcm 2/280] mnist784_pca32 (50c) (64s)
[cfcm 3/280] mnist784_pca32 (50c) (64s)
[cfcm 4/280] mnist784_pca32 (50c) (64s)
[cfcm 5/280] mnist784_pca32 (50c) (64s)
[cfcm 6/280] mnist784_pca32 (50c) (64s)
[cfcm 7/280] mnist784_pca32 (50c) (64s)
[cfcm 8/280] mnist784_pca32 (50c) (64s)
[cfcm 9/280] mnist784_pca32 (50c) (64s)
[cfcm 10/280] mnist784_pca32 (50c) (65s)
[cfcm 11/280] mnist784_pca32 (50c) (65s)
[cfcm 12/280] mnist784_pca32 (50c) (65s)
[cfcm 13/280] mnist784_pca32 (50c) (113s)
[cfcm 14/280] mnist784_pca32 (50c) (114s)
[cfcm 15/280] mnist784_pca32 (50c) (118s)
[cfcm 16/280] mnist784_pca32 (20c) (120s)
[cfcm 17/280] mnist784_pca32 (50c) (125s)
[cfcm 18/280] mnist784_pca32 (50c) (125s)
[cfcm 19/280] mnist784_pca32 (50c) (126s)
[cfcm 20/280] mnist784_pca32 (20c) (127s)
[cfcm 21/280] mnist784_pca32 (50c) (127s)
[cfcm 22/280] mnist784_pca32 (20c) (127s)
[cfcm 23/280] mnist784_pca32 (50c) (127s)
[cfcm 24/280] mnist784_pca32 (20c) (128s)
[cfcm 25/280] mnist784_pca32 (20c) (187s)
[cfcm 26/280] mnist784_pca32 (20c) (188s)
[cfcm 27/280] mnist784_pca32 (20c) (194s)
[cfcm 28/280] mnist784_pca32 (20c) (194s)
[cfcm 29/280] mnist784_pca32 (20c) (196s)
[cfcm 30/280] mnist784_pca32 (20c) (199s)
[cfcm 31/280] mnist784_pca32 (20c) (200s)
[cfcm 32/280] mnist784_pca32 (20c) (201s)
[cfcm 33/280] mnist784_pca32 (20c) (203s)
[cfcm 34/280] mnist784_pca32 (20c) (205s)
[cfcm 35/280] mnist784_pca32 (20c) (205s)
[cfcm 36/280] mnist784_pca32 (20c) (207s)
[cfcm 37/280] letter (223s)
[cfcm 38/280] letter (226s)
[cfcm 39/280] letter (226s)
[cfcm 40/280] letter (227s)
[cfcm 41/280] letter (229s)
[cfcm 42/280] letter (230s)
[cfcm 43/280] letter (230s)
[cfcm 44/280] letter (232s)
[cfcm 45/280] mnist784_pca32 (20c) (249s)
[cfcm 46/280] mnist784_pca32 (20c) (249s)
[cfcm 47/280] letter (249s)
[cfcm 48/280] letter (253s)
[cfcm 49/280] letter (253s)
[cfcm 50/280] letter (254s)
[cfcm 51/280] satimage (254s)
[cfcm 52/280] satimage (255s)
[cfcm 53/280] satimage (255s)
[cfcm 54/280] mnist784_pca32 (20c) (255s)
[cfcm 55/280] satimage (256s)
[cfcm 56/280] satimage (256s)
[cfcm 57/280] mnist784_pca32 (20c) (256s)
[cfcm 58/280] letter (256s)
[cfcm 59/280] satimage (256s)
[cfcm 60/280] satimage (257s)
[cfcm 61/280] satimage (257s)
[cfcm 62/280] satimage (257s)
[cfcm 63/280] satimage (257s)
[cfcm 64/280] letter (257s)
[cfcm 65/280] letter (257s)
[cfcm 66/280] satimage (258s)
[cfcm 67/280] satimage (258s)
[cfcm 68/280] satimage (258s)
[cfcm 69/280] satimage (258s)
[cfcm 70/280] satimage (258s)
[cfcm 71/280] satimage (258s)
[cfcm 72/280] satimage (258s)
[cfcm 73/280] satimage (259s)
[cfcm 74/280] satimage (259s)
[cfcm 75/280] satimage (259s)
[cfcm 76/280] pendigits (259s)
[cfcm 77/280] pendigits (259s)
[cfcm 78/280] letter (259s)
[cfcm 79/280] pendigits (260s)
[cfcm 80/280] pendigits (260s)
[cfcm 81/280] pendigits (260s)
[cfcm 82/280] pendigits (261s)
[cfcm 83/280] pendigits (261s)
[cfcm 84/280] pendigits (261s)
[cfcm 85/280] pendigits (262s)
[cfcm 86/280] pendigits (262s)
[cfcm 87/280] pendigits (262s)
[cfcm 88/280] pendigits (262s)
[cfcm 89/280] pendigits (263s)
[cfcm 90/280] pendigits (263s)
[cfcm 91/280] pendigits (263s)
[cfcm 92/280] digits_pca16 (263s)
[cfcm 93/280] pendigits (264s)
[cfcm 94/280] digits_pca16 (264s)
[cfcm 95/280] pendigits (264s)
[cfcm 96/280] pendigits (264s)
[cfcm 97/280] digits_pca16 (264s)
[cfcm 98/280] pendigits (264s)
[cfcm 99/280] digits_pca16 (264s)
[cfcm 100/280] pendigits (265s)
[cfcm 101/280] digits_pca16 (265s)
[cfcm 102/280] digits_pca16 (265s)
[cfcm 103/280] digits_pca16 (265s)
[cfcm 104/280] digits_pca16 (265s)
[cfcm 105/280] digits_pca16 (265s)
[cfcm 106/280] digits_pca16 (265s)
[cfcm 107/280] digits_pca16 (265s)
[cfcm 108/280] digits_pca16 (265s)
[cfcm 109/280] digits_pca16 (265s)
[cfcm 110/280] digits_pca16 (265s)
[cfcm 111/280] digits_pca16 (266s)
[cfcm 112/280] digits_pca16 (266s)
[cfcm 113/280] digits_pca16 (266s)
[cfcm 114/280] digits_pca16 (266s)
[cfcm 115/280] digits_pca16 (266s)
[cfcm 116/280] digits_pca16 (266s)
[cfcm 117/280] digits_pca32 (267s)
[cfcm 118/280] digits_pca32 (267s)
[cfcm 119/280] digits_pca32 (267s)
[cfcm 120/280] digits_pca32 (267s)
[cfcm 121/280] digits_pca32 (267s)
[cfcm 122/280] digits_pca32 (267s)
[cfcm 123/280] digits_pca32 (268s)
[cfcm 124/280] digits_pca32 (268s)
[cfcm 125/280] digits_pca32 (268s)
[cfcm 126/280] digits_pca32 (268s)
[cfcm 127/280] digits_pca32 (269s)
[cfcm 128/280] digits_pca32 (269s)
[cfcm 129/280] digits_pca32 (269s)
[cfcm 130/280] cluster_skew_hard (269s)
[cfcm 131/280] digits_pca32 (269s)
[cfcm 132/280] cluster_skew_hard (269s)
[cfcm 133/280] cluster_skew_hard (269s)
[cfcm 134/280] cluster_skew_hard (269s)
[cfcm 135/280] cluster_skew_hard (269s)
[cfcm 136/280] cluster_skew_hard (269s)
[cfcm 137/280] cluster_skew_hard (269s)
[cfcm 138/280] cluster_skew_hard (269s)
[cfcm 139/280] cluster_skew_hard (269s)
[cfcm 140/280] cluster_skew_hard (269s)
[cfcm 141/280] cluster_skew_hard (269s)
[cfcm 142/280] cluster_skew_hard (269s)
[cfcm 143/280] cluster_skew_hard (269s)
[cfcm 144/280] digits_pca32 (269s)
[cfcm 145/280] cluster_skew_hard (269s)
[cfcm 146/280] cluster_skew_hard (269s)
[cfcm 147/280] cluster_skew_hard (269s)
[cfcm 148/280] cluster_skew_hard (269s)
[cfcm 149/280] cluster_skew_hard (269s)
[cfcm 150/280] cluster_skew_hard (269s)
[cfcm 151/280] cluster_skew_hard (269s)
[cfcm 152/280] cluster_skew_overlap (269s)
[cfcm 153/280] cluster_skew_overlap (269s)
[cfcm 154/280] cluster_skew_overlap (269s)
[cfcm 155/280] cluster_skew_overlap (269s)
[cfcm 156/280] digits_pca32 (269s)
[cfcm 157/280] cluster_skew_overlap (269s)
[cfcm 158/280] digits_pca32 (269s)
[cfcm 159/280] cluster_skew_overlap (269s)
[cfcm 160/280] cluster_skew_overlap (269s)
[cfcm 161/280] cluster_skew_overlap (269s)
[cfcm 162/280] cluster_skew_overlap (269s)
[cfcm 163/280] cluster_skew_overlap (269s)
[cfcm 164/280] cluster_skew_overlap (269s)
[cfcm 165/280] cluster_skew_overlap (269s)
[cfcm 166/280] cluster_skew_overlap (269s)
[cfcm 167/280] cluster_skew_overlap (269s)
[cfcm 168/280] cluster_skew_overlap (269s)
[cfcm 169/280] cluster_skew_overlap (269s)
[cfcm 170/280] digits_pca32 (269s)
[cfcm 171/280] dirichlet_0.03 (269s)
[cfcm 172/280] dirichlet_0.03 (269s)
[cfcm 173/280] cluster_skew_overlap (269s)
[cfcm 174/280] cluster_skew_overlap (269s)
[cfcm 175/280] cluster_skew_overlap (269s)
[cfcm 176/280] dirichlet_0.03 (269s)
[cfcm 177/280] dirichlet_0.03 (269s)
[cfcm 178/280] cluster_skew_overlap (269s)
[cfcm 179/280] dirichlet_0.03 (269s)
[cfcm 180/280] dirichlet_0.03 (269s)
[cfcm 181/280] dirichlet_0.03 (269s)
[cfcm 182/280] dirichlet_0.03 (269s)
[cfcm 183/280] dirichlet_0.03 (269s)
[cfcm 184/280] dirichlet_0.03 (269s)
[cfcm 185/280] dirichlet_0.03 (269s)
[cfcm 186/280] dirichlet_0.03 (269s)
[cfcm 187/280] dirichlet_0.03 (269s)
[cfcm 188/280] dirichlet_0.03 (269s)
[cfcm 189/280] dirichlet_0.03 (269s)
[cfcm 190/280] dirichlet_0.03 (269s)
[cfcm 191/280] dirichlet_0.03 (269s)
[cfcm 192/280] dirichlet_0.03 (269s)
[cfcm 193/280] dirichlet_0.03 (269s)
[cfcm 194/280] dirichlet_0.1 (269s)
[cfcm 195/280] digits_pca32 (269s)
[cfcm 196/280] dirichlet_0.1 (269s)
[cfcm 197/280] dirichlet_0.03 (269s)
[cfcm 198/280] dirichlet_0.1 (269s)
[cfcm 199/280] dirichlet_0.1 (269s)
[cfcm 200/280] dirichlet_0.1 (269s)
[cfcm 201/280] dirichlet_0.1 (269s)
[cfcm 202/280] dirichlet_0.1 (269s)
[cfcm 203/280] dirichlet_0.1 (269s)
[cfcm 204/280] dirichlet_0.1 (269s)
[cfcm 205/280] dirichlet_0.1 (269s)
[cfcm 206/280] dirichlet_0.1 (269s)
[cfcm 207/280] dirichlet_0.1 (269s)
[cfcm 208/280] dirichlet_0.1 (269s)
[cfcm 209/280] dirichlet_0.1 (269s)
[cfcm 210/280] dirichlet_0.1 (269s)
[cfcm 211/280] dirichlet_0.1 (269s)
[cfcm 212/280] dirichlet_0.1 (269s)
[cfcm 213/280] dirichlet_0.1 (269s)
[cfcm 214/280] overlap_noise (269s)
[cfcm 215/280] overlap_noise (269s)
[cfcm 216/280] overlap_noise (269s)
[cfcm 217/280] dirichlet_0.1 (269s)
[cfcm 218/280] overlap_noise (269s)
[cfcm 219/280] overlap_noise (269s)
[cfcm 220/280] overlap_noise (269s)
[cfcm 221/280] overlap_noise (269s)
[cfcm 222/280] dirichlet_0.1 (269s)
[cfcm 223/280] overlap_noise (269s)
[cfcm 224/280] overlap_noise (269s)
[cfcm 225/280] overlap_noise (269s)
[cfcm 226/280] overlap_noise (269s)
[cfcm 227/280] overlap_noise (269s)
[cfcm 228/280] overlap_noise (269s)
[cfcm 229/280] overlap_noise (269s)
[cfcm 230/280] overlap_noise (269s)
[cfcm 231/280] overlap_noise (270s)
[cfcm 232/280] overlap_noise (270s)
[cfcm 233/280] overlap_noise (270s)
[cfcm 234/280] overlap_noise (270s)
[cfcm 235/280] quantity_skew_extreme (270s)
[cfcm 236/280] quantity_skew_extreme (270s)
[cfcm 237/280] quantity_skew_extreme (270s)
[cfcm 238/280] quantity_skew_extreme (270s)
[cfcm 239/280] quantity_skew_extreme (270s)
[cfcm 240/280] quantity_skew_extreme (270s)
[cfcm 241/280] quantity_skew_extreme (270s)
[cfcm 242/280] quantity_skew_extreme (270s)
[cfcm 243/280] quantity_skew_extreme (270s)
[cfcm 244/280] quantity_skew_extreme (270s)
[cfcm 245/280] quantity_skew_extreme (270s)
[cfcm 246/280] quantity_skew_extreme (270s)
[cfcm 247/280] quantity_skew_extreme (270s)
[cfcm 248/280] quantity_skew_extreme (270s)
[cfcm 249/280] quantity_skew_extreme (270s)
[cfcm 250/280] quantity_skew_extreme (270s)
[cfcm 251/280] quantity_skew_extreme (270s)
[cfcm 252/280] wine (270s)
[cfcm 253/280] overlap_noise (270s)
[cfcm 254/280] wine (270s)
[cfcm 255/280] wine (270s)
[cfcm 256/280] wine (270s)
[cfcm 257/280] quantity_skew_extreme (270s)
[cfcm 258/280] wine (270s)
[cfcm 259/280] wine (270s)
[cfcm 260/280] wine (270s)
[cfcm 261/280] wine (270s)
[cfcm 262/280] wine (270s)
[cfcm 263/280] wine (270s)
[cfcm 264/280] wine (270s)
[cfcm 265/280] wine (270s)
[cfcm 266/280] wine (270s)
[cfcm 267/280] quantity_skew_extreme (270s)
[cfcm 268/280] wine (270s)
[cfcm 269/280] wine (270s)
[cfcm 270/280] wine (270s)
[cfcm 271/280] wine (270s)
[cfcm 272/280] wine (270s)
[cfcm 273/280] wine (270s)
[cfcm 274/280] wine (270s)
[cfcm 275/280] quantity_skew_extreme (270s)
[cfcm 276/280] digits_pca32 (270s)
[cfcm 277/280] letter (273s)
[cfcm 278/280] letter (273s)
[cfcm 279/280] letter (273s)
[cfcm 280/280] letter (274s)
wrote 280 rows to /Users/chunmaojiang/Dropbox/项目申请-开会-出国-z研究生-评审论文和项目/项目申请2026/ffcm-fuzzysetandsystem/experiments/results/t10/cfcm_s00-19.csv in 275s
