[cells 1/280] mnist784_pca32 (50c) (320s)
[cells 2/280] mnist784_pca32 (50c) (321s)
[cells 3/280] mnist784_pca32 (50c) (321s)
[cells 4/280] mnist784_pca32 (50c) (322s)
[cells 5/280] mnist784_pca32 (50c) (323s)
[cells 6/280] mnist784_pca32 (50c) (328s)
[cells 7/280] mnist784_pca32 (50c) (329s)
[cells 8/280] mnist784_pca32 (50c) (329s)
[cells 9/280] mnist784_pca32 (50c) (329s)
[cells 10/280] mnist784_pca32 (50c) (330s)
[cells 11/280] mnist784_pca32 (50c) (331s)
[cells 12/280] mnist784_pca32 (50c) (331s)
[cells 13/280] mnist784_pca32 (50c) (619s)
[cells 14/280] mnist784_pca32 (50c) (623s)
[cells 15/280] mnist784_pca32 (50c) (624s)
[cells 16/280] mnist784_pca32 (50c) (624s)
[cells 17/280] mnist784_pca32 (50c) (625s)
[cells 18/280] mnist784_pca32 (50c) (632s)
[cells 19/280] mnist784_pca32 (20c) (637s)
[cells 20/280] mnist784_pca32 (20c) (639s)
[cells 21/280] mnist784_pca32 (50c) (646s)
[cells 22/280] mnist784_pca32 (20c) (647s)
[cells 23/280] mnist784_pca32 (50c) (648s)
[cells 24/280] mnist784_pca32 (20c) (655s)
[cells 25/280] mnist784_pca32 (20c) (932s)
[cells 26/280] mnist784_pca32 (20c) (939s)
[cells 27/280] mnist784_pca32 (20c) (939s)
[cells 28/280] mnist784_pca32 (20c) (940s)
[cells 29/280] mnist784_pca32 (20c) (943s)
[cells 30/280] mnist784_pca32 (20c) (946s)
[cells 31/280] mnist784_pca32 (20c) (947s)
[cells 32/280] mnist784_pca32 (20c) (959s)
[cells 33/280] mnist784_pca32 (20c) (962s)
[cells 34/280] mnist784_pca32 (20c) (965s)
[cells 35/280] mnist784_pca32 (20c) (969s)
[cells 36/280] mnist784_pca32 (20c) (979s)
[cells 37/280] letter (1080s)
[cells 38/280] letter (1081s)
[cells 39/280] letter (1084s)
[cells 40/280] letter (1098s)
[cells 41/280] letter (1100s)
[cells 42/280] letter (1103s)
[cells 43/280] letter (1110s)
[cells 44/280] letter (1118s)
[cells 45/280] letter (1215s)
[cells 46/280] letter (1218s)
[cells 47/280] letter (1225s)
[cells 48/280] mnist784_pca32 (20c) (1236s)
[cells 49/280] letter (1239s)
[cells 50/280] letter (1240s)
[cells 51/280] letter (1243s)
[cells 52/280] mnist784_pca32 (20c) (1244s)
[cells 53/280] mnist784_pca32 (20c) (1249s)
[cells 54/280] mnist784_pca32 (20c) (1251s)
[cells 55/280] letter (1254s)
[cells 56/280] satimage (1256s)
[cells 57/280] satimage (1257s)
[cells 58/280] letter (1259s)
[cells 59/280] satimage (1259s)
[cells 60/280] satimage (1260s)
[cells 61/280] satimage (1266s)
[cells 62/280] satimage (1270s)
[cells 63/280] satimage (1271s)
[cells 64/280] satimage (1274s)
[cells 65/280] satimage (1274s)
[cells 66/280] satimage (1275s)
[cells 67/280] satimage (1276s)
[cells 68/280] satimage (1279s)
[cells 69/280] satimage (1284s)
[cells 70/280] satimage (1285s)
[cells 71/280] satimage (1287s)
[cells 72/280] satimage (1289s)
[cells 73/280] satimage (1291s)
[cells 74/280] satimage (1294s)
[cells 75/280] satimage (1294s)
[cells 76/280] satimage (1294s)
[cells 77/280] pendigits (1310s)
[cells 78/280] pendigits (1313s)
[cells 79/280] pendigits (1314s)
[cells 80/280] pendigits (1315s)
[cells 81/280] pendigits (1316s)
[cells 82/280] pendigits (1317s)
[cells 83/280] pendigits (1318s)
[cells 84/280] pendigits (1319s)
[cells 85/280] pendigits (1332s)
[cells 86/280] pendigits (1338s)
[cells 87/280] pendigits (1341s)
[cells 88/280] pendigits (1341s)
[cells 89/280] pendigits (1341s)
[cells 90/280] pendigits (1341s)
[cells 91/280] pendigits (1341s)
[cells 92/280] letter (1342s)
[cells 93/280] pendigits (1344s)
[cells 94/280] digits_pca16 (1347s)
[cells 95/280] digits_pca16 (1347s)
[cells 96/280] letter (1348s)
[cells 97/280] digits_pca16 (1349s)
[cells 98/280] digits_pca16 (1349s)
[cells 99/280] digits_pca16 (1352s)
[cells 100/280] letter (1352s)
[cells 101/280] digits_pca16 (1353s)
[cells 102/280] digits_pca16 (1355s)
[cells 103/280] pendigits (1356s)
[cells 104/280] digits_pca16 (1356s)
[cells 105/280] digits_pca16 (1356s)
[cells 106/280] digits_pca16 (1357s)
[cells 107/280] digits_pca16 (1358s)
[cells 108/280] digits_pca16 (1360s)
[cells 109/280] digits_pca16 (1361s)
[cells 110/280] digits_pca16 (1361s)
[cells 111/280] pendigits (1361s)
[cells 112/280] letter (1361s)
[cells 113/280] digits_pca16 (1362s)
[cells 114/280] pendigits (1363s)
[cells 115/280] digits_pca16 (1364s)
[cells 116/280] digits_pca16 (1364s)
[cells 117/280] digits_pca16 (1364s)
[cells 118/280] digits_pca16 (1365s)
[cells 119/280] pendigits (1365s)
[cells 120/280] digits_pca16 (1369s)
[cells 121/280] digits_pca32 (1372s)
[cells 122/280] digits_pca32 (1374s)
[cells 123/280] digits_pca32 (1374s)
[cells 124/280] digits_pca32 (1374s)
[cells 125/280] digits_pca32 (1375s)
[cells 126/280] digits_pca32 (1376s)
[cells 127/280] digits_pca32 (1377s)
[cells 128/280] digits_pca32 (1382s)
[cells 129/280] digits_pca32 (1382s)
[cells 130/280] digits_pca32 (1383s)
[cells 131/280] cluster_skew_hard (1383s)
[cells 132/280] digits_pca32 (1384s)
[cells 133/280] digits_pca32 (1384s)
[cells 134/280] cluster_skew_hard (1384s)
[cells 135/280] cluster_skew_hard (1385s)
[cells 136/280] digits_pca32 (1385s)
[cells 137/280] cluster_skew_hard (1386s)
[cells 138/280] cluster_skew_hard (1386s)
[cells 139/280] digits_pca32 (1386s)
[cells 140/280] cluster_skew_hard (1386s)
[cells 141/280] digits_pca32 (1387s)
[cells 142/280] cluster_skew_hard (1387s)
[cells 143/280] cluster_skew_hard (1387s)
[cells 144/280] digits_pca32 (1387s)
[cells 145/280] cluster_skew_hard (1387s)
[cells 146/280] digits_pca32 (1388s)
[cells 147/280] cluster_skew_hard (1388s)
[cells 148/280] cluster_skew_hard (1388s)
[cells 149/280] cluster_skew_hard (1388s)
[cells 150/280] digits_pca32 (1388s)
[cells 151/280] cluster_skew_hard (1388s)
[cells 152/280] cluster_skew_hard (1389s)
[cells 153/280] cluster_skew_hard (1389s)
[cells 154/280] cluster_skew_hard (1389s)
[cells 155/280] cluster_skew_hard (1389s)
[cells 156/280] cluster_skew_hard (1389s)
[cells 157/280] cluster_skew_hard (1390s)
[cells 158/280] cluster_skew_hard (1390s)
[cells 159/280] cluster_skew_overlap (1390s)
[cells 160/280] cluster_skew_overlap (1390s)
[cells 161/280] cluster_skew_overlap (1390s)
[cells 162/280] cluster_skew_overlap (1390s)
[cells 163/280] cluster_skew_overlap (1391s)
[cells 164/280] cluster_skew_overlap (1391s)
[cells 165/280] cluster_skew_overlap (1391s)
[cells 166/280] cluster_skew_overlap (1391s)
[cells 167/280] cluster_skew_overlap (1391s)
[cells 168/280] cluster_skew_overlap (1391s)
[cells 169/280] cluster_skew_overlap (1392s)
[cells 170/280] cluster_skew_overlap (1392s)
[cells 171/280] cluster_skew_overlap (1392s)
[cells 172/280] cluster_skew_overlap (1392s)
[cells 173/280] cluster_skew_overlap (1393s)
[cells 174/280] cluster_skew_overlap (1393s)
[cells 175/280] cluster_skew_overlap (1393s)
[cells 176/280] cluster_skew_overlap (1393s)
[cells 177/280] cluster_skew_overlap (1393s)
[cells 178/280] cluster_skew_overlap (1393s)
[cells 179/280] dirichlet_0.03 (1393s)
[cells 180/280] digits_pca32 (1394s)
[cells 181/280] dirichlet_0.03 (1394s)
[cells 182/280] dirichlet_0.03 (1394s)
[cells 183/280] dirichlet_0.03 (1394s)
[cells 184/280] dirichlet_0.03 (1395s)
[cells 185/280] dirichlet_0.03 (1395s)
[cells 186/280] dirichlet_0.03 (1395s)
[cells 187/280] dirichlet_0.03 (1395s)
[cells 188/280] dirichlet_0.03 (1395s)
[cells 189/280] dirichlet_0.03 (1395s)
[cells 190/280] dirichlet_0.03 (1396s)
[cells 191/280] dirichlet_0.03 (1396s)
[cells 192/280] dirichlet_0.03 (1396s)
[cells 193/280] dirichlet_0.03 (1396s)
[cells 194/280] dirichlet_0.03 (1396s)
[cells 195/280] dirichlet_0.03 (1397s)
[cells 196/280] dirichlet_0.03 (1397s)
[cells 197/280] dirichlet_0.03 (1397s)
[cells 198/280] dirichlet_0.1 (1397s)
[cells 199/280] dirichlet_0.03 (1397s)
[cells 200/280] dirichlet_0.1 (1397s)
[cells 201/280] dirichlet_0.03 (1397s)
[cells 202/280] dirichlet_0.1 (1398s)
[cells 203/280] dirichlet_0.1 (1398s)
[cells 204/280] digits_pca32 (1398s)
[cells 205/280] dirichlet_0.1 (1398s)
[cells 206/280] dirichlet_0.1 (1398s)
[cells 207/280] dirichlet_0.1 (1398s)
[cells 208/280] dirichlet_0.1 (1398s)
[cells 209/280] dirichlet_0.1 (1399s)
[cells 210/280] dirichlet_0.1 (1399s)
[cells 211/280] dirichlet_0.1 (1399s)
[cells 212/280] dirichlet_0.1 (1399s)
[cells 213/280] dirichlet_0.1 (1399s)
[cells 214/280] dirichlet_0.1 (1399s)
[cells 215/280] dirichlet_0.1 (1400s)
[cells 216/280] dirichlet_0.1 (1400s)
[cells 217/280] dirichlet_0.1 (1400s)
[cells 218/280] dirichlet_0.1 (1400s)
[cells 219/280] dirichlet_0.1 (1400s)
[cells 220/280] dirichlet_0.1 (1400s)
[cells 221/280] overlap_noise (1400s)
[cells 222/280] overlap_noise (1401s)
[cells 223/280] overlap_noise (1401s)
[cells 224/280] overlap_noise (1401s)
[cells 225/280] overlap_noise (1401s)
[cells 226/280] overlap_noise (1401s)
[cells 227/280] overlap_noise (1401s)
[cells 228/280] overlap_noise (1401s)
[cells 229/280] overlap_noise (1401s)
[cells 230/280] overlap_noise (1401s)
[cells 231/280] overlap_noise (1402s)
[cells 232/280] overlap_noise (1402s)
[cells 233/280] overlap_noise (1402s)
[cells 234/280] overlap_noise (1402s)
[cells 235/280] overlap_noise (1402s)
[cells 236/280] overlap_noise (1402s)
[cells 237/280] overlap_noise (1402s)
[cells 238/280] overlap_noise (1403s)
[cells 239/280] overlap_noise (1403s)
[cells 240/280] overlap_noise (1403s)
[cells 241/280] quantity_skew_extreme (1403s)
[cells 242/280] quantity_skew_extreme (1404s)
[cells 243/280] quantity_skew_extreme (1404s)
[cells 244/280] quantity_skew_extreme (1404s)
[cells 245/280] quantity_skew_extreme (1404s)
[cells 246/280] quantity_skew_extreme (1404s)
[cells 247/280] quantity_skew_extreme (1404s)
[cells 248/280] quantity_skew_extreme (1404s)
[cells 249/280] quantity_skew_extreme (1404s)
[cells 250/280] quantity_skew_extreme (1404s)
[cells 251/280] quantity_skew_extreme (1405s)
[cells 252/280] quantity_skew_extreme (1405s)
[cells 253/280] quantity_skew_extreme (1405s)
[cells 254/280] wine (1405s)
[cells 255/280] wine (1405s)
[cells 256/280] wine (1405s)
[cells 257/280] wine (1405s)
[cells 258/280] wine (1406s)
[cells 259/280] quantity_skew_extreme (1406s)
[cells 260/280] wine (1406s)
[cells 261/280] quantity_skew_extreme (1406s)
[cells 262/280] wine (1406s)
[cells 263/280] wine (1406s)
[cells 264/280] quantity_skew_extreme (1406s)
[cells 265/280] quantity_skew_extreme (1406s)
[cells 266/280] quantity_skew_extreme (1406s)
[cells 267/280] wine (1406s)
[cells 268/280] wine (1406s)
[cells 269/280] wine (1406s)
[cells 270/280] wine (1406s)
[cells 271/280] wine (1406s)
[cells 272/280] wine (1407s)
[cells 273/280] quantity_skew_extreme (1407s)
[cells 274/280] quantity_skew_extreme (1407s)
[cells 275/280] wine (1407s)
[cells 276/280] wine (1407s)
[cells 277/280] wine (1407s)
[cells 278/280] wine (1407s)
[cells 279/280] wine (1407s)
[cells 280/280] wine (1407s)
wrote 1120 rows to /Users/chunmaojiang/Dropbox/项目申请-开会-出国-z研究生-评审论文和项目/项目申请2026/ffcm-fuzzysetandsystem/experiments/results/t10/ec_split_L5_s00-19.csv in 1407s
