[cells 1/140] mnist784_pca32 (20c) (157s)
[cells 2/140] mnist784_pca32 (20c) (158s)
[cells 3/140] mnist784_pca32 (50c) (266s)
[cells 4/140] mnist784_pca32 (50c) (270s)
[cells 5/140] mnist784_pca32 (50c) (270s)
[cells 6/140] mnist784_pca32 (50c) (271s)
[cells 7/140] mnist784_pca32 (50c) (276s)
[cells 8/140] mnist784_pca32 (50c) (276s)
[cells 9/140] mnist784_pca32 (50c) (277s)
[cells 10/140] mnist784_pca32 (50c) (281s)
[cells 11/140] mnist784_pca32 (50c) (284s)
[cells 12/140] mnist784_pca32 (50c) (290s)
[cells 13/140] mnist784_pca32 (20c) (318s)
[cells 14/140] mnist784_pca32 (20c) (319s)
[cells 15/140] letter (382s)
[cells 16/140] letter (389s)
[cells 17/140] letter (390s)
[cells 18/140] letter (399s)
[cells 19/140] letter (422s)
[cells 20/140] mnist784_pca32 (20c) (425s)
[cells 21/140] letter (426s)
[cells 22/140] mnist784_pca32 (20c) (429s)
[cells 23/140] mnist784_pca32 (20c) (430s)
[cells 24/140] mnist784_pca32 (20c) (430s)
[cells 25/140] mnist784_pca32 (20c) (434s)
[cells 26/140] mnist784_pca32 (20c) (435s)
[cells 27/140] satimage (435s)
[cells 28/140] satimage (436s)
[cells 29/140] satimage (441s)
[cells 30/140] satimage (441s)
[cells 31/140] satimage (442s)
[cells 32/140] satimage (444s)
[cells 33/140] satimage (446s)
[cells 34/140] satimage (447s)
[cells 35/140] satimage (449s)
[cells 36/140] satimage (449s)
[cells 37/140] pendigits (462s)
[cells 38/140] pendigits (464s)
[cells 39/140] pendigits (465s)
[cells 40/140] pendigits (465s)
[cells 41/140] pendigits (466s)
[cells 42/140] pendigits (468s)
[cells 43/140] digits_pca16 (468s)
[cells 44/140] pendigits (468s)
[cells 45/140] digits_pca16 (469s)
[cells 46/140] digits_pca16 (470s)
[cells 47/140] pendigits (470s)
[cells 48/140] digits_pca16 (471s)
[cells 49/140] digits_pca16 (472s)
[cells 50/140] digits_pca16 (473s)
[cells 51/140] digits_pca16 (473s)
[cells 52/140] digits_pca16 (473s)
[cells 53/140] digits_pca16 (474s)
[cells 54/140] digits_pca16 (475s)
[cells 55/140] digits_pca32 (478s)
[cells 56/140] letter (479s)
[cells 57/140] digits_pca32 (479s)
[cells 58/140] digits_pca32 (479s)
[cells 59/140] digits_pca32 (480s)
[cells 60/140] cluster_skew_hard (481s)
[cells 61/140] digits_pca32 (481s)
[cells 62/140] digits_pca32 (481s)
[cells 63/140] pendigits (482s)
[cells 64/140] cluster_skew_hard (482s)
[cells 65/140] digits_pca32 (482s)
[cells 66/140] cluster_skew_hard (482s)
[cells 67/140] cluster_skew_hard (482s)
[cells 68/140] digits_pca32 (483s)
[cells 69/140] cluster_skew_hard (483s)
[cells 70/140] digits_pca32 (483s)
[cells 71/140] cluster_skew_hard (483s)
[cells 72/140] cluster_skew_hard (484s)
[cells 73/140] cluster_skew_hard (484s)
[cells 74/140] cluster_skew_hard (484s)
[cells 75/140] cluster_skew_hard (484s)
[cells 76/140] digits_pca32 (484s)
[cells 77/140] cluster_skew_overlap (484s)
[cells 78/140] cluster_skew_overlap (484s)
[cells 79/140] cluster_skew_overlap (485s)
[cells 80/140] cluster_skew_overlap (485s)
[cells 81/140] pendigits (485s)
[cells 82/140] cluster_skew_overlap (485s)
[cells 83/140] cluster_skew_overlap (485s)
[cells 84/140] cluster_skew_overlap (485s)
[cells 85/140] cluster_skew_overlap (485s)
[cells 86/140] cluster_skew_overlap (486s)
[cells 87/140] cluster_skew_overlap (486s)
[cells 88/140] dirichlet_0.03 (486s)
[cells 89/140] dirichlet_0.03 (486s)
[cells 90/140] dirichlet_0.03 (486s)
[cells 91/140] dirichlet_0.03 (486s)
[cells 92/140] dirichlet_0.03 (486s)
[cells 93/140] dirichlet_0.03 (486s)
[cells 94/140] letter (487s)
[cells 95/140] letter (487s)
[cells 96/140] dirichlet_0.03 (487s)
[cells 97/140] dirichlet_0.03 (487s)
[cells 98/140] dirichlet_0.03 (487s)
[cells 99/140] dirichlet_0.03 (487s)
[cells 100/140] dirichlet_0.1 (487s)
[cells 101/140] dirichlet_0.1 (487s)
[cells 102/140] dirichlet_0.1 (487s)
[cells 103/140] dirichlet_0.1 (488s)
[cells 104/140] dirichlet_0.1 (488s)
[cells 105/140] dirichlet_0.1 (488s)
[cells 106/140] dirichlet_0.1 (488s)
[cells 107/140] dirichlet_0.1 (488s)
[cells 108/140] dirichlet_0.1 (488s)
[cells 109/140] dirichlet_0.1 (488s)
[cells 110/140] overlap_noise (488s)
[cells 111/140] overlap_noise (488s)
[cells 112/140] overlap_noise (488s)
[cells 113/140] overlap_noise (489s)
[cells 114/140] overlap_noise (489s)
[cells 115/140] overlap_noise (489s)
[cells 116/140] overlap_noise (489s)
[cells 117/140] overlap_noise (489s)
[cells 118/140] overlap_noise (489s)
[cells 119/140] overlap_noise (489s)
[cells 120/140] quantity_skew_extreme (489s)
[cells 121/140] wine (490s)
[cells 122/140] quantity_skew_extreme (490s)
[cells 123/140] quantity_skew_extreme (490s)
[cells 124/140] wine (490s)
[cells 125/140] quantity_skew_extreme (490s)
[cells 126/140] wine (490s)
[cells 127/140] quantity_skew_extreme (490s)
[cells 128/140] wine (490s)
[cells 129/140] wine (490s)
[cells 130/140] quantity_skew_extreme (490s)
[cells 131/140] quantity_skew_extreme (490s)
[cells 132/140] wine (490s)
[cells 133/140] quantity_skew_extreme (490s)
[cells 134/140] quantity_skew_extreme (490s)
[cells 135/140] wine (490s)
[cells 136/140] wine (491s)
[cells 137/140] wine (491s)
[cells 138/140] wine (491s)
[cells 139/140] quantity_skew_extreme (491s)
[cells 140/140] letter (493s)
wrote 280 rows to /Users/chunmaojiang/Dropbox/项目申请-开会-出国-z研究生-评审论文和项目/项目申请2026/ffcm-fuzzysetandsystem/experiments/results/t10/ed_cells_L1_R250_s10-19.csv in 494s
