[scffcm 1/280] mnist784_pca32 (50c) (255s)
[scffcm 2/280] mnist784_pca32 (50c) (256s)
[scffcm 3/280] mnist784_pca32 (50c) (257s)
[scffcm 4/280] mnist784_pca32 (50c) (260s)
[scffcm 5/280] mnist784_pca32 (50c) (270s)
[scffcm 6/280] mnist784_pca32 (50c) (270s)
[scffcm 7/280] mnist784_pca32 (50c) (274s)
[scffcm 8/280] mnist784_pca32 (50c) (276s)
[scffcm 9/280] mnist784_pca32 (50c) (276s)
[scffcm 10/280] mnist784_pca32 (50c) (277s)
[scffcm 11/280] mnist784_pca32 (50c) (283s)
[scffcm 12/280] mnist784_pca32 (50c) (285s)
[scffcm 13/280] mnist784_pca32 (20c) (421s)
[scffcm 14/280] mnist784_pca32 (20c) (422s)
[scffcm 15/280] mnist784_pca32 (20c) (429s)
[scffcm 16/280] mnist784_pca32 (20c) (430s)
[scffcm 17/280] mnist784_pca32 (50c) (504s)
[scffcm 18/280] mnist784_pca32 (50c) (509s)
[scffcm 19/280] mnist784_pca32 (50c) (512s)
[scffcm 20/280] mnist784_pca32 (50c) (514s)
[scffcm 21/280] mnist784_pca32 (50c) (533s)
[scffcm 22/280] mnist784_pca32 (50c) (539s)
[scffcm 23/280] mnist784_pca32 (50c) (539s)
[scffcm 24/280] mnist784_pca32 (20c) (557s)
[scffcm 25/280] mnist784_pca32 (50c) (558s)
[scffcm 26/280] mnist784_pca32 (20c) (558s)
[scffcm 27/280] mnist784_pca32 (20c) (564s)
[scffcm 28/280] mnist784_pca32 (20c) (565s)
[scffcm 29/280] mnist784_pca32 (20c) (634s)
[scffcm 30/280] mnist784_pca32 (20c) (639s)
[scffcm 31/280] mnist784_pca32 (20c) (642s)
[scffcm 32/280] mnist784_pca32 (20c) (644s)
[scffcm 33/280] mnist784_pca32 (20c) (663s)
[scffcm 34/280] mnist784_pca32 (20c) (672s)
[scffcm 35/280] mnist784_pca32 (20c) (673s)
[scffcm 36/280] mnist784_pca32 (20c) (691s)
[scffcm 37/280] mnist784_pca32 (20c) (692s)
[scffcm 38/280] mnist784_pca32 (20c) (693s)
[scffcm 39/280] mnist784_pca32 (20c) (702s)
[scffcm 40/280] mnist784_pca32 (20c) (702s)
[scffcm 41/280] letter (729s)
[scffcm 42/280] letter (735s)
[scffcm 43/280] letter (737s)
[scffcm 44/280] letter (743s)
[scffcm 45/280] letter (759s)
[scffcm 46/280] letter (769s)
[scffcm 47/280] letter (771s)
[scffcm 48/280] letter (790s)
[scffcm 49/280] letter (793s)
[scffcm 50/280] letter (795s)
[scffcm 51/280] letter (801s)
[scffcm 52/280] letter (806s)
[scffcm 53/280] satimage (809s)
[scffcm 54/280] satimage (812s)
[scffcm 55/280] satimage (815s)
[scffcm 56/280] satimage (822s)
[scffcm 57/280] satimage (825s)
[scffcm 58/280] satimage (827s)
[scffcm 59/280] letter (828s)
[scffcm 60/280] satimage (829s)
[scffcm 61/280] letter (834s)
[scffcm 62/280] letter (835s)
[scffcm 63/280] satimage (839s)
[scffcm 64/280] satimage (840s)
[scffcm 65/280] satimage (840s)
[scffcm 66/280] satimage (840s)
[scffcm 67/280] satimage (842s)
[scffcm 68/280] letter (843s)
[scffcm 69/280] satimage (847s)
[scffcm 70/280] satimage (848s)
[scffcm 71/280] satimage (852s)
[scffcm 72/280] satimage (853s)
[scffcm 73/280] satimage (856s)
[scffcm 74/280] satimage (857s)
[scffcm 75/280] satimage (857s)
[scffcm 76/280] satimage (858s)
[scffcm 77/280] letter (862s)
[scffcm 78/280] pendigits (870s)
[scffcm 79/280] pendigits (870s)
[scffcm 80/280] letter (874s)
[scffcm 81/280] pendigits (874s)
[scffcm 82/280] letter (877s)
[scffcm 83/280] pendigits (877s)
[scffcm 84/280] pendigits (881s)
[scffcm 85/280] pendigits (883s)
[scffcm 86/280] pendigits (886s)
[scffcm 87/280] pendigits (886s)
[scffcm 88/280] pendigits (886s)
[scffcm 89/280] pendigits (893s)
[scffcm 90/280] pendigits (893s)
[scffcm 91/280] letter (896s)
[scffcm 92/280] digits_pca16 (896s)
[scffcm 93/280] digits_pca16 (897s)
[scffcm 94/280] pendigits (897s)
[scffcm 95/280] pendigits (898s)
[scffcm 96/280] pendigits (900s)
[scffcm 97/280] digits_pca16 (900s)
[scffcm 98/280] digits_pca16 (901s)
[scffcm 99/280] digits_pca16 (902s)
[scffcm 100/280] pendigits (902s)
[scffcm 101/280] digits_pca16 (902s)
[scffcm 102/280] digits_pca16 (903s)
[scffcm 103/280] digits_pca16 (904s)
[scffcm 104/280] digits_pca16 (904s)
[scffcm 105/280] digits_pca16 (905s)
[scffcm 106/280] digits_pca16 (905s)
[scffcm 107/280] digits_pca16 (905s)
[scffcm 108/280] pendigits (905s)
[scffcm 109/280] digits_pca16 (906s)
[scffcm 110/280] pendigits (907s)
[scffcm 111/280] digits_pca16 (908s)
[scffcm 112/280] pendigits (908s)
[scffcm 113/280] digits_pca16 (910s)
[scffcm 114/280] digits_pca16 (910s)
[scffcm 115/280] digits_pca16 (910s)
[scffcm 116/280] digits_pca16 (910s)
[scffcm 117/280] digits_pca16 (911s)
[scffcm 118/280] pendigits (911s)
[scffcm 119/280] digits_pca16 (912s)
[scffcm 120/280] digits_pca32 (913s)
[scffcm 121/280] digits_pca32 (913s)
[scffcm 122/280] pendigits (914s)
[scffcm 123/280] digits_pca32 (915s)
[scffcm 124/280] digits_pca32 (915s)
[scffcm 125/280] digits_pca32 (915s)
[scffcm 126/280] digits_pca32 (915s)
[scffcm 127/280] digits_pca32 (917s)
[scffcm 128/280] digits_pca32 (917s)
[scffcm 129/280] digits_pca32 (917s)
[scffcm 130/280] digits_pca32 (918s)
[scffcm 131/280] cluster_skew_hard (918s)
[scffcm 132/280] cluster_skew_hard (919s)
[scffcm 133/280] digits_pca32 (919s)
[scffcm 134/280] digits_pca32 (919s)
[scffcm 135/280] cluster_skew_hard (919s)
[scffcm 136/280] digits_pca32 (920s)
[scffcm 137/280] digits_pca32 (920s)
[scffcm 138/280] cluster_skew_hard (920s)
[scffcm 139/280] cluster_skew_hard (920s)
[scffcm 140/280] cluster_skew_hard (920s)
[scffcm 141/280] digits_pca32 (920s)
[scffcm 142/280] cluster_skew_hard (920s)
[scffcm 143/280] digits_pca32 (920s)
[scffcm 144/280] digits_pca32 (921s)
[scffcm 145/280] digits_pca32 (921s)
[scffcm 146/280] cluster_skew_hard (921s)
[scffcm 147/280] cluster_skew_hard (921s)
[scffcm 148/280] cluster_skew_hard (921s)
[scffcm 149/280] digits_pca32 (921s)
[scffcm 150/280] cluster_skew_hard (921s)
[scffcm 151/280] cluster_skew_hard (921s)
[scffcm 152/280] cluster_skew_hard (922s)
[scffcm 153/280] cluster_skew_hard (922s)
[scffcm 154/280] cluster_skew_hard (922s)
[scffcm 155/280] cluster_skew_hard (922s)
[scffcm 156/280] digits_pca32 (922s)
[scffcm 157/280] cluster_skew_hard (922s)
[scffcm 158/280] cluster_skew_hard (922s)
[scffcm 159/280] cluster_skew_hard (922s)
[scffcm 160/280] cluster_skew_hard (922s)
[scffcm 161/280] cluster_skew_overlap (923s)
[scffcm 162/280] cluster_skew_overlap (923s)
[scffcm 163/280] cluster_skew_overlap (923s)
[scffcm 164/280] cluster_skew_overlap (923s)
[scffcm 165/280] cluster_skew_overlap (923s)
[scffcm 166/280] cluster_skew_overlap (923s)
[scffcm 167/280] cluster_skew_overlap (923s)
[scffcm 168/280] cluster_skew_overlap (923s)
[scffcm 169/280] cluster_skew_overlap (923s)
[scffcm 170/280] cluster_skew_overlap (923s)
[scffcm 171/280] cluster_skew_overlap (924s)
[scffcm 172/280] cluster_skew_overlap (924s)
[scffcm 173/280] cluster_skew_overlap (924s)
[scffcm 174/280] cluster_skew_overlap (924s)
[scffcm 175/280] cluster_skew_overlap (924s)
[scffcm 176/280] cluster_skew_overlap (924s)
[scffcm 177/280] cluster_skew_overlap (924s)
[scffcm 178/280] cluster_skew_overlap (924s)
[scffcm 179/280] cluster_skew_overlap (924s)
[scffcm 180/280] cluster_skew_overlap (924s)
[scffcm 181/280] dirichlet_0.03 (925s)
[scffcm 182/280] dirichlet_0.03 (925s)
[scffcm 183/280] dirichlet_0.03 (925s)
[scffcm 184/280] dirichlet_0.03 (925s)
[scffcm 185/280] dirichlet_0.03 (925s)
[scffcm 186/280] dirichlet_0.03 (925s)
[scffcm 187/280] dirichlet_0.03 (925s)
[scffcm 188/280] dirichlet_0.03 (925s)
[scffcm 189/280] dirichlet_0.03 (925s)
[scffcm 190/280] dirichlet_0.03 (925s)
[scffcm 191/280] dirichlet_0.03 (925s)
[scffcm 192/280] dirichlet_0.03 (926s)
[scffcm 193/280] dirichlet_0.03 (926s)
[scffcm 194/280] dirichlet_0.03 (926s)
[scffcm 195/280] dirichlet_0.03 (926s)
[scffcm 196/280] dirichlet_0.03 (926s)
[scffcm 197/280] dirichlet_0.03 (926s)
[scffcm 198/280] dirichlet_0.03 (926s)
[scffcm 199/280] dirichlet_0.03 (927s)
[scffcm 200/280] dirichlet_0.03 (927s)
[scffcm 201/280] dirichlet_0.1 (927s)
[scffcm 202/280] dirichlet_0.1 (927s)
[scffcm 203/280] dirichlet_0.1 (927s)
[scffcm 204/280] dirichlet_0.1 (927s)
[scffcm 205/280] dirichlet_0.1 (927s)
[scffcm 206/280] dirichlet_0.1 (927s)
[scffcm 207/280] dirichlet_0.1 (927s)
[scffcm 208/280] dirichlet_0.1 (927s)
[scffcm 209/280] dirichlet_0.1 (928s)
[scffcm 210/280] dirichlet_0.1 (928s)
[scffcm 211/280] dirichlet_0.1 (928s)
[scffcm 212/280] dirichlet_0.1 (928s)
[scffcm 213/280] dirichlet_0.1 (928s)
[scffcm 214/280] dirichlet_0.1 (928s)
[scffcm 215/280] dirichlet_0.1 (928s)
[scffcm 216/280] dirichlet_0.1 (928s)
[scffcm 217/280] dirichlet_0.1 (928s)
[scffcm 218/280] dirichlet_0.1 (928s)
[scffcm 219/280] dirichlet_0.1 (929s)
[scffcm 220/280] dirichlet_0.1 (929s)
[scffcm 221/280] overlap_noise (929s)
[scffcm 222/280] overlap_noise (929s)
[scffcm 223/280] overlap_noise (929s)
[scffcm 224/280] overlap_noise (929s)
[scffcm 225/280] overlap_noise (929s)
[scffcm 226/280] overlap_noise (929s)
[scffcm 227/280] overlap_noise (929s)
[scffcm 228/280] overlap_noise (929s)
[scffcm 229/280] overlap_noise (929s)
[scffcm 230/280] overlap_noise (930s)
[scffcm 231/280] overlap_noise (930s)
[scffcm 232/280] overlap_noise (930s)
[scffcm 233/280] overlap_noise (930s)
[scffcm 234/280] overlap_noise (930s)
[scffcm 235/280] overlap_noise (930s)
[scffcm 236/280] overlap_noise (930s)
[scffcm 237/280] overlap_noise (930s)
[scffcm 238/280] overlap_noise (930s)
[scffcm 239/280] overlap_noise (930s)
[scffcm 240/280] overlap_noise (931s)
[scffcm 241/280] quantity_skew_extreme (931s)
[scffcm 242/280] quantity_skew_extreme (931s)
[scffcm 243/280] quantity_skew_extreme (931s)
[scffcm 244/280] quantity_skew_extreme (932s)
[scffcm 245/280] quantity_skew_extreme (932s)
[scffcm 246/280] quantity_skew_extreme (932s)
[scffcm 247/280] quantity_skew_extreme (932s)
[scffcm 248/280] quantity_skew_extreme (932s)
[scffcm 249/280] quantity_skew_extreme (932s)
[scffcm 250/280] quantity_skew_extreme (932s)
[scffcm 251/280] quantity_skew_extreme (932s)
[scffcm 252/280] quantity_skew_extreme (932s)
[scffcm 253/280] wine (932s)
[scffcm 254/280] quantity_skew_extreme (932s)
[scffcm 255/280] wine (932s)
[scffcm 256/280] wine (932s)
[scffcm 257/280] wine (932s)
[scffcm 258/280] wine (933s)
[scffcm 259/280] quantity_skew_extreme (933s)
[scffcm 260/280] wine (933s)
[scffcm 261/280] wine (933s)
[scffcm 262/280] wine (933s)
[scffcm 263/280] wine (933s)
[scffcm 264/280] quantity_skew_extreme (933s)
[scffcm 265/280] wine (933s)
[scffcm 266/280] wine (933s)
[scffcm 267/280] quantity_skew_extreme (933s)
[scffcm 268/280] wine (933s)
[scffcm 269/280] wine (933s)
[scffcm 270/280] wine (933s)
[scffcm 271/280] wine (933s)
[scffcm 272/280] quantity_skew_extreme (933s)
[scffcm 273/280] wine (933s)
[scffcm 274/280] quantity_skew_extreme (933s)
[scffcm 275/280] wine (933s)
[scffcm 276/280] wine (933s)
[scffcm 277/280] wine (933s)
[scffcm 278/280] quantity_skew_extreme (933s)
[scffcm 279/280] wine (933s)
[scffcm 280/280] quantity_skew_extreme (934s)
wrote 280 rows to /Users/chunmaojiang/Dropbox/项目申请-开会-出国-z研究生-评审论文和项目/项目申请2026/ffcm-fuzzysetandsystem/experiments/results/t10/ed_scffcm_default_L50_s00-19.csv in 934s
