[scffcm 1/140] mnist784_pca32 (20c) (22s)
[scffcm 2/140] mnist784_pca32 (20c) (22s)
[scffcm 3/140] mnist784_pca32 (50c) (34s)
[scffcm 4/140] mnist784_pca32 (50c) (34s)
[scffcm 5/140] mnist784_pca32 (50c) (34s)
[scffcm 6/140] mnist784_pca32 (50c) (34s)
[scffcm 7/140] mnist784_pca32 (50c) (34s)
[scffcm 8/140] mnist784_pca32 (50c) (35s)
[scffcm 9/140] mnist784_pca32 (50c) (35s)
[scffcm 10/140] mnist784_pca32 (50c) (35s)
[scffcm 11/140] mnist784_pca32 (50c) (35s)
[scffcm 12/140] mnist784_pca32 (50c) (36s)
[scffcm 13/140] mnist784_pca32 (20c) (39s)
[scffcm 14/140] mnist784_pca32 (20c) (40s)
[scffcm 15/140] letter (46s)
[scffcm 16/140] letter (46s)
[scffcm 17/140] letter (46s)
[scffcm 18/140] letter (46s)
[scffcm 19/140] letter (50s)
[scffcm 20/140] letter (51s)
[scffcm 21/140] satimage (52s)
[scffcm 22/140] satimage (52s)
[scffcm 23/140] mnist784_pca32 (20c) (52s)
[scffcm 24/140] mnist784_pca32 (20c) (53s)
[scffcm 25/140] satimage (53s)
[scffcm 26/140] mnist784_pca32 (20c) (53s)
[scffcm 27/140] mnist784_pca32 (20c) (53s)
[scffcm 28/140] mnist784_pca32 (20c) (53s)
[scffcm 29/140] mnist784_pca32 (20c) (54s)
[scffcm 30/140] satimage (54s)
[scffcm 31/140] satimage (54s)
[scffcm 32/140] satimage (55s)
[scffcm 33/140] satimage (55s)
[scffcm 34/140] satimage (55s)
[scffcm 35/140] satimage (55s)
[scffcm 36/140] satimage (55s)
[scffcm 37/140] letter (56s)
[scffcm 38/140] pendigits (56s)
[scffcm 39/140] pendigits (56s)
[scffcm 40/140] letter (57s)
[scffcm 41/140] pendigits (57s)
[scffcm 42/140] digits_pca16 (57s)
[scffcm 43/140] letter (57s)
[scffcm 44/140] digits_pca16 (57s)
[scffcm 45/140] digits_pca16 (57s)
[scffcm 46/140] pendigits (57s)
[scffcm 47/140] pendigits (57s)
[scffcm 48/140] letter (57s)
[scffcm 49/140] digits_pca16 (57s)
[scffcm 50/140] pendigits (57s)
[scffcm 51/140] digits_pca16 (57s)
[scffcm 52/140] digits_pca16 (57s)
[scffcm 53/140] digits_pca16 (57s)
[scffcm 54/140] digits_pca16 (57s)
[scffcm 55/140] digits_pca16 (57s)
[scffcm 56/140] digits_pca16 (58s)
[scffcm 57/140] pendigits (58s)
[scffcm 58/140] digits_pca32 (58s)
[scffcm 59/140] digits_pca32 (58s)
[scffcm 60/140] cluster_skew_hard (58s)
[scffcm 61/140] digits_pca32 (58s)
[scffcm 62/140] cluster_skew_hard (58s)
[scffcm 63/140] cluster_skew_hard (58s)
[scffcm 64/140] cluster_skew_hard (58s)
[scffcm 65/140] cluster_skew_hard (58s)
[scffcm 66/140] cluster_skew_hard (58s)
[scffcm 67/140] cluster_skew_hard (58s)
[scffcm 68/140] cluster_skew_hard (58s)
[scffcm 69/140] cluster_skew_hard (58s)
[scffcm 70/140] cluster_skew_hard (58s)
[scffcm 71/140] cluster_skew_overlap (58s)
[scffcm 72/140] cluster_skew_overlap (58s)
[scffcm 73/140] pendigits (58s)
[scffcm 74/140] cluster_skew_overlap (58s)
[scffcm 75/140] digits_pca32 (58s)
[scffcm 76/140] cluster_skew_overlap (58s)
[scffcm 77/140] cluster_skew_overlap (58s)
[scffcm 78/140] cluster_skew_overlap (58s)
[scffcm 79/140] digits_pca32 (58s)
[scffcm 80/140] cluster_skew_overlap (58s)
[scffcm 81/140] cluster_skew_overlap (58s)
[scffcm 82/140] cluster_skew_overlap (58s)
[scffcm 83/140] digits_pca32 (58s)
[scffcm 84/140] cluster_skew_overlap (58s)
[scffcm 85/140] dirichlet_0.03 (58s)
[scffcm 86/140] dirichlet_0.03 (58s)
[scffcm 87/140] dirichlet_0.03 (58s)
[scffcm 88/140] dirichlet_0.03 (58s)
[scffcm 89/140] dirichlet_0.03 (58s)
[scffcm 90/140] dirichlet_0.03 (58s)
[scffcm 91/140] dirichlet_0.03 (58s)
[scffcm 92/140] dirichlet_0.03 (58s)
[scffcm 93/140] dirichlet_0.03 (58s)
[scffcm 94/140] digits_pca32 (58s)
[scffcm 95/140] dirichlet_0.03 (58s)
[scffcm 96/140] dirichlet_0.1 (58s)
[scffcm 97/140] dirichlet_0.1 (58s)
[scffcm 98/140] dirichlet_0.1 (58s)
[scffcm 99/140] dirichlet_0.1 (58s)
[scffcm 100/140] overlap_noise (58s)
[scffcm 101/140] overlap_noise (58s)
[scffcm 102/140] digits_pca32 (58s)
[scffcm 103/140] overlap_noise (58s)
[scffcm 104/140] overlap_noise (58s)
[scffcm 105/140] dirichlet_0.1 (58s)
[scffcm 106/140] dirichlet_0.1 (58s)
[scffcm 107/140] dirichlet_0.1 (58s)
[scffcm 108/140] dirichlet_0.1 (58s)
[scffcm 109/140] overlap_noise (58s)
[scffcm 110/140] overlap_noise (58s)
[scffcm 111/140] overlap_noise (58s)
[scffcm 112/140] overlap_noise (58s)
[scffcm 113/140] overlap_noise (58s)
[scffcm 114/140] quantity_skew_extreme (58s)
[scffcm 115/140] quantity_skew_extreme (58s)
[scffcm 116/140] dirichlet_0.1 (58s)
[scffcm 117/140] quantity_skew_extreme (58s)
[scffcm 118/140] digits_pca32 (58s)
[scffcm 119/140] quantity_skew_extreme (58s)
[scffcm 120/140] quantity_skew_extreme (58s)
[scffcm 121/140] quantity_skew_extreme (58s)
[scffcm 122/140] overlap_noise (58s)
[scffcm 123/140] quantity_skew_extreme (58s)
[scffcm 124/140] quantity_skew_extreme (58s)
[scffcm 125/140] dirichlet_0.1 (58s)
[scffcm 126/140] quantity_skew_extreme (58s)
[scffcm 127/140] quantity_skew_extreme (58s)
[scffcm 128/140] wine (58s)
[scffcm 129/140] pendigits (58s)
[scffcm 130/140] wine (58s)
[scffcm 131/140] wine (58s)
[scffcm 132/140] wine (58s)
[scffcm 133/140] wine (58s)
[scffcm 134/140] pendigits (58s)
[scffcm 135/140] wine (58s)
[scffcm 136/140] wine (58s)
[scffcm 137/140] wine (58s)
[scffcm 138/140] wine (58s)
[scffcm 139/140] wine (58s)
[scffcm 140/140] digits_pca32 (58s)
wrote 140 rows to /Users/chunmaojiang/Dropbox/项目申请-开会-出国-z研究生-评审论文和项目/项目申请2026/ffcm-fuzzysetandsystem/experiments/results/t10/ed_scffcm_L1_R250_s10-19.csv in 59s
