[Jc 1/14] cluster_skew_hard (12s)
[Jc 2/14] dirichlet_0.1 (12s)
[Jc 3/14] dirichlet_0.03 (13s)
[Jc 4/14] wine (13s)
[Jc 5/14] quantity_skew_extreme (13s)
[Jc 6/14] overlap_noise (13s)
[Jc 7/14] cluster_skew_overlap (13s)
[Jc 8/14] satimage (14s)
[Jc 9/14] digits_pca16 (15s)
[Jc 10/14] pendigits (16s)
[Jc 11/14] digits_pca32 (17s)
[Jc 12/14] letter (69s)
[Jc 13/14] mnist784_pca32 (50c) (177s)
[Jc 14/14] mnist784_pca32 (20c) (178s)
[scffcm-grid 1/882] mnist784_pca32 (50c) (103s)
[scffcm-grid 2/882] mnist784_pca32 (50c) (105s)
[scffcm-grid 3/882] mnist784_pca32 (50c) (111s)
[scffcm-grid 4/882] mnist784_pca32 (50c) (120s)
[scffcm-grid 5/882] mnist784_pca32 (50c) (126s)
[scffcm-grid 6/882] mnist784_pca32 (50c) (127s)
[scffcm-grid 7/882] mnist784_pca32 (50c) (128s)
[scffcm-grid 8/882] mnist784_pca32 (50c) (129s)
[scffcm-grid 9/882] mnist784_pca32 (50c) (129s)
[scffcm-grid 10/882] mnist784_pca32 (50c) (129s)
[scffcm-grid 11/882] mnist784_pca32 (50c) (130s)
[scffcm-grid 12/882] mnist784_pca32 (50c) (135s)
[scffcm-grid 13/882] mnist784_pca32 (50c) (182s)
[scffcm-grid 14/882] mnist784_pca32 (50c) (183s)
[scffcm-grid 15/882] mnist784_pca32 (50c) (188s)
[scffcm-grid 16/882] mnist784_pca32 (50c) (196s)
[scffcm-grid 17/882] mnist784_pca32 (50c) (202s)
[scffcm-grid 18/882] mnist784_pca32 (50c) (203s)
[scffcm-grid 19/882] mnist784_pca32 (50c) (204s)
[scffcm-grid 20/882] mnist784_pca32 (50c) (205s)
[scffcm-grid 21/882] mnist784_pca32 (50c) (205s)
[scffcm-grid 22/882] mnist784_pca32 (50c) (206s)
[scffcm-grid 23/882] mnist784_pca32 (50c) (206s)
[scffcm-grid 24/882] mnist784_pca32 (50c) (211s)
[scffcm-grid 25/882] mnist784_pca32 (50c) (253s)
[scffcm-grid 26/882] mnist784_pca32 (50c) (255s)
[scffcm-grid 27/882] mnist784_pca32 (50c) (259s)
[scffcm-grid 28/882] mnist784_pca32 (50c) (262s)
[scffcm-grid 29/882] mnist784_pca32 (50c) (270s)
[scffcm-grid 30/882] mnist784_pca32 (50c) (271s)
[scffcm-grid 31/882] mnist784_pca32 (50c) (271s)
[scffcm-grid 32/882] mnist784_pca32 (50c) (272s)
[scffcm-grid 33/882] mnist784_pca32 (50c) (273s)
[scffcm-grid 34/882] mnist784_pca32 (50c) (274s)
[scffcm-grid 35/882] mnist784_pca32 (50c) (275s)
[scffcm-grid 36/882] mnist784_pca32 (50c) (280s)
[scffcm-grid 37/882] mnist784_pca32 (50c) (319s)
[scffcm-grid 38/882] mnist784_pca32 (50c) (324s)
[scffcm-grid 39/882] mnist784_pca32 (50c) (326s)
[scffcm-grid 40/882] mnist784_pca32 (50c) (327s)
[scffcm-grid 41/882] mnist784_pca32 (50c) (334s)
[scffcm-grid 42/882] mnist784_pca32 (50c) (334s)
[scffcm-grid 43/882] mnist784_pca32 (50c) (339s)
[scffcm-grid 44/882] mnist784_pca32 (50c) (339s)
[scffcm-grid 45/882] mnist784_pca32 (50c) (339s)
[scffcm-grid 46/882] mnist784_pca32 (50c) (341s)
[scffcm-grid 47/882] mnist784_pca32 (50c) (342s)
[scffcm-grid 48/882] mnist784_pca32 (50c) (346s)
[scffcm-grid 49/882] mnist784_pca32 (50c) (387s)
[scffcm-grid 50/882] mnist784_pca32 (50c) (397s)
[scffcm-grid 51/882] mnist784_pca32 (50c) (397s)
[scffcm-grid 52/882] mnist784_pca32 (50c) (398s)
[scffcm-grid 53/882] mnist784_pca32 (50c) (402s)
[scffcm-grid 54/882] mnist784_pca32 (50c) (402s)
[scffcm-grid 55/882] mnist784_pca32 (50c) (406s)
[scffcm-grid 56/882] mnist784_pca32 (50c) (406s)
[scffcm-grid 57/882] mnist784_pca32 (50c) (409s)
[scffcm-grid 58/882] mnist784_pca32 (50c) (410s)
[scffcm-grid 59/882] mnist784_pca32 (50c) (411s)
[scffcm-grid 60/882] mnist784_pca32 (50c) (414s)
[scffcm-grid 61/882] mnist784_pca32 (20c) (445s)
[scffcm-grid 62/882] mnist784_pca32 (50c) (449s)
[scffcm-grid 63/882] mnist784_pca32 (20c) (450s)
[scffcm-grid 64/882] mnist784_pca32 (20c) (450s)
[scffcm-grid 65/882] mnist784_pca32 (20c) (452s)
[scffcm-grid 66/882] mnist784_pca32 (20c) (453s)
[scffcm-grid 67/882] mnist784_pca32 (20c) (456s)
[scffcm-grid 68/882] mnist784_pca32 (50c) (457s)
[scffcm-grid 69/882] mnist784_pca32 (20c) (457s)
[scffcm-grid 70/882] mnist784_pca32 (50c) (459s)
[scffcm-grid 71/882] mnist784_pca32 (20c) (459s)
[scffcm-grid 72/882] mnist784_pca32 (20c) (462s)
[scffcm-grid 73/882] mnist784_pca32 (20c) (484s)
[scffcm-grid 74/882] mnist784_pca32 (20c) (487s)
[scffcm-grid 75/882] mnist784_pca32 (20c) (488s)
[scffcm-grid 76/882] mnist784_pca32 (20c) (489s)
[scffcm-grid 77/882] mnist784_pca32 (20c) (489s)
[scffcm-grid 78/882] mnist784_pca32 (20c) (491s)
[scffcm-grid 79/882] mnist784_pca32 (20c) (491s)
[scffcm-grid 80/882] mnist784_pca32 (20c) (492s)
[scffcm-grid 81/882] mnist784_pca32 (20c) (492s)
[scffcm-grid 82/882] mnist784_pca32 (20c) (494s)
[scffcm-grid 83/882] mnist784_pca32 (20c) (495s)
[scffcm-grid 84/882] mnist784_pca32 (20c) (498s)
[scffcm-grid 85/882] mnist784_pca32 (20c) (505s)
[scffcm-grid 86/882] mnist784_pca32 (20c) (506s)
[scffcm-grid 87/882] mnist784_pca32 (20c) (508s)
[scffcm-grid 88/882] mnist784_pca32 (20c) (508s)
[scffcm-grid 89/882] mnist784_pca32 (20c) (509s)
[scffcm-grid 90/882] mnist784_pca32 (20c) (509s)
[scffcm-grid 91/882] mnist784_pca32 (20c) (509s)
[scffcm-grid 92/882] mnist784_pca32 (20c) (510s)
[scffcm-grid 93/882] mnist784_pca32 (20c) (512s)
[scffcm-grid 94/882] mnist784_pca32 (20c) (513s)
[scffcm-grid 95/882] mnist784_pca32 (20c) (514s)
[scffcm-grid 96/882] mnist784_pca32 (20c) (516s)
[scffcm-grid 97/882] mnist784_pca32 (20c) (523s)
[scffcm-grid 98/882] mnist784_pca32 (20c) (523s)
[scffcm-grid 99/882] mnist784_pca32 (20c) (526s)
[scffcm-grid 100/882] mnist784_pca32 (20c) (526s)
[scffcm-grid 101/882] mnist784_pca32 (20c) (527s)
[scffcm-grid 102/882] mnist784_pca32 (20c) (527s)
[scffcm-grid 103/882] mnist784_pca32 (20c) (527s)
[scffcm-grid 104/882] mnist784_pca32 (20c) (527s)
[scffcm-grid 105/882] mnist784_pca32 (20c) (528s)
[scffcm-grid 106/882] mnist784_pca32 (20c) (531s)
[scffcm-grid 107/882] mnist784_pca32 (20c) (532s)
[scffcm-grid 108/882] mnist784_pca32 (20c) (533s)
[scffcm-grid 109/882] mnist784_pca32 (20c) (539s)
[scffcm-grid 110/882] mnist784_pca32 (20c) (539s)
[scffcm-grid 111/882] mnist784_pca32 (20c) (542s)
[scffcm-grid 112/882] mnist784_pca32 (20c) (542s)
[scffcm-grid 113/882] mnist784_pca32 (20c) (544s)
[scffcm-grid 114/882] mnist784_pca32 (20c) (544s)
[scffcm-grid 115/882] mnist784_pca32 (20c) (544s)
[scffcm-grid 116/882] mnist784_pca32 (20c) (544s)
[scffcm-grid 117/882] mnist784_pca32 (20c) (545s)
[scffcm-grid 118/882] mnist784_pca32 (20c) (547s)
[scffcm-grid 119/882] mnist784_pca32 (20c) (547s)
[scffcm-grid 120/882] mnist784_pca32 (20c) (549s)
[scffcm-grid 121/882] mnist784_pca32 (20c) (555s)
[scffcm-grid 122/882] mnist784_pca32 (20c) (555s)
[scffcm-grid 123/882] letter (557s)
[scffcm-grid 124/882] mnist784_pca32 (20c) (557s)
[scffcm-grid 125/882] letter (557s)
[scffcm-grid 126/882] mnist784_pca32 (20c) (558s)
[scffcm-grid 127/882] letter (558s)
[scffcm-grid 128/882] mnist784_pca32 (20c) (559s)
[scffcm-grid 129/882] mnist784_pca32 (20c) (559s)
[scffcm-grid 130/882] letter (560s)
[scffcm-grid 131/882] letter (561s)
[scffcm-grid 132/882] letter (562s)
[scffcm-grid 133/882] letter (568s)
[scffcm-grid 134/882] letter (569s)
[scffcm-grid 135/882] letter (570s)
[scffcm-grid 136/882] letter (570s)
[scffcm-grid 137/882] letter (571s)
[scffcm-grid 138/882] letter (571s)
[scffcm-grid 139/882] letter (572s)
[scffcm-grid 140/882] letter (572s)
[scffcm-grid 141/882] letter (572s)
[scffcm-grid 142/882] letter (574s)
[scffcm-grid 143/882] letter (574s)
[scffcm-grid 144/882] letter (575s)
[scffcm-grid 145/882] letter (581s)
[scffcm-grid 146/882] letter (582s)
[scffcm-grid 147/882] letter (583s)
[scffcm-grid 148/882] letter (584s)
[scffcm-grid 149/882] letter (584s)
[scffcm-grid 150/882] letter (584s)
[scffcm-grid 151/882] letter (585s)
[scffcm-grid 152/882] letter (585s)
[scffcm-grid 153/882] letter (586s)
[scffcm-grid 154/882] letter (587s)
[scffcm-grid 155/882] letter (588s)
[scffcm-grid 156/882] letter (589s)
[scffcm-grid 157/882] letter (595s)
[scffcm-grid 158/882] letter (596s)
[scffcm-grid 159/882] letter (597s)
[scffcm-grid 160/882] letter (598s)
[scffcm-grid 161/882] letter (598s)
[scffcm-grid 162/882] letter (598s)
[scffcm-grid 163/882] letter (599s)
[scffcm-grid 164/882] letter (600s)
[scffcm-grid 165/882] letter (600s)
[scffcm-grid 166/882] letter (601s)
[scffcm-grid 167/882] letter (602s)
[scffcm-grid 168/882] letter (603s)
[scffcm-grid 169/882] letter (609s)
[scffcm-grid 170/882] letter (610s)
[scffcm-grid 171/882] letter (611s)
[scffcm-grid 172/882] letter (611s)
[scffcm-grid 173/882] letter (611s)
[scffcm-grid 174/882] letter (612s)
[scffcm-grid 175/882] letter (613s)
[scffcm-grid 176/882] letter (613s)
[scffcm-grid 177/882] letter (614s)
[scffcm-grid 178/882] letter (614s)
[scffcm-grid 179/882] letter (616s)
[scffcm-grid 180/882] letter (616s)
[scffcm-grid 181/882] satimage (616s)
[scffcm-grid 182/882] satimage (618s)
[scffcm-grid 183/882] satimage (618s)
[scffcm-grid 184/882] satimage (618s)
[scffcm-grid 185/882] satimage (620s)
[scffcm-grid 186/882] satimage (620s)
[scffcm-grid 187/882] satimage (620s)
[scffcm-grid 188/882] satimage (622s)
[scffcm-grid 189/882] satimage (622s)
[scffcm-grid 190/882] satimage (622s)
[scffcm-grid 191/882] letter (622s)
[scffcm-grid 192/882] letter (623s)
[scffcm-grid 193/882] satimage (623s)
[scffcm-grid 194/882] satimage (624s)
[scffcm-grid 195/882] satimage (624s)
[scffcm-grid 196/882] letter (624s)
[scffcm-grid 197/882] satimage (624s)
[scffcm-grid 198/882] letter (624s)
[scffcm-grid 199/882] letter (625s)
[scffcm-grid 200/882] satimage (625s)
[scffcm-grid 201/882] letter (625s)
[scffcm-grid 202/882] satimage (625s)
[scffcm-grid 203/882] satimage (625s)
[scffcm-grid 204/882] satimage (625s)
[scffcm-grid 205/882] satimage (626s)
[scffcm-grid 206/882] letter (626s)
[scffcm-grid 207/882] satimage (626s)
[scffcm-grid 208/882] letter (626s)
[scffcm-grid 209/882] satimage (626s)
[scffcm-grid 210/882] satimage (627s)
[scffcm-grid 211/882] satimage (627s)
[scffcm-grid 212/882] letter (627s)
[scffcm-grid 213/882] satimage (627s)
[scffcm-grid 214/882] satimage (627s)
[scffcm-grid 215/882] satimage (627s)
[scffcm-grid 216/882] satimage (627s)
[scffcm-grid 217/882] satimage (628s)
[scffcm-grid 218/882] satimage (628s)
[scffcm-grid 219/882] satimage (628s)
[scffcm-grid 220/882] satimage (628s)
[scffcm-grid 221/882] satimage (628s)
[scffcm-grid 222/882] satimage (628s)
[scffcm-grid 223/882] satimage (629s)
[scffcm-grid 224/882] satimage (629s)
[scffcm-grid 225/882] satimage (629s)
[scffcm-grid 226/882] satimage (629s)
[scffcm-grid 227/882] satimage (629s)
[scffcm-grid 228/882] satimage (629s)
[scffcm-grid 229/882] satimage (629s)
[scffcm-grid 230/882] satimage (630s)
[scffcm-grid 231/882] satimage (630s)
[scffcm-grid 232/882] satimage (630s)
[scffcm-grid 233/882] satimage (630s)
[scffcm-grid 234/882] satimage (630s)
[scffcm-grid 235/882] satimage (630s)
[scffcm-grid 236/882] satimage (631s)
[scffcm-grid 237/882] satimage (631s)
[scffcm-grid 238/882] satimage (631s)
[scffcm-grid 239/882] satimage (631s)
[scffcm-grid 240/882] satimage (631s)
[scffcm-grid 241/882] satimage (631s)
[scffcm-grid 242/882] satimage (631s)
[scffcm-grid 243/882] satimage (631s)
[scffcm-grid 244/882] satimage (631s)
[scffcm-grid 245/882] satimage (632s)
[scffcm-grid 246/882] satimage (632s)
[scffcm-grid 247/882] satimage (632s)
[scffcm-grid 248/882] satimage (632s)
[scffcm-grid 249/882] satimage (632s)
[scffcm-grid 250/882] satimage (632s)
[scffcm-grid 251/882] satimage (633s)
[scffcm-grid 252/882] satimage (633s)
[scffcm-grid 253/882] pendigits (634s)
[scffcm-grid 254/882] pendigits (634s)
[scffcm-grid 255/882] pendigits (634s)
[scffcm-grid 256/882] pendigits (634s)
[scffcm-grid 257/882] pendigits (635s)
[scffcm-grid 258/882] pendigits (635s)
[scffcm-grid 259/882] pendigits (635s)
[scffcm-grid 260/882] pendigits (635s)
[scffcm-grid 261/882] pendigits (635s)
[scffcm-grid 262/882] pendigits (635s)
[scffcm-grid 263/882] pendigits (636s)
[scffcm-grid 264/882] pendigits (636s)
[scffcm-grid 265/882] pendigits (637s)
[scffcm-grid 266/882] pendigits (637s)
[scffcm-grid 267/882] pendigits (637s)
[scffcm-grid 268/882] pendigits (637s)
[scffcm-grid 269/882] pendigits (637s)
[scffcm-grid 270/882] pendigits (638s)
[scffcm-grid 271/882] pendigits (638s)
[scffcm-grid 272/882] pendigits (638s)
[scffcm-grid 273/882] pendigits (638s)
[scffcm-grid 274/882] pendigits (638s)
[scffcm-grid 275/882] pendigits (638s)
[scffcm-grid 276/882] pendigits (639s)
[scffcm-grid 277/882] pendigits (639s)
[scffcm-grid 278/882] pendigits (639s)
[scffcm-grid 279/882] pendigits (639s)
[scffcm-grid 280/882] pendigits (640s)
[scffcm-grid 281/882] pendigits (640s)
[scffcm-grid 282/882] pendigits (640s)
[scffcm-grid 283/882] pendigits (640s)
[scffcm-grid 284/882] pendigits (640s)
[scffcm-grid 285/882] pendigits (640s)
[scffcm-grid 286/882] pendigits (640s)
[scffcm-grid 287/882] pendigits (641s)
[scffcm-grid 288/882] pendigits (641s)
[scffcm-grid 289/882] pendigits (641s)
[scffcm-grid 290/882] pendigits (641s)
[scffcm-grid 291/882] pendigits (642s)
[scffcm-grid 292/882] pendigits (642s)
[scffcm-grid 293/882] pendigits (642s)
[scffcm-grid 294/882] pendigits (643s)
[scffcm-grid 295/882] pendigits (643s)
[scffcm-grid 296/882] pendigits (643s)
[scffcm-grid 297/882] pendigits (643s)
[scffcm-grid 298/882] pendigits (643s)
[scffcm-grid 299/882] pendigits (643s)
[scffcm-grid 300/882] pendigits (644s)
[scffcm-grid 301/882] pendigits (644s)
[scffcm-grid 302/882] pendigits (644s)
[scffcm-grid 303/882] pendigits (644s)
[scffcm-grid 304/882] pendigits (645s)
[scffcm-grid 305/882] pendigits (645s)
[scffcm-grid 306/882] digits_pca16 (645s)
[scffcm-grid 307/882] digits_pca16 (645s)
[scffcm-grid 308/882] pendigits (646s)
[scffcm-grid 309/882] pendigits (646s)
[scffcm-grid 310/882] pendigits (646s)
[scffcm-grid 311/882] digits_pca16 (646s)
[scffcm-grid 312/882] pendigits (646s)
[scffcm-grid 313/882] digits_pca16 (646s)
[scffcm-grid 314/882] digits_pca16 (646s)
[scffcm-grid 315/882] pendigits (646s)
[scffcm-grid 316/882] digits_pca16 (646s)
[scffcm-grid 317/882] digits_pca16 (646s)
[scffcm-grid 318/882] pendigits (646s)
[scffcm-grid 319/882] digits_pca16 (647s)
[scffcm-grid 320/882] digits_pca16 (647s)
[scffcm-grid 321/882] digits_pca16 (647s)
[scffcm-grid 322/882] pendigits (647s)
[scffcm-grid 323/882] digits_pca16 (647s)
[scffcm-grid 324/882] digits_pca16 (647s)
[scffcm-grid 325/882] pendigits (647s)
[scffcm-grid 326/882] digits_pca16 (647s)
[scffcm-grid 327/882] digits_pca16 (647s)
[scffcm-grid 328/882] pendigits (647s)
[scffcm-grid 329/882] pendigits (647s)
[scffcm-grid 330/882] digits_pca16 (647s)
[scffcm-grid 331/882] digits_pca16 (647s)
[scffcm-grid 332/882] digits_pca16 (647s)
[scffcm-grid 333/882] digits_pca16 (647s)
[scffcm-grid 334/882] digits_pca16 (647s)
[scffcm-grid 335/882] digits_pca16 (647s)
[scffcm-grid 336/882] digits_pca16 (648s)
[scffcm-grid 337/882] digits_pca16 (648s)
[scffcm-grid 338/882] digits_pca16 (648s)
[scffcm-grid 339/882] digits_pca16 (648s)
[scffcm-grid 340/882] digits_pca16 (648s)
[scffcm-grid 341/882] digits_pca16 (648s)
[scffcm-grid 342/882] digits_pca16 (648s)
[scffcm-grid 343/882] digits_pca16 (648s)
[scffcm-grid 344/882] digits_pca16 (648s)
[scffcm-grid 345/882] digits_pca16 (648s)
[scffcm-grid 346/882] digits_pca16 (648s)
[scffcm-grid 347/882] digits_pca16 (648s)
[scffcm-grid 348/882] digits_pca16 (648s)
[scffcm-grid 349/882] digits_pca16 (648s)
[scffcm-grid 350/882] digits_pca16 (648s)
[scffcm-grid 351/882] digits_pca16 (648s)
[scffcm-grid 352/882] digits_pca16 (648s)
[scffcm-grid 353/882] digits_pca16 (648s)
[scffcm-grid 354/882] digits_pca16 (648s)
[scffcm-grid 355/882] digits_pca16 (648s)
[scffcm-grid 356/882] digits_pca16 (648s)
[scffcm-grid 357/882] digits_pca16 (648s)
[scffcm-grid 358/882] digits_pca16 (648s)
[scffcm-grid 359/882] digits_pca16 (648s)
[scffcm-grid 360/882] digits_pca16 (649s)
[scffcm-grid 361/882] digits_pca16 (649s)
[scffcm-grid 362/882] digits_pca16 (649s)
[scffcm-grid 363/882] digits_pca16 (649s)
[scffcm-grid 364/882] digits_pca16 (649s)
[scffcm-grid 365/882] digits_pca16 (649s)
[scffcm-grid 366/882] digits_pca16 (649s)
[scffcm-grid 367/882] digits_pca16 (649s)
[scffcm-grid 368/882] digits_pca16 (649s)
[scffcm-grid 369/882] digits_pca16 (649s)
[scffcm-grid 370/882] digits_pca16 (649s)
[scffcm-grid 371/882] digits_pca16 (649s)
[scffcm-grid 372/882] digits_pca16 (649s)
[scffcm-grid 373/882] digits_pca16 (649s)
[scffcm-grid 374/882] digits_pca16 (649s)
[scffcm-grid 375/882] digits_pca16 (649s)
[scffcm-grid 376/882] digits_pca16 (649s)
[scffcm-grid 377/882] digits_pca16 (649s)
[scffcm-grid 378/882] digits_pca16 (649s)
[scffcm-grid 379/882] digits_pca32 (650s)
[scffcm-grid 380/882] digits_pca32 (650s)
[scffcm-grid 381/882] digits_pca32 (650s)
[scffcm-grid 382/882] digits_pca32 (650s)
[scffcm-grid 383/882] digits_pca32 (650s)
[scffcm-grid 384/882] digits_pca32 (650s)
[scffcm-grid 385/882] digits_pca32 (650s)
[scffcm-grid 386/882] digits_pca32 (650s)
[scffcm-grid 387/882] digits_pca32 (650s)
[scffcm-grid 388/882] digits_pca32 (650s)
[scffcm-grid 389/882] digits_pca32 (650s)
[scffcm-grid 390/882] digits_pca32 (650s)
[scffcm-grid 391/882] digits_pca32 (650s)
[scffcm-grid 392/882] digits_pca32 (650s)
[scffcm-grid 393/882] digits_pca32 (650s)
[scffcm-grid 394/882] digits_pca32 (651s)
[scffcm-grid 395/882] digits_pca32 (651s)
[scffcm-grid 396/882] digits_pca32 (651s)
[scffcm-grid 397/882] digits_pca32 (651s)
[scffcm-grid 398/882] digits_pca32 (651s)
[scffcm-grid 399/882] digits_pca32 (651s)
[scffcm-grid 400/882] digits_pca32 (651s)
[scffcm-grid 401/882] digits_pca32 (651s)
[scffcm-grid 402/882] digits_pca32 (651s)
[scffcm-grid 403/882] digits_pca32 (651s)
[scffcm-grid 404/882] digits_pca32 (651s)
[scffcm-grid 405/882] digits_pca32 (651s)
[scffcm-grid 406/882] digits_pca32 (651s)
[scffcm-grid 407/882] digits_pca32 (651s)
[scffcm-grid 408/882] digits_pca32 (651s)
[scffcm-grid 409/882] digits_pca32 (651s)
[scffcm-grid 410/882] digits_pca32 (651s)
[scffcm-grid 411/882] digits_pca32 (651s)
[scffcm-grid 412/882] digits_pca32 (651s)
[scffcm-grid 413/882] digits_pca32 (652s)
[scffcm-grid 414/882] digits_pca32 (652s)
[scffcm-grid 415/882] digits_pca32 (652s)
[scffcm-grid 416/882] digits_pca32 (652s)
[scffcm-grid 417/882] digits_pca32 (652s)
[scffcm-grid 418/882] digits_pca32 (652s)
[scffcm-grid 419/882] digits_pca32 (652s)
[scffcm-grid 420/882] digits_pca32 (652s)
[scffcm-grid 421/882] digits_pca32 (652s)
[scffcm-grid 422/882] digits_pca32 (652s)
[scffcm-grid 423/882] digits_pca32 (652s)
[scffcm-grid 424/882] digits_pca32 (652s)
[scffcm-grid 425/882] digits_pca32 (652s)
[scffcm-grid 426/882] digits_pca32 (652s)
[scffcm-grid 427/882] digits_pca32 (652s)
[scffcm-grid 428/882] digits_pca32 (652s)
[scffcm-grid 429/882] digits_pca32 (652s)
[scffcm-grid 430/882] digits_pca32 (653s)
[scffcm-grid 431/882] digits_pca32 (653s)
[scffcm-grid 432/882] digits_pca32 (653s)
[scffcm-grid 433/882] cluster_skew_hard (653s)
[scffcm-grid 434/882] digits_pca32 (653s)
[scffcm-grid 435/882] cluster_skew_hard (653s)
[scffcm-grid 436/882] cluster_skew_hard (653s)
[scffcm-grid 437/882] digits_pca32 (653s)
[scffcm-grid 438/882] digits_pca32 (653s)
[scffcm-grid 439/882] digits_pca32 (653s)
[scffcm-grid 440/882] cluster_skew_hard (653s)
[scffcm-grid 441/882] cluster_skew_hard (653s)
[scffcm-grid 442/882] cluster_skew_hard (653s)
[scffcm-grid 443/882] cluster_skew_hard (653s)
[scffcm-grid 444/882] cluster_skew_hard (653s)
[scffcm-grid 445/882] cluster_skew_hard (653s)
[scffcm-grid 446/882] digits_pca32 (653s)
[scffcm-grid 447/882] cluster_skew_hard (653s)
[scffcm-grid 448/882] cluster_skew_hard (653s)
[scffcm-grid 449/882] digits_pca32 (653s)
[scffcm-grid 450/882] cluster_skew_hard (653s)
[scffcm-grid 451/882] cluster_skew_hard (653s)
[scffcm-grid 452/882] cluster_skew_hard (653s)
[scffcm-grid 453/882] cluster_skew_hard (653s)
[scffcm-grid 454/882] cluster_skew_hard (653s)
[scffcm-grid 455/882] cluster_skew_hard (653s)
[scffcm-grid 456/882] cluster_skew_hard (653s)
[scffcm-grid 457/882] cluster_skew_hard (653s)
[scffcm-grid 458/882] cluster_skew_hard (653s)
[scffcm-grid 459/882] digits_pca32 (653s)
[scffcm-grid 460/882] cluster_skew_hard (653s)
[scffcm-grid 461/882] cluster_skew_hard (653s)
[scffcm-grid 462/882] cluster_skew_hard (653s)
[scffcm-grid 463/882] cluster_skew_hard (653s)
[scffcm-grid 464/882] cluster_skew_hard (653s)
[scffcm-grid 465/882] cluster_skew_hard (653s)
[scffcm-grid 466/882] cluster_skew_hard (653s)
[scffcm-grid 467/882] digits_pca32 (653s)
[scffcm-grid 468/882] cluster_skew_hard (653s)
[scffcm-grid 469/882] cluster_skew_hard (653s)
[scffcm-grid 470/882] cluster_skew_hard (653s)
[scffcm-grid 471/882] cluster_skew_hard (653s)
[scffcm-grid 472/882] cluster_skew_hard (653s)
[scffcm-grid 473/882] cluster_skew_hard (653s)
[scffcm-grid 474/882] cluster_skew_hard (653s)
[scffcm-grid 475/882] cluster_skew_hard (653s)
[scffcm-grid 476/882] cluster_skew_hard (653s)
[scffcm-grid 477/882] cluster_skew_hard (653s)
[scffcm-grid 478/882] cluster_skew_hard (653s)
[scffcm-grid 479/882] cluster_skew_hard (653s)
[scffcm-grid 480/882] cluster_skew_hard (653s)
[scffcm-grid 481/882] cluster_skew_hard (653s)
[scffcm-grid 482/882] cluster_skew_hard (653s)
[scffcm-grid 483/882] cluster_skew_hard (653s)
[scffcm-grid 484/882] cluster_skew_hard (653s)
[scffcm-grid 485/882] cluster_skew_hard (653s)
[scffcm-grid 486/882] cluster_skew_hard (653s)
[scffcm-grid 487/882] digits_pca32 (653s)
[scffcm-grid 488/882] cluster_skew_hard (653s)
[scffcm-grid 489/882] cluster_skew_hard (653s)
[scffcm-grid 490/882] cluster_skew_hard (653s)
[scffcm-grid 491/882] cluster_skew_hard (653s)
[scffcm-grid 492/882] cluster_skew_hard (653s)
[scffcm-grid 493/882] cluster_skew_hard (653s)
[scffcm-grid 494/882] cluster_skew_hard (653s)
[scffcm-grid 495/882] cluster_skew_hard (653s)
[scffcm-grid 496/882] cluster_skew_hard (653s)
[scffcm-grid 497/882] cluster_skew_hard (653s)
[scffcm-grid 498/882] cluster_skew_hard (653s)
[scffcm-grid 499/882] cluster_skew_hard (653s)
[scffcm-grid 500/882] cluster_skew_hard (653s)
[scffcm-grid 501/882] cluster_skew_hard (653s)
[scffcm-grid 502/882] cluster_skew_hard (653s)
[scffcm-grid 503/882] cluster_skew_overlap (653s)
[scffcm-grid 504/882] cluster_skew_hard (653s)
[scffcm-grid 505/882] cluster_skew_hard (653s)
[scffcm-grid 506/882] cluster_skew_overlap (653s)
[scffcm-grid 507/882] cluster_skew_overlap (653s)
[scffcm-grid 508/882] cluster_skew_overlap (653s)
[scffcm-grid 509/882] cluster_skew_overlap (653s)
[scffcm-grid 510/882] cluster_skew_overlap (653s)
[scffcm-grid 511/882] cluster_skew_overlap (653s)
[scffcm-grid 512/882] cluster_skew_overlap (653s)
[scffcm-grid 513/882] cluster_skew_overlap (653s)
[scffcm-grid 514/882] cluster_skew_overlap (653s)
[scffcm-grid 515/882] cluster_skew_overlap (653s)
[scffcm-grid 516/882] cluster_skew_overlap (653s)
[scffcm-grid 517/882] cluster_skew_overlap (653s)
[scffcm-grid 518/882] cluster_skew_overlap (653s)
[scffcm-grid 519/882] cluster_skew_overlap (654s)
[scffcm-grid 520/882] cluster_skew_overlap (654s)
[scffcm-grid 521/882] cluster_skew_overlap (654s)
[scffcm-grid 522/882] cluster_skew_overlap (654s)
[scffcm-grid 523/882] cluster_skew_overlap (654s)
[scffcm-grid 524/882] cluster_skew_overlap (654s)
[scffcm-grid 525/882] cluster_skew_overlap (654s)
[scffcm-grid 526/882] cluster_skew_overlap (654s)
[scffcm-grid 527/882] cluster_skew_overlap (654s)
[scffcm-grid 528/882] cluster_skew_overlap (654s)
[scffcm-grid 529/882] cluster_skew_overlap (654s)
[scffcm-grid 530/882] cluster_skew_overlap (654s)
[scffcm-grid 531/882] cluster_skew_overlap (654s)
[scffcm-grid 532/882] cluster_skew_overlap (654s)
[scffcm-grid 533/882] cluster_skew_overlap (654s)
[scffcm-grid 534/882] cluster_skew_overlap (654s)
[scffcm-grid 535/882] cluster_skew_overlap (654s)
[scffcm-grid 536/882] cluster_skew_overlap (654s)
[scffcm-grid 537/882] cluster_skew_overlap (654s)
[scffcm-grid 538/882] cluster_skew_overlap (654s)
[scffcm-grid 539/882] cluster_skew_overlap (654s)
[scffcm-grid 540/882] cluster_skew_overlap (654s)
[scffcm-grid 541/882] cluster_skew_overlap (654s)
[scffcm-grid 542/882] cluster_skew_overlap (654s)
[scffcm-grid 543/882] cluster_skew_overlap (654s)
[scffcm-grid 544/882] cluster_skew_overlap (654s)
[scffcm-grid 545/882] cluster_skew_overlap (654s)
[scffcm-grid 546/882] cluster_skew_overlap (654s)
[scffcm-grid 547/882] cluster_skew_overlap (654s)
[scffcm-grid 548/882] cluster_skew_overlap (654s)
[scffcm-grid 549/882] cluster_skew_overlap (654s)
[scffcm-grid 550/882] cluster_skew_overlap (654s)
[scffcm-grid 551/882] cluster_skew_overlap (654s)
[scffcm-grid 552/882] cluster_skew_overlap (654s)
[scffcm-grid 553/882] cluster_skew_overlap (654s)
[scffcm-grid 554/882] cluster_skew_overlap (654s)
[scffcm-grid 555/882] cluster_skew_overlap (654s)
[scffcm-grid 556/882] cluster_skew_overlap (654s)
[scffcm-grid 557/882] cluster_skew_overlap (654s)
[scffcm-grid 558/882] cluster_skew_overlap (654s)
[scffcm-grid 559/882] cluster_skew_overlap (654s)
[scffcm-grid 560/882] cluster_skew_overlap (654s)
[scffcm-grid 561/882] cluster_skew_overlap (654s)
[scffcm-grid 562/882] cluster_skew_overlap (654s)
[scffcm-grid 563/882] cluster_skew_overlap (654s)
[scffcm-grid 564/882] cluster_skew_overlap (654s)
[scffcm-grid 565/882] cluster_skew_overlap (654s)
[scffcm-grid 566/882] cluster_skew_overlap (654s)
[scffcm-grid 567/882] cluster_skew_overlap (654s)
[scffcm-grid 568/882] dirichlet_0.03 (654s)
[scffcm-grid 569/882] dirichlet_0.03 (654s)
[scffcm-grid 570/882] dirichlet_0.03 (654s)
[scffcm-grid 571/882] dirichlet_0.03 (654s)
[scffcm-grid 572/882] dirichlet_0.03 (654s)
[scffcm-grid 573/882] dirichlet_0.03 (654s)
[scffcm-grid 574/882] dirichlet_0.03 (654s)
[scffcm-grid 575/882] dirichlet_0.03 (654s)
[scffcm-grid 576/882] dirichlet_0.03 (654s)
[scffcm-grid 577/882] dirichlet_0.03 (654s)
[scffcm-grid 578/882] dirichlet_0.03 (654s)
[scffcm-grid 579/882] dirichlet_0.03 (654s)
[scffcm-grid 580/882] dirichlet_0.03 (654s)
[scffcm-grid 581/882] dirichlet_0.03 (654s)
[scffcm-grid 582/882] dirichlet_0.03 (654s)
[scffcm-grid 583/882] dirichlet_0.03 (654s)
[scffcm-grid 584/882] dirichlet_0.03 (654s)
[scffcm-grid 585/882] dirichlet_0.03 (654s)
[scffcm-grid 586/882] dirichlet_0.03 (654s)
[scffcm-grid 587/882] dirichlet_0.03 (654s)
[scffcm-grid 588/882] dirichlet_0.03 (654s)
[scffcm-grid 589/882] dirichlet_0.03 (654s)
[scffcm-grid 590/882] dirichlet_0.03 (654s)
[scffcm-grid 591/882] dirichlet_0.03 (654s)
[scffcm-grid 592/882] dirichlet_0.03 (654s)
[scffcm-grid 593/882] dirichlet_0.03 (654s)
[scffcm-grid 594/882] dirichlet_0.03 (654s)
[scffcm-grid 595/882] dirichlet_0.03 (654s)
[scffcm-grid 596/882] dirichlet_0.03 (654s)
[scffcm-grid 597/882] dirichlet_0.03 (654s)
[scffcm-grid 598/882] dirichlet_0.03 (654s)
[scffcm-grid 599/882] dirichlet_0.03 (654s)
[scffcm-grid 600/882] dirichlet_0.03 (654s)
[scffcm-grid 601/882] dirichlet_0.03 (654s)
[scffcm-grid 602/882] dirichlet_0.03 (654s)
[scffcm-grid 603/882] dirichlet_0.03 (654s)
[scffcm-grid 604/882] dirichlet_0.03 (654s)
[scffcm-grid 605/882] dirichlet_0.03 (654s)
[scffcm-grid 606/882] dirichlet_0.03 (654s)
[scffcm-grid 607/882] dirichlet_0.03 (654s)
[scffcm-grid 608/882] dirichlet_0.03 (654s)
[scffcm-grid 609/882] dirichlet_0.03 (654s)
[scffcm-grid 610/882] dirichlet_0.03 (654s)
[scffcm-grid 611/882] dirichlet_0.03 (654s)
[scffcm-grid 612/882] dirichlet_0.03 (654s)
[scffcm-grid 613/882] dirichlet_0.03 (654s)
[scffcm-grid 614/882] dirichlet_0.03 (655s)
[scffcm-grid 615/882] dirichlet_0.03 (655s)
[scffcm-grid 616/882] dirichlet_0.03 (655s)
[scffcm-grid 617/882] dirichlet_0.03 (655s)
[scffcm-grid 618/882] dirichlet_0.03 (655s)
[scffcm-grid 619/882] dirichlet_0.03 (655s)
[scffcm-grid 620/882] dirichlet_0.03 (655s)
[scffcm-grid 621/882] dirichlet_0.03 (655s)
[scffcm-grid 622/882] dirichlet_0.03 (655s)
[scffcm-grid 623/882] dirichlet_0.03 (655s)
[scffcm-grid 624/882] dirichlet_0.03 (655s)
[scffcm-grid 625/882] dirichlet_0.03 (655s)
[scffcm-grid 626/882] dirichlet_0.1 (655s)
[scffcm-grid 627/882] dirichlet_0.1 (655s)
[scffcm-grid 628/882] dirichlet_0.03 (655s)
[scffcm-grid 629/882] dirichlet_0.03 (655s)
[scffcm-grid 630/882] dirichlet_0.03 (655s)
[scffcm-grid 631/882] dirichlet_0.03 (655s)
[scffcm-grid 632/882] dirichlet_0.1 (655s)
[scffcm-grid 633/882] dirichlet_0.1 (655s)
[scffcm-grid 634/882] dirichlet_0.03 (655s)
[scffcm-grid 635/882] dirichlet_0.1 (655s)
[scffcm-grid 636/882] dirichlet_0.1 (655s)
[scffcm-grid 637/882] dirichlet_0.1 (655s)
[scffcm-grid 638/882] dirichlet_0.1 (655s)
[scffcm-grid 639/882] dirichlet_0.1 (655s)
[scffcm-grid 640/882] dirichlet_0.1 (655s)
[scffcm-grid 641/882] dirichlet_0.1 (655s)
[scffcm-grid 642/882] dirichlet_0.1 (655s)
[scffcm-grid 643/882] dirichlet_0.1 (655s)
[scffcm-grid 644/882] dirichlet_0.1 (655s)
[scffcm-grid 645/882] dirichlet_0.1 (655s)
[scffcm-grid 646/882] dirichlet_0.1 (655s)
[scffcm-grid 647/882] dirichlet_0.1 (655s)
[scffcm-grid 648/882] dirichlet_0.1 (655s)
[scffcm-grid 649/882] dirichlet_0.1 (655s)
[scffcm-grid 650/882] dirichlet_0.1 (655s)
[scffcm-grid 651/882] dirichlet_0.1 (655s)
[scffcm-grid 652/882] dirichlet_0.1 (655s)
[scffcm-grid 653/882] dirichlet_0.1 (655s)
[scffcm-grid 654/882] dirichlet_0.1 (655s)
[scffcm-grid 655/882] dirichlet_0.1 (655s)
[scffcm-grid 656/882] dirichlet_0.1 (655s)
[scffcm-grid 657/882] dirichlet_0.1 (655s)
[scffcm-grid 658/882] dirichlet_0.1 (655s)
[scffcm-grid 659/882] dirichlet_0.1 (655s)
[scffcm-grid 660/882] dirichlet_0.1 (655s)
[scffcm-grid 661/882] dirichlet_0.1 (655s)
[scffcm-grid 662/882] dirichlet_0.1 (655s)
[scffcm-grid 663/882] dirichlet_0.1 (655s)
[scffcm-grid 664/882] dirichlet_0.1 (655s)
[scffcm-grid 665/882] dirichlet_0.1 (655s)
[scffcm-grid 666/882] dirichlet_0.1 (655s)
[scffcm-grid 667/882] dirichlet_0.1 (655s)
[scffcm-grid 668/882] dirichlet_0.1 (655s)
[scffcm-grid 669/882] dirichlet_0.1 (655s)
[scffcm-grid 670/882] dirichlet_0.1 (655s)
[scffcm-grid 671/882] dirichlet_0.1 (655s)
[scffcm-grid 672/882] dirichlet_0.1 (655s)
[scffcm-grid 673/882] dirichlet_0.1 (655s)
[scffcm-grid 674/882] dirichlet_0.1 (655s)
[scffcm-grid 675/882] dirichlet_0.1 (655s)
[scffcm-grid 676/882] dirichlet_0.1 (655s)
[scffcm-grid 677/882] dirichlet_0.1 (655s)
[scffcm-grid 678/882] dirichlet_0.1 (655s)
[scffcm-grid 679/882] dirichlet_0.1 (655s)
[scffcm-grid 680/882] dirichlet_0.1 (655s)
[scffcm-grid 681/882] dirichlet_0.1 (655s)
[scffcm-grid 682/882] dirichlet_0.1 (655s)
[scffcm-grid 683/882] dirichlet_0.1 (655s)
[scffcm-grid 684/882] dirichlet_0.1 (655s)
[scffcm-grid 685/882] dirichlet_0.1 (655s)
[scffcm-grid 686/882] dirichlet_0.1 (655s)
[scffcm-grid 687/882] dirichlet_0.1 (655s)
[scffcm-grid 688/882] dirichlet_0.1 (655s)
[scffcm-grid 689/882] dirichlet_0.1 (655s)
[scffcm-grid 690/882] dirichlet_0.1 (655s)
[scffcm-grid 691/882] dirichlet_0.1 (655s)
[scffcm-grid 692/882] overlap_noise (655s)
[scffcm-grid 693/882] dirichlet_0.1 (655s)
[scffcm-grid 694/882] dirichlet_0.1 (655s)
[scffcm-grid 695/882] overlap_noise (655s)
[scffcm-grid 696/882] overlap_noise (655s)
[scffcm-grid 697/882] overlap_noise (655s)
[scffcm-grid 698/882] overlap_noise (655s)
[scffcm-grid 699/882] overlap_noise (655s)
[scffcm-grid 700/882] overlap_noise (655s)
[scffcm-grid 701/882] overlap_noise (655s)
[scffcm-grid 702/882] overlap_noise (655s)
[scffcm-grid 703/882] overlap_noise (655s)
[scffcm-grid 704/882] overlap_noise (655s)
[scffcm-grid 705/882] overlap_noise (655s)
[scffcm-grid 706/882] overlap_noise (655s)
[scffcm-grid 707/882] overlap_noise (655s)
[scffcm-grid 708/882] overlap_noise (655s)
[scffcm-grid 709/882] overlap_noise (655s)
[scffcm-grid 710/882] overlap_noise (655s)
[scffcm-grid 711/882] overlap_noise (655s)
[scffcm-grid 712/882] overlap_noise (656s)
[scffcm-grid 713/882] overlap_noise (656s)
[scffcm-grid 714/882] overlap_noise (656s)
[scffcm-grid 715/882] overlap_noise (656s)
[scffcm-grid 716/882] overlap_noise (656s)
[scffcm-grid 717/882] overlap_noise (656s)
[scffcm-grid 718/882] overlap_noise (656s)
[scffcm-grid 719/882] overlap_noise (656s)
[scffcm-grid 720/882] overlap_noise (656s)
[scffcm-grid 721/882] overlap_noise (656s)
[scffcm-grid 722/882] overlap_noise (656s)
[scffcm-grid 723/882] overlap_noise (656s)
[scffcm-grid 724/882] overlap_noise (656s)
[scffcm-grid 725/882] overlap_noise (656s)
[scffcm-grid 726/882] overlap_noise (656s)
[scffcm-grid 727/882] overlap_noise (656s)
[scffcm-grid 728/882] overlap_noise (656s)
[scffcm-grid 729/882] overlap_noise (656s)
[scffcm-grid 730/882] overlap_noise (656s)
[scffcm-grid 731/882] overlap_noise (656s)
[scffcm-grid 732/882] overlap_noise (656s)
[scffcm-grid 733/882] overlap_noise (656s)
[scffcm-grid 734/882] overlap_noise (656s)
[scffcm-grid 735/882] overlap_noise (656s)
[scffcm-grid 736/882] overlap_noise (656s)
[scffcm-grid 737/882] overlap_noise (656s)
[scffcm-grid 738/882] overlap_noise (656s)
[scffcm-grid 739/882] overlap_noise (656s)
[scffcm-grid 740/882] overlap_noise (656s)
[scffcm-grid 741/882] overlap_noise (656s)
[scffcm-grid 742/882] overlap_noise (656s)
[scffcm-grid 743/882] overlap_noise (656s)
[scffcm-grid 744/882] overlap_noise (656s)
[scffcm-grid 745/882] overlap_noise (656s)
[scffcm-grid 746/882] overlap_noise (656s)
[scffcm-grid 747/882] overlap_noise (656s)
[scffcm-grid 748/882] overlap_noise (656s)
[scffcm-grid 749/882] overlap_noise (656s)
[scffcm-grid 750/882] overlap_noise (656s)
[scffcm-grid 751/882] overlap_noise (656s)
[scffcm-grid 752/882] overlap_noise (656s)
[scffcm-grid 753/882] overlap_noise (656s)
[scffcm-grid 754/882] overlap_noise (656s)
[scffcm-grid 755/882] quantity_skew_extreme (656s)
[scffcm-grid 756/882] overlap_noise (656s)
[scffcm-grid 757/882] quantity_skew_extreme (656s)
[scffcm-grid 758/882] overlap_noise (656s)
[scffcm-grid 759/882] quantity_skew_extreme (656s)
[scffcm-grid 760/882] quantity_skew_extreme (656s)
[scffcm-grid 761/882] quantity_skew_extreme (656s)
[scffcm-grid 762/882] quantity_skew_extreme (656s)
[scffcm-grid 763/882] quantity_skew_extreme (656s)
[scffcm-grid 764/882] quantity_skew_extreme (656s)
[scffcm-grid 765/882] quantity_skew_extreme (656s)
[scffcm-grid 766/882] quantity_skew_extreme (656s)
[scffcm-grid 767/882] quantity_skew_extreme (656s)
[scffcm-grid 768/882] quantity_skew_extreme (656s)
[scffcm-grid 769/882] quantity_skew_extreme (656s)
[scffcm-grid 770/882] quantity_skew_extreme (656s)
[scffcm-grid 771/882] quantity_skew_extreme (656s)
[scffcm-grid 772/882] quantity_skew_extreme (656s)
[scffcm-grid 773/882] quantity_skew_extreme (656s)
[scffcm-grid 774/882] quantity_skew_extreme (656s)
[scffcm-grid 775/882] quantity_skew_extreme (656s)
[scffcm-grid 776/882] quantity_skew_extreme (656s)
[scffcm-grid 777/882] quantity_skew_extreme (656s)
[scffcm-grid 778/882] quantity_skew_extreme (656s)
[scffcm-grid 779/882] quantity_skew_extreme (656s)
[scffcm-grid 780/882] quantity_skew_extreme (656s)
[scffcm-grid 781/882] quantity_skew_extreme (656s)
[scffcm-grid 782/882] quantity_skew_extreme (656s)
[scffcm-grid 783/882] quantity_skew_extreme (656s)
[scffcm-grid 784/882] quantity_skew_extreme (656s)
[scffcm-grid 785/882] quantity_skew_extreme (656s)
[scffcm-grid 786/882] quantity_skew_extreme (656s)
[scffcm-grid 787/882] quantity_skew_extreme (656s)
[scffcm-grid 788/882] quantity_skew_extreme (656s)
[scffcm-grid 789/882] quantity_skew_extreme (656s)
[scffcm-grid 790/882] quantity_skew_extreme (656s)
[scffcm-grid 791/882] quantity_skew_extreme (656s)
[scffcm-grid 792/882] quantity_skew_extreme (656s)
[scffcm-grid 793/882] quantity_skew_extreme (656s)
[scffcm-grid 794/882] quantity_skew_extreme (656s)
[scffcm-grid 795/882] quantity_skew_extreme (656s)
[scffcm-grid 796/882] quantity_skew_extreme (656s)
[scffcm-grid 797/882] quantity_skew_extreme (657s)
[scffcm-grid 798/882] quantity_skew_extreme (657s)
[scffcm-grid 799/882] quantity_skew_extreme (657s)
[scffcm-grid 800/882] quantity_skew_extreme (657s)
[scffcm-grid 801/882] quantity_skew_extreme (657s)
[scffcm-grid 802/882] quantity_skew_extreme (657s)
[scffcm-grid 803/882] quantity_skew_extreme (657s)
[scffcm-grid 804/882] quantity_skew_extreme (657s)
[scffcm-grid 805/882] quantity_skew_extreme (657s)
[scffcm-grid 806/882] quantity_skew_extreme (657s)
[scffcm-grid 807/882] quantity_skew_extreme (657s)
[scffcm-grid 808/882] quantity_skew_extreme (657s)
[scffcm-grid 809/882] quantity_skew_extreme (657s)
[scffcm-grid 810/882] quantity_skew_extreme (657s)
[scffcm-grid 811/882] quantity_skew_extreme (657s)
[scffcm-grid 812/882] quantity_skew_extreme (657s)
[scffcm-grid 813/882] quantity_skew_extreme (657s)
[scffcm-grid 814/882] wine (657s)
[scffcm-grid 815/882] quantity_skew_extreme (657s)
[scffcm-grid 816/882] wine (657s)
[scffcm-grid 817/882] wine (657s)
[scffcm-grid 818/882] wine (657s)
[scffcm-grid 819/882] wine (657s)
[scffcm-grid 820/882] wine (657s)
[scffcm-grid 821/882] quantity_skew_extreme (657s)
[scffcm-grid 822/882] quantity_skew_extreme (657s)
[scffcm-grid 823/882] wine (657s)
[scffcm-grid 824/882] wine (657s)
[scffcm-grid 825/882] wine (657s)
[scffcm-grid 826/882] wine (657s)
[scffcm-grid 827/882] wine (657s)
[scffcm-grid 828/882] wine (657s)
[scffcm-grid 829/882] wine (657s)
[scffcm-grid 830/882] wine (657s)
[scffcm-grid 831/882] wine (657s)
[scffcm-grid 832/882] quantity_skew_extreme (657s)
[scffcm-grid 833/882] wine (657s)
[scffcm-grid 834/882] wine (657s)
[scffcm-grid 835/882] wine (657s)
[scffcm-grid 836/882] wine (657s)
[scffcm-grid 837/882] wine (657s)
[scffcm-grid 838/882] wine (657s)
[scffcm-grid 839/882] wine (657s)
[scffcm-grid 840/882] wine (657s)
[scffcm-grid 841/882] wine (657s)
[scffcm-grid 842/882] wine (657s)
[scffcm-grid 843/882] quantity_skew_extreme (657s)
[scffcm-grid 844/882] wine (657s)
[scffcm-grid 845/882] wine (657s)
[scffcm-grid 846/882] wine (657s)
[scffcm-grid 847/882] wine (657s)
[scffcm-grid 848/882] quantity_skew_extreme (657s)
[scffcm-grid 849/882] wine (657s)
[scffcm-grid 850/882] wine (657s)
[scffcm-grid 851/882] wine (657s)
[scffcm-grid 852/882] wine (657s)
[scffcm-grid 853/882] wine (657s)
[scffcm-grid 854/882] wine (657s)
[scffcm-grid 855/882] wine (657s)
[scffcm-grid 856/882] wine (657s)
[scffcm-grid 857/882] wine (657s)
[scffcm-grid 858/882] wine (657s)
[scffcm-grid 859/882] wine (657s)
[scffcm-grid 860/882] wine (657s)
[scffcm-grid 861/882] wine (657s)
[scffcm-grid 862/882] wine (657s)
[scffcm-grid 863/882] wine (657s)
[scffcm-grid 864/882] wine (657s)
[scffcm-grid 865/882] wine (657s)
[scffcm-grid 866/882] wine (657s)
[scffcm-grid 867/882] wine (657s)
[scffcm-grid 868/882] wine (657s)
[scffcm-grid 869/882] wine (657s)
[scffcm-grid 870/882] wine (657s)
[scffcm-grid 871/882] wine (657s)
[scffcm-grid 872/882] wine (657s)
[scffcm-grid 873/882] wine (657s)
[scffcm-grid 874/882] wine (657s)
[scffcm-grid 875/882] wine (657s)
[scffcm-grid 876/882] wine (657s)
[scffcm-grid 877/882] wine (657s)
[scffcm-grid 878/882] wine (657s)
[scffcm-grid 879/882] wine (657s)
[scffcm-grid 880/882] wine (657s)
[scffcm-grid 881/882] wine (657s)
[scffcm-grid 882/882] wine (657s)
wrote /Users/chunmaojiang/Dropbox/项目申请-开会-出国-z研究生-评审论文和项目/项目申请2026/ffcm-fuzzysetandsystem/experiments/results/t10/ed_scffcm_cal_L1_R250.csv and /Users/chunmaojiang/Dropbox/项目申请-开会-出国-z研究生-评审论文和项目/项目申请2026/ffcm-fuzzysetandsystem/experiments/results/t10/ed_scffcm_cal_L1_R250_grid.csv in 836s
{'dataset': 'cluster_skew_hard', 'L': 1, 'rounds': 250, 'm': 2.0, 'eta_l': 1.0, 'eta_g': 2.0, 'rel_obj_gap': 1.4291195865943642e-14, 'n_stable': 35, 'n_grid': 63, 'edge_eta_l': 'interior', 'edge_eta_g': 'interior', 'on_edge': 0}
{'dataset': 'cluster_skew_overlap', 'L': 1, 'rounds': 250, 'm': 2.0, 'eta_l': 0.5, 'eta_g': 8.0, 'rel_obj_gap': 2.2239158863155552e-13, 'n_stable': 48, 'n_grid': 63, 'edge_eta_l': 'interior', 'edge_eta_g': 'interior', 'on_edge': 0}
{'dataset': 'dirichlet_0.03', 'L': 1, 'rounds': 250, 'm': 2.0, 'eta_l': 1.0, 'eta_g': 2.0, 'rel_obj_gap': 5.9752538643951045e-12, 'n_stable': 30, 'n_grid': 63, 'edge_eta_l': 'interior', 'edge_eta_g': 'interior', 'on_edge': 0}
{'dataset': 'dirichlet_0.1', 'L': 1, 'rounds': 250, 'm': 2.0, 'eta_l': 0.1, 'eta_g': 32.0, 'rel_obj_gap': 4.82797785869702e-12, 'n_stable': 36, 'n_grid': 63, 'edge_eta_l': 'interior', 'edge_eta_g': 'high', 'on_edge': 1}
{'dataset': 'overlap_noise', 'L': 1, 'rounds': 250, 'm': 2.0, 'eta_l': 2.0, 'eta_g': 2.0, 'rel_obj_gap': 1.0470022854894973e-12, 'n_stable': 42, 'n_grid': 63, 'edge_eta_l': 'interior', 'edge_eta_g': 'interior', 'on_edge': 0}
{'dataset': 'quantity_skew_extreme', 'L': 1, 'rounds': 250, 'm': 2.0, 'eta_l': 0.5, 'eta_g': 4.0, 'rel_obj_gap': 0.005856743340052147, 'n_stable': 35, 'n_grid': 63, 'edge_eta_l': 'interior', 'edge_eta_g': 'interior', 'on_edge': 0}
{'dataset': 'wine', 'L': 1, 'rounds': 250, 'm': 2.0, 'eta_l': 0.05, 'eta_g': 4.0, 'rel_obj_gap': 0.00010238091690743177, 'n_stable': 42, 'n_grid': 63, 'edge_eta_l': 'low', 'edge_eta_g': 'interior', 'on_edge': 1}
{'dataset': 'satimage', 'L': 1, 'rounds': 250, 'm': 2.0, 'eta_l': 0.05, 'eta_g': 32.0, 'rel_obj_gap': 0.0022973206978338556, 'n_stable': 48, 'n_grid': 63, 'edge_eta_l': 'low', 'edge_eta_g': 'high', 'on_edge': 1}
{'dataset': 'pendigits', 'L': 1, 'rounds': 250, 'm': 1.5, 'eta_l': 0.05, 'eta_g': 16.0, 'rel_obj_gap': 5.794586432484873e-05, 'n_stable': 48, 'n_grid': 63, 'edge_eta_l': 'low', 'edge_eta_g': 'interior', 'on_edge': 1}
{'dataset': 'digits_pca16', 'L': 1, 'rounds': 250, 'm': 1.3, 'eta_l': 0.5, 'eta_g': 8.0, 'rel_obj_gap': 0.0028940560851639695, 'n_stable': 48, 'n_grid': 63, 'edge_eta_l': 'interior', 'edge_eta_g': 'interior', 'on_edge': 0}
{'dataset': 'digits_pca32', 'L': 1, 'rounds': 250, 'm': 1.1, 'eta_l': 0.2, 'eta_g': 8.0, 'rel_obj_gap': 3.7615491025779987e-06, 'n_stable': 42, 'n_grid': 63, 'edge_eta_l': 'interior', 'edge_eta_g': 'interior', 'on_edge': 0}
{'dataset': 'letter', 'L': 1, 'rounds': 250, 'm': 1.3, 'eta_l': 0.5, 'eta_g': 32.0, 'rel_obj_gap': 0.001275182673514669, 'n_stable': 53, 'n_grid': 63, 'edge_eta_l': 'interior', 'edge_eta_g': 'high', 'on_edge': 1}
{'dataset': 'mnist784_pca32 (20c)', 'L': 1, 'rounds': 250, 'm': 1.1, 'eta_l': 0.5, 'eta_g': 8.0, 'rel_obj_gap': 3.768661188158881e-05, 'n_stable': 36, 'n_grid': 63, 'edge_eta_l': 'interior', 'edge_eta_g': 'interior', 'on_edge': 0}
{'dataset': 'mnist784_pca32 (50c)', 'L': 1, 'rounds': 250, 'm': 1.1, 'eta_l': 0.5, 'eta_g': 4.0, 'rel_obj_gap': 0.00021422575273228578, 'n_stable': 42, 'n_grid': 63, 'edge_eta_l': 'interior', 'edge_eta_g': 'interior', 'on_edge': 0}
