[cells 1/140] mnist784_pca32 (20c) (124s)
[cells 2/140] mnist784_pca32 (20c) (125s)
[cells 3/140] mnist784_pca32 (50c) (202s)
[cells 4/140] mnist784_pca32 (50c) (202s)
[cells 5/140] mnist784_pca32 (50c) (203s)
[cells 6/140] mnist784_pca32 (50c) (203s)
[cells 7/140] mnist784_pca32 (50c) (204s)
[cells 8/140] mnist784_pca32 (50c) (204s)
[cells 9/140] mnist784_pca32 (50c) (205s)
[cells 10/140] mnist784_pca32 (50c) (208s)
[cells 11/140] mnist784_pca32 (50c) (209s)
[cells 12/140] mnist784_pca32 (50c) (210s)
[cells 13/140] mnist784_pca32 (20c) (249s)
[cells 14/140] mnist784_pca32 (20c) (252s)
[cells 15/140] letter (280s)
[cells 16/140] letter (283s)
[cells 17/140] letter (284s)
[cells 18/140] letter (285s)
[cells 19/140] mnist784_pca32 (20c) (314s)
[cells 20/140] mnist784_pca32 (20c) (314s)
[cells 21/140] mnist784_pca32 (20c) (315s)
[cells 22/140] mnist784_pca32 (20c) (315s)
[cells 23/140] mnist784_pca32 (20c) (316s)
[cells 24/140] mnist784_pca32 (20c) (316s)
[cells 25/140] letter (319s)
[cells 26/140] satimage (325s)
[cells 27/140] satimage (325s)
[cells 28/140] satimage (326s)
[cells 29/140] satimage (327s)
[cells 30/140] satimage (327s)
[cells 31/140] satimage (327s)
[cells 32/140] letter (329s)
[cells 33/140] satimage (330s)
[cells 34/140] satimage (334s)
[cells 35/140] satimage (336s)
[cells 36/140] satimage (337s)
[cells 37/140] pendigits (343s)
[cells 38/140] pendigits (344s)
[cells 39/140] pendigits (344s)
[cells 40/140] pendigits (345s)
[cells 41/140] pendigits (345s)
[cells 42/140] digits_pca16 (348s)
[cells 43/140] digits_pca16 (348s)
[cells 44/140] digits_pca16 (348s)
[cells 45/140] pendigits (349s)
[cells 46/140] letter (351s)
[cells 47/140] digits_pca16 (351s)
[cells 48/140] digits_pca16 (351s)
[cells 49/140] pendigits (352s)
[cells 50/140] pendigits (352s)
[cells 51/140] digits_pca16 (352s)
[cells 52/140] digits_pca16 (353s)
[cells 53/140] digits_pca16 (355s)
[cells 54/140] digits_pca16 (355s)
[cells 55/140] letter (355s)
[cells 56/140] digits_pca16 (356s)
[cells 57/140] letter (356s)
[cells 58/140] letter (357s)
[cells 59/140] digits_pca32 (357s)
[cells 60/140] digits_pca32 (358s)
[cells 61/140] digits_pca32 (358s)
[cells 62/140] cluster_skew_hard (358s)
[cells 63/140] digits_pca32 (359s)
[cells 64/140] cluster_skew_hard (359s)
[cells 65/140] pendigits (359s)
[cells 66/140] pendigits (359s)
[cells 67/140] cluster_skew_hard (359s)
[cells 68/140] cluster_skew_hard (359s)
[cells 69/140] digits_pca32 (359s)
[cells 70/140] digits_pca32 (360s)
[cells 71/140] cluster_skew_hard (360s)
[cells 72/140] cluster_skew_hard (360s)
[cells 73/140] digits_pca32 (360s)
[cells 74/140] cluster_skew_hard (360s)
[cells 75/140] cluster_skew_hard (360s)
[cells 76/140] cluster_skew_hard (360s)
[cells 77/140] cluster_skew_hard (360s)
[cells 78/140] cluster_skew_overlap (361s)
[cells 79/140] cluster_skew_overlap (361s)
[cells 80/140] cluster_skew_overlap (361s)
[cells 81/140] cluster_skew_overlap (361s)
[cells 82/140] cluster_skew_overlap (361s)
[cells 83/140] cluster_skew_overlap (361s)
[cells 84/140] cluster_skew_overlap (361s)
[cells 85/140] cluster_skew_overlap (361s)
[cells 86/140] cluster_skew_overlap (362s)
[cells 87/140] cluster_skew_overlap (362s)
[cells 88/140] dirichlet_0.03 (362s)
[cells 89/140] dirichlet_0.03 (362s)
[cells 90/140] dirichlet_0.03 (362s)
[cells 91/140] digits_pca32 (362s)
[cells 92/140] dirichlet_0.03 (362s)
[cells 93/140] dirichlet_0.03 (362s)
[cells 94/140] dirichlet_0.03 (363s)
[cells 95/140] dirichlet_0.03 (363s)
[cells 96/140] dirichlet_0.03 (363s)
[cells 97/140] dirichlet_0.03 (363s)
[cells 98/140] dirichlet_0.03 (363s)
[cells 99/140] dirichlet_0.1 (363s)
[cells 100/140] dirichlet_0.1 (363s)
[cells 101/140] dirichlet_0.1 (363s)
[cells 102/140] dirichlet_0.1 (363s)
[cells 103/140] dirichlet_0.1 (364s)
[cells 104/140] dirichlet_0.1 (364s)
[cells 105/140] dirichlet_0.1 (364s)
[cells 106/140] digits_pca32 (364s)
[cells 107/140] dirichlet_0.1 (364s)
[cells 108/140] dirichlet_0.1 (364s)
[cells 109/140] digits_pca32 (364s)
[cells 110/140] dirichlet_0.1 (364s)
[cells 111/140] overlap_noise (364s)
[cells 112/140] overlap_noise (364s)
[cells 113/140] overlap_noise (364s)
[cells 114/140] overlap_noise (365s)
[cells 115/140] overlap_noise (365s)
[cells 116/140] overlap_noise (365s)
[cells 117/140] overlap_noise (365s)
[cells 118/140] overlap_noise (365s)
[cells 119/140] overlap_noise (365s)
[cells 120/140] overlap_noise (365s)
[cells 121/140] quantity_skew_extreme (365s)
[cells 122/140] quantity_skew_extreme (365s)
[cells 123/140] wine (365s)
[cells 124/140] wine (365s)
[cells 125/140] quantity_skew_extreme (365s)
[cells 126/140] quantity_skew_extreme (366s)
[cells 127/140] wine (366s)
[cells 128/140] wine (366s)
[cells 129/140] wine (366s)
[cells 130/140] wine (366s)
[cells 131/140] quantity_skew_extreme (366s)
[cells 132/140] wine (366s)
[cells 133/140] quantity_skew_extreme (366s)
[cells 134/140] quantity_skew_extreme (366s)
[cells 135/140] quantity_skew_extreme (366s)
[cells 136/140] wine (366s)
[cells 137/140] quantity_skew_extreme (366s)
[cells 138/140] wine (366s)
[cells 139/140] quantity_skew_extreme (366s)
[cells 140/140] wine (366s)
wrote 560 rows to /Users/chunmaojiang/Dropbox/项目申请-开会-出国-z研究生-评审论文和项目/项目申请2026/ffcm-fuzzysetandsystem/experiments/results/t10/eg_cells_P05_L5_s00-09.csv in 366s
