[cells 1/140] mnist784_pca32 (20c) (44s)
[cells 2/140] mnist784_pca32 (20c) (44s)
[cells 3/140] mnist784_pca32 (50c) (67s)
[cells 4/140] mnist784_pca32 (50c) (67s)
[cells 5/140] mnist784_pca32 (50c) (67s)
[cells 6/140] mnist784_pca32 (50c) (67s)
[cells 7/140] mnist784_pca32 (50c) (68s)
[cells 8/140] mnist784_pca32 (50c) (68s)
[cells 9/140] mnist784_pca32 (50c) (68s)
[cells 10/140] mnist784_pca32 (50c) (68s)
[cells 11/140] mnist784_pca32 (50c) (68s)
[cells 12/140] mnist784_pca32 (50c) (69s)
[cells 13/140] mnist784_pca32 (20c) (85s)
[cells 14/140] mnist784_pca32 (20c) (86s)
[cells 15/140] letter (96s)
[cells 16/140] letter (96s)
[cells 17/140] letter (96s)
[cells 18/140] letter (97s)
[cells 19/140] mnist784_pca32 (20c) (109s)
[cells 20/140] mnist784_pca32 (20c) (110s)
[cells 21/140] mnist784_pca32 (20c) (110s)
[cells 22/140] mnist784_pca32 (20c) (110s)
[cells 23/140] mnist784_pca32 (20c) (110s)
[cells 24/140] mnist784_pca32 (20c) (111s)
[cells 25/140] letter (112s)
[cells 26/140] satimage (113s)
[cells 27/140] satimage (113s)
[cells 28/140] satimage (113s)
[cells 29/140] satimage (114s)
[cells 30/140] satimage (114s)
[cells 31/140] letter (115s)
[cells 32/140] satimage (115s)
[cells 33/140] satimage (116s)
[cells 34/140] satimage (116s)
[cells 35/140] satimage (117s)
[cells 36/140] satimage (117s)
[cells 37/140] pendigits (120s)
[cells 38/140] pendigits (120s)
[cells 39/140] pendigits (120s)
[cells 40/140] pendigits (121s)
[cells 41/140] pendigits (121s)
[cells 42/140] pendigits (121s)
[cells 43/140] digits_pca16 (122s)
[cells 44/140] pendigits (122s)
[cells 45/140] pendigits (122s)
[cells 46/140] digits_pca16 (122s)
[cells 47/140] letter (122s)
[cells 48/140] letter (123s)
[cells 49/140] digits_pca16 (123s)
[cells 50/140] letter (123s)
[cells 51/140] digits_pca16 (123s)
[cells 52/140] digits_pca16 (123s)
[cells 53/140] digits_pca16 (123s)
[cells 54/140] digits_pca16 (123s)
[cells 55/140] letter (123s)
[cells 56/140] digits_pca16 (124s)
[cells 57/140] digits_pca16 (124s)
[cells 58/140] digits_pca16 (124s)
[cells 59/140] digits_pca32 (125s)
[cells 60/140] digits_pca32 (125s)
[cells 61/140] pendigits (125s)
[cells 62/140] digits_pca32 (125s)
[cells 63/140] cluster_skew_hard (125s)
[cells 64/140] digits_pca32 (125s)
[cells 65/140] cluster_skew_hard (125s)
[cells 66/140] digits_pca32 (125s)
[cells 67/140] cluster_skew_hard (126s)
[cells 68/140] cluster_skew_hard (126s)
[cells 69/140] digits_pca32 (126s)
[cells 70/140] pendigits (126s)
[cells 71/140] cluster_skew_hard (126s)
[cells 72/140] digits_pca32 (126s)
[cells 73/140] cluster_skew_hard (126s)
[cells 74/140] cluster_skew_hard (126s)
[cells 75/140] cluster_skew_hard (126s)
[cells 76/140] cluster_skew_hard (126s)
[cells 77/140] cluster_skew_hard (126s)
[cells 78/140] digits_pca32 (126s)
[cells 79/140] digits_pca32 (126s)
[cells 80/140] digits_pca32 (126s)
[cells 81/140] cluster_skew_overlap (127s)
[cells 82/140] cluster_skew_overlap (127s)
[cells 83/140] cluster_skew_overlap (127s)
[cells 84/140] cluster_skew_overlap (127s)
[cells 85/140] cluster_skew_overlap (127s)
[cells 86/140] cluster_skew_overlap (127s)
[cells 87/140] cluster_skew_overlap (127s)
[cells 88/140] cluster_skew_overlap (127s)
[cells 89/140] cluster_skew_overlap (127s)
[cells 90/140] cluster_skew_overlap (127s)
[cells 91/140] dirichlet_0.03 (127s)
[cells 92/140] dirichlet_0.03 (127s)
[cells 93/140] dirichlet_0.03 (127s)
[cells 94/140] dirichlet_0.03 (127s)
[cells 95/140] dirichlet_0.03 (127s)
[cells 96/140] dirichlet_0.03 (127s)
[cells 97/140] dirichlet_0.03 (127s)
[cells 98/140] dirichlet_0.03 (127s)
[cells 99/140] dirichlet_0.03 (127s)
[cells 100/140] dirichlet_0.1 (127s)
[cells 101/140] dirichlet_0.03 (127s)
[cells 102/140] dirichlet_0.1 (128s)
[cells 103/140] dirichlet_0.1 (128s)
[cells 104/140] dirichlet_0.1 (128s)
[cells 105/140] dirichlet_0.1 (128s)
[cells 106/140] dirichlet_0.1 (128s)
[cells 107/140] dirichlet_0.1 (128s)
[cells 108/140] dirichlet_0.1 (128s)
[cells 109/140] dirichlet_0.1 (128s)
[cells 110/140] dirichlet_0.1 (128s)
[cells 111/140] overlap_noise (128s)
[cells 112/140] overlap_noise (128s)
[cells 113/140] overlap_noise (128s)
[cells 114/140] overlap_noise (128s)
[cells 115/140] overlap_noise (128s)
[cells 116/140] overlap_noise (128s)
[cells 117/140] overlap_noise (128s)
[cells 118/140] overlap_noise (128s)
[cells 119/140] overlap_noise (129s)
[cells 120/140] overlap_noise (129s)
[cells 121/140] quantity_skew_extreme (129s)
[cells 122/140] quantity_skew_extreme (129s)
[cells 123/140] wine (129s)
[cells 124/140] quantity_skew_extreme (129s)
[cells 125/140] quantity_skew_extreme (129s)
[cells 126/140] wine (129s)
[cells 127/140] quantity_skew_extreme (129s)
[cells 128/140] quantity_skew_extreme (129s)
[cells 129/140] wine (129s)
[cells 130/140] wine (129s)
[cells 131/140] quantity_skew_extreme (129s)
[cells 132/140] quantity_skew_extreme (129s)
[cells 133/140] wine (129s)
[cells 134/140] quantity_skew_extreme (129s)
[cells 135/140] wine (129s)
[cells 136/140] wine (129s)
[cells 137/140] wine (129s)
[cells 138/140] wine (129s)
[cells 139/140] wine (129s)
[cells 140/140] quantity_skew_extreme (129s)
wrote 560 rows to /Users/chunmaojiang/Dropbox/项目申请-开会-出国-z研究生-评审论文和项目/项目申请2026/ffcm-fuzzysetandsystem/experiments/results/t10/eg_cells_P05_L1_s00-09.csv in 130s
