[scffcm 1/140] mnist784_pca32 (20c) (15s)
[scffcm 2/140] mnist784_pca32 (20c) (15s)
[scffcm 3/140] mnist784_pca32 (50c) (22s)
[scffcm 4/140] mnist784_pca32 (50c) (22s)
[scffcm 5/140] mnist784_pca32 (50c) (22s)
[scffcm 6/140] mnist784_pca32 (50c) (23s)
[scffcm 7/140] mnist784_pca32 (50c) (23s)
[scffcm 8/140] mnist784_pca32 (50c) (23s)
[scffcm 9/140] mnist784_pca32 (50c) (23s)
[scffcm 10/140] mnist784_pca32 (50c) (23s)
[scffcm 11/140] mnist784_pca32 (50c) (23s)
[scffcm 12/140] mnist784_pca32 (50c) (24s)
[scffcm 13/140] mnist784_pca32 (20c) (28s)
[scffcm 14/140] mnist784_pca32 (20c) (28s)
[scffcm 15/140] letter (29s)
[scffcm 16/140] letter (30s)
[scffcm 17/140] letter (30s)
[scffcm 18/140] letter (30s)
[scffcm 19/140] letter (34s)
[scffcm 20/140] letter (34s)
[scffcm 21/140] satimage (34s)
[scffcm 22/140] mnist784_pca32 (20c) (35s)
[scffcm 23/140] mnist784_pca32 (20c) (35s)
[scffcm 24/140] mnist784_pca32 (20c) (35s)
[scffcm 25/140] satimage (35s)
[scffcm 26/140] mnist784_pca32 (20c) (35s)
[scffcm 27/140] mnist784_pca32 (20c) (35s)
[scffcm 28/140] letter (35s)
[scffcm 29/140] satimage (35s)
[scffcm 30/140] mnist784_pca32 (20c) (36s)
[scffcm 31/140] satimage (36s)
[scffcm 32/140] letter (36s)
[scffcm 33/140] letter (36s)
[scffcm 34/140] satimage (36s)
[scffcm 35/140] satimage (36s)
[scffcm 36/140] satimage (36s)
[scffcm 37/140] letter (36s)
[scffcm 38/140] satimage (36s)
[scffcm 39/140] satimage (36s)
[scffcm 40/140] satimage (36s)
[scffcm 41/140] digits_pca16 (36s)
[scffcm 42/140] digits_pca16 (36s)
[scffcm 43/140] digits_pca16 (36s)
[scffcm 44/140] digits_pca16 (37s)
[scffcm 45/140] digits_pca16 (37s)
[scffcm 46/140] pendigits (37s)
[scffcm 47/140] digits_pca16 (37s)
[scffcm 48/140] digits_pca16 (37s)
[scffcm 49/140] pendigits (37s)
[scffcm 50/140] digits_pca16 (37s)
[scffcm 51/140] digits_pca16 (37s)
[scffcm 52/140] pendigits (37s)
[scffcm 53/140] pendigits (37s)
[scffcm 54/140] digits_pca16 (37s)
[scffcm 55/140] pendigits (37s)
[scffcm 56/140] pendigits (37s)
[scffcm 57/140] pendigits (37s)
[scffcm 58/140] pendigits (37s)
[scffcm 59/140] digits_pca32 (37s)
[scffcm 60/140] digits_pca32 (37s)
[scffcm 61/140] digits_pca32 (37s)
[scffcm 62/140] pendigits (37s)
[scffcm 63/140] digits_pca32 (37s)
[scffcm 64/140] digits_pca32 (37s)
[scffcm 65/140] digits_pca32 (37s)
[scffcm 66/140] cluster_skew_hard (37s)
[scffcm 67/140] cluster_skew_hard (37s)
[scffcm 68/140] pendigits (37s)
[scffcm 69/140] cluster_skew_hard (37s)
[scffcm 70/140] cluster_skew_hard (37s)
[scffcm 71/140] cluster_skew_hard (37s)
[scffcm 72/140] cluster_skew_hard (37s)
[scffcm 73/140] cluster_skew_hard (37s)
[scffcm 74/140] cluster_skew_hard (37s)
[scffcm 75/140] cluster_skew_hard (37s)
[scffcm 76/140] cluster_skew_hard (37s)
[scffcm 77/140] digits_pca32 (37s)
[scffcm 78/140] cluster_skew_overlap (37s)
[scffcm 79/140] cluster_skew_overlap (37s)
[scffcm 80/140] cluster_skew_overlap (37s)
[scffcm 81/140] digits_pca32 (37s)
[scffcm 82/140] cluster_skew_overlap (37s)
[scffcm 83/140] cluster_skew_overlap (37s)
[scffcm 84/140] cluster_skew_overlap (37s)
[scffcm 85/140] cluster_skew_overlap (38s)
[scffcm 86/140] cluster_skew_overlap (38s)
[scffcm 87/140] cluster_skew_overlap (38s)
[scffcm 88/140] cluster_skew_overlap (38s)
[scffcm 89/140] dirichlet_0.03 (38s)
[scffcm 90/140] dirichlet_0.03 (38s)
[scffcm 91/140] dirichlet_0.03 (38s)
[scffcm 92/140] dirichlet_0.03 (38s)
[scffcm 93/140] dirichlet_0.03 (38s)
[scffcm 94/140] dirichlet_0.03 (38s)
[scffcm 95/140] digits_pca32 (38s)
[scffcm 96/140] dirichlet_0.03 (38s)
[scffcm 97/140] dirichlet_0.03 (38s)
[scffcm 98/140] dirichlet_0.03 (38s)
[scffcm 99/140] dirichlet_0.03 (38s)
[scffcm 100/140] dirichlet_0.1 (38s)
[scffcm 101/140] dirichlet_0.1 (38s)
[scffcm 102/140] dirichlet_0.1 (38s)
[scffcm 103/140] dirichlet_0.1 (38s)
[scffcm 104/140] digits_pca32 (38s)
[scffcm 105/140] dirichlet_0.1 (38s)
[scffcm 106/140] dirichlet_0.1 (38s)
[scffcm 107/140] dirichlet_0.1 (38s)
[scffcm 108/140] dirichlet_0.1 (38s)
[scffcm 109/140] dirichlet_0.1 (38s)
[scffcm 110/140] dirichlet_0.1 (38s)
[scffcm 111/140] overlap_noise (38s)
[scffcm 112/140] overlap_noise (38s)
[scffcm 113/140] overlap_noise (38s)
[scffcm 114/140] overlap_noise (38s)
[scffcm 115/140] overlap_noise (38s)
[scffcm 116/140] overlap_noise (38s)
[scffcm 117/140] overlap_noise (38s)
[scffcm 118/140] overlap_noise (38s)
[scffcm 119/140] overlap_noise (38s)
[scffcm 120/140] overlap_noise (38s)
[scffcm 121/140] quantity_skew_extreme (38s)
[scffcm 122/140] wine (38s)
[scffcm 123/140] wine (38s)
[scffcm 124/140] quantity_skew_extreme (38s)
[scffcm 125/140] quantity_skew_extreme (38s)
[scffcm 126/140] wine (38s)
[scffcm 127/140] quantity_skew_extreme (38s)
[scffcm 128/140] quantity_skew_extreme (38s)
[scffcm 129/140] quantity_skew_extreme (38s)
[scffcm 130/140] wine (38s)
[scffcm 131/140] quantity_skew_extreme (38s)
[scffcm 132/140] wine (38s)
[scffcm 133/140] wine (38s)
[scffcm 134/140] wine (38s)
[scffcm 135/140] quantity_skew_extreme (38s)
[scffcm 136/140] wine (38s)
[scffcm 137/140] wine (38s)
[scffcm 138/140] wine (38s)
[scffcm 139/140] quantity_skew_extreme (38s)
[scffcm 140/140] quantity_skew_extreme (38s)
wrote 140 rows to /Users/chunmaojiang/Dropbox/项目申请-开会-出国-z研究生-评审论文和项目/项目申请2026/ffcm-fuzzysetandsystem/experiments/results/t10/eg_scffcm_cf05_L5_s00-09.csv in 38s
