[scffcm 1/140] mnist784_pca32 (20c) (11s)
[scffcm 2/140] mnist784_pca32 (20c) (11s)
[scffcm 3/140] mnist784_pca32 (50c) (14s)
[scffcm 4/140] mnist784_pca32 (50c) (14s)
[scffcm 5/140] mnist784_pca32 (50c) (14s)
[scffcm 6/140] mnist784_pca32 (50c) (14s)
[scffcm 7/140] mnist784_pca32 (50c) (15s)
[scffcm 8/140] mnist784_pca32 (50c) (15s)
[scffcm 9/140] mnist784_pca32 (50c) (15s)
[scffcm 10/140] mnist784_pca32 (50c) (15s)
[scffcm 11/140] mnist784_pca32 (50c) (16s)
[scffcm 12/140] mnist784_pca32 (50c) (16s)
[scffcm 13/140] letter (18s)
[scffcm 14/140] letter (18s)
[scffcm 15/140] letter (18s)
[scffcm 16/140] mnist784_pca32 (20c) (19s)
[scffcm 17/140] mnist784_pca32 (20c) (19s)
[scffcm 18/140] letter (19s)
[scffcm 19/140] letter (20s)
[scffcm 20/140] letter (21s)
[scffcm 21/140] mnist784_pca32 (20c) (21s)
[scffcm 22/140] satimage (21s)
[scffcm 23/140] letter (21s)
[scffcm 24/140] mnist784_pca32 (20c) (21s)
[scffcm 25/140] satimage (21s)
[scffcm 26/140] letter (21s)
[scffcm 27/140] mnist784_pca32 (20c) (21s)
[scffcm 28/140] satimage (21s)
[scffcm 29/140] mnist784_pca32 (20c) (21s)
[scffcm 30/140] satimage (21s)
[scffcm 31/140] letter (21s)
[scffcm 32/140] satimage (21s)
[scffcm 33/140] satimage (21s)
[scffcm 34/140] satimage (22s)
[scffcm 35/140] satimage (22s)
[scffcm 36/140] satimage (22s)
[scffcm 37/140] satimage (22s)
[scffcm 38/140] mnist784_pca32 (20c) (22s)
[scffcm 39/140] letter (22s)
[scffcm 40/140] pendigits (22s)
[scffcm 41/140] digits_pca16 (22s)
[scffcm 42/140] pendigits (22s)
[scffcm 43/140] pendigits (22s)
[scffcm 44/140] pendigits (22s)
[scffcm 45/140] pendigits (22s)
[scffcm 46/140] digits_pca16 (22s)
[scffcm 47/140] digits_pca16 (22s)
[scffcm 48/140] pendigits (22s)
[scffcm 49/140] digits_pca16 (22s)
[scffcm 50/140] digits_pca16 (22s)
[scffcm 51/140] digits_pca16 (22s)
[scffcm 52/140] digits_pca16 (22s)
[scffcm 53/140] digits_pca16 (22s)
[scffcm 54/140] pendigits (22s)
[scffcm 55/140] digits_pca16 (22s)
[scffcm 56/140] pendigits (22s)
[scffcm 57/140] digits_pca16 (22s)
[scffcm 58/140] pendigits (22s)
[scffcm 59/140] digits_pca32 (22s)
[scffcm 60/140] cluster_skew_hard (22s)
[scffcm 61/140] digits_pca32 (22s)
[scffcm 62/140] cluster_skew_hard (22s)
[scffcm 63/140] cluster_skew_hard (22s)
[scffcm 64/140] digits_pca32 (22s)
[scffcm 65/140] cluster_skew_hard (22s)
[scffcm 66/140] cluster_skew_hard (22s)
[scffcm 67/140] digits_pca32 (22s)
[scffcm 68/140] digits_pca32 (22s)
[scffcm 69/140] cluster_skew_hard (22s)
[scffcm 70/140] cluster_skew_hard (22s)
[scffcm 71/140] cluster_skew_hard (22s)
[scffcm 72/140] cluster_skew_hard (22s)
[scffcm 73/140] cluster_skew_hard (22s)
[scffcm 74/140] cluster_skew_overlap (22s)
[scffcm 75/140] digits_pca32 (22s)
[scffcm 76/140] cluster_skew_overlap (22s)
[scffcm 77/140] cluster_skew_overlap (22s)
[scffcm 78/140] cluster_skew_overlap (22s)
[scffcm 79/140] digits_pca32 (22s)
[scffcm 80/140] cluster_skew_overlap (22s)
[scffcm 81/140] cluster_skew_overlap (22s)
[scffcm 82/140] pendigits (22s)
[scffcm 83/140] cluster_skew_overlap (22s)
[scffcm 84/140] cluster_skew_overlap (22s)
[scffcm 85/140] dirichlet_0.03 (22s)
[scffcm 86/140] dirichlet_0.03 (22s)
[scffcm 87/140] dirichlet_0.03 (22s)
[scffcm 88/140] cluster_skew_overlap (22s)
[scffcm 89/140] cluster_skew_overlap (22s)
[scffcm 90/140] digits_pca32 (22s)
[scffcm 91/140] dirichlet_0.03 (22s)
[scffcm 92/140] dirichlet_0.03 (22s)
[scffcm 93/140] dirichlet_0.03 (22s)
[scffcm 94/140] dirichlet_0.03 (22s)
[scffcm 95/140] dirichlet_0.1 (22s)
[scffcm 96/140] digits_pca32 (22s)
[scffcm 97/140] dirichlet_0.03 (22s)
[scffcm 98/140] dirichlet_0.03 (22s)
[scffcm 99/140] dirichlet_0.03 (22s)
[scffcm 100/140] dirichlet_0.1 (22s)
[scffcm 101/140] digits_pca32 (22s)
[scffcm 102/140] dirichlet_0.1 (22s)
[scffcm 103/140] dirichlet_0.1 (22s)
[scffcm 104/140] dirichlet_0.1 (22s)
[scffcm 105/140] overlap_noise (22s)
[scffcm 106/140] dirichlet_0.1 (22s)
[scffcm 107/140] dirichlet_0.1 (22s)
[scffcm 108/140] dirichlet_0.1 (22s)
[scffcm 109/140] overlap_noise (22s)
[scffcm 110/140] dirichlet_0.1 (22s)
[scffcm 111/140] overlap_noise (22s)
[scffcm 112/140] overlap_noise (22s)
[scffcm 113/140] overlap_noise (22s)
[scffcm 114/140] overlap_noise (22s)
[scffcm 115/140] dirichlet_0.1 (22s)
[scffcm 116/140] overlap_noise (22s)
[scffcm 117/140] quantity_skew_extreme (22s)
[scffcm 118/140] quantity_skew_extreme (22s)
[scffcm 119/140] overlap_noise (22s)
[scffcm 120/140] overlap_noise (22s)
[scffcm 121/140] overlap_noise (22s)
[scffcm 122/140] quantity_skew_extreme (22s)
[scffcm 123/140] quantity_skew_extreme (22s)
[scffcm 124/140] quantity_skew_extreme (22s)
[scffcm 125/140] wine (22s)
[scffcm 126/140] wine (22s)
[scffcm 127/140] quantity_skew_extreme (22s)
[scffcm 128/140] wine (22s)
[scffcm 129/140] wine (22s)
[scffcm 130/140] quantity_skew_extreme (22s)
[scffcm 131/140] wine (22s)
[scffcm 132/140] quantity_skew_extreme (22s)
[scffcm 133/140] quantity_skew_extreme (22s)
[scffcm 134/140] wine (22s)
[scffcm 135/140] wine (22s)
[scffcm 136/140] wine (22s)
[scffcm 137/140] quantity_skew_extreme (22s)
[scffcm 138/140] mnist784_pca32 (20c) (22s)
[scffcm 139/140] wine (22s)
[scffcm 140/140] wine (22s)
wrote 140 rows to /Users/chunmaojiang/Dropbox/项目申请-开会-出国-z研究生-评审论文和项目/项目申请2026/ffcm-fuzzysetandsystem/experiments/results/t10/FRESH_scffcm_cal_L1_s20-29.csv in 23s
