[scffcm 1/120] satimage (18s)
[scffcm 2/120] satimage (20s)
[scffcm 3/120] satimage (29s)
[scffcm 4/120] satimage (32s)
[scffcm 5/120] satimage (40s)
[scffcm 6/120] satimage (42s)
[scffcm 7/120] satimage (51s)
[scffcm 8/120] satimage (53s)
[scffcm 9/120] satimage (61s)
[scffcm 10/120] satimage (63s)
[scffcm 11/120] pendigits (82s)
[scffcm 12/120] pendigits (84s)
[scffcm 13/120] pendigits (105s)
[scffcm 14/120] pendigits (106s)
[scffcm 15/120] letter (109s)
[scffcm 16/120] letter (109s)
[scffcm 17/120] letter (110s)
[scffcm 18/120] letter (110s)
[scffcm 19/120] letter (110s)
[scffcm 20/120] letter (110s)
[scffcm 21/120] letter (110s)
[scffcm 22/120] letter (110s)
[scffcm 23/120] letter (111s)
[scffcm 24/120] letter (111s)
[scffcm 25/120] digits_pca16 (113s)
[scffcm 26/120] digits_pca16 (113s)
[scffcm 27/120] digits_pca16 (114s)
[scffcm 28/120] digits_pca16 (114s)
[scffcm 29/120] digits_pca16 (114s)
[scffcm 30/120] digits_pca16 (114s)
[scffcm 31/120] digits_pca16 (118s)
[scffcm 32/120] digits_pca16 (118s)
[scffcm 33/120] digits_pca16 (118s)
[scffcm 34/120] digits_pca16 (119s)
[scffcm 35/120] digits_pca32 (120s)
[scffcm 36/120] digits_pca32 (120s)
[scffcm 37/120] digits_pca32 (124s)
[scffcm 38/120] digits_pca32 (124s)
[scffcm 39/120] digits_pca32 (124s)
[scffcm 40/120] digits_pca32 (125s)
[scffcm 41/120] pendigits (125s)
[scffcm 42/120] pendigits (125s)
[scffcm 43/120] cluster_skew_hard (125s)
[scffcm 44/120] pendigits (126s)
[scffcm 45/120] digits_pca32 (126s)
[scffcm 46/120] digits_pca32 (126s)
[scffcm 47/120] cluster_skew_hard (126s)
[scffcm 48/120] cluster_skew_hard (126s)
[scffcm 49/120] cluster_skew_hard (126s)
[scffcm 50/120] cluster_skew_hard (126s)
[scffcm 51/120] cluster_skew_hard (127s)
[scffcm 52/120] cluster_skew_hard (127s)
[scffcm 53/120] cluster_skew_overlap (127s)
[scffcm 54/120] cluster_skew_overlap (127s)
[scffcm 55/120] cluster_skew_hard (127s)
[scffcm 56/120] cluster_skew_hard (127s)
[scffcm 57/120] cluster_skew_hard (127s)
[scffcm 58/120] cluster_skew_overlap (128s)
[scffcm 59/120] cluster_skew_overlap (128s)
[scffcm 60/120] cluster_skew_overlap (128s)
[scffcm 61/120] cluster_skew_overlap (128s)
[scffcm 62/120] cluster_skew_overlap (128s)
[scffcm 63/120] cluster_skew_overlap (128s)
[scffcm 64/120] cluster_skew_overlap (128s)
[scffcm 65/120] cluster_skew_overlap (128s)
[scffcm 66/120] pendigits (128s)
[scffcm 67/120] pendigits (129s)
[scffcm 68/120] dirichlet_0.03 (129s)
[scffcm 69/120] dirichlet_0.03 (129s)
[scffcm 70/120] dirichlet_0.03 (129s)
[scffcm 71/120] digits_pca32 (129s)
[scffcm 72/120] dirichlet_0.03 (129s)
[scffcm 73/120] digits_pca32 (129s)
[scffcm 74/120] dirichlet_0.03 (129s)
[scffcm 75/120] pendigits (129s)
[scffcm 76/120] dirichlet_0.03 (129s)
[scffcm 77/120] dirichlet_0.03 (129s)
[scffcm 78/120] dirichlet_0.03 (130s)
[scffcm 79/120] dirichlet_0.1 (130s)
[scffcm 80/120] dirichlet_0.1 (130s)
[scffcm 81/120] dirichlet_0.03 (130s)
[scffcm 82/120] dirichlet_0.1 (130s)
[scffcm 83/120] dirichlet_0.03 (130s)
[scffcm 84/120] dirichlet_0.1 (130s)
[scffcm 85/120] dirichlet_0.1 (130s)
[scffcm 86/120] dirichlet_0.1 (130s)
[scffcm 87/120] dirichlet_0.1 (130s)
[scffcm 88/120] overlap_noise (130s)
[scffcm 89/120] dirichlet_0.1 (130s)
[scffcm 90/120] overlap_noise (131s)
[scffcm 91/120] overlap_noise (131s)
[scffcm 92/120] overlap_noise (131s)
[scffcm 93/120] overlap_noise (131s)
[scffcm 94/120] dirichlet_0.1 (131s)
[scffcm 95/120] overlap_noise (131s)
[scffcm 96/120] overlap_noise (131s)
[scffcm 97/120] dirichlet_0.1 (131s)
[scffcm 98/120] overlap_noise (131s)
[scffcm 99/120] overlap_noise (131s)
[scffcm 100/120] overlap_noise (131s)
[scffcm 101/120] quantity_skew_extreme (132s)
[scffcm 102/120] quantity_skew_extreme (132s)
[scffcm 103/120] quantity_skew_extreme (132s)
[scffcm 104/120] wine (132s)
[scffcm 105/120] wine (132s)
[scffcm 106/120] quantity_skew_extreme (132s)
[scffcm 107/120] quantity_skew_extreme (132s)
[scffcm 108/120] quantity_skew_extreme (132s)
[scffcm 109/120] quantity_skew_extreme (132s)
[scffcm 110/120] quantity_skew_extreme (132s)
[scffcm 111/120] quantity_skew_extreme (132s)
[scffcm 112/120] quantity_skew_extreme (132s)
[scffcm 113/120] wine (132s)
[scffcm 114/120] wine (132s)
[scffcm 115/120] wine (132s)
[scffcm 116/120] wine (132s)
[scffcm 117/120] wine (132s)
[scffcm 118/120] wine (132s)
[scffcm 119/120] wine (132s)
[scffcm 120/120] wine (132s)
wrote 120 rows to /Users/chunmaojiang/Dropbox/项目申请-开会-出国-z研究生-评审论文和项目/项目申请2026/ffcm-fuzzysetandsystem/experiments/results/t10/FRESH_scffcm_cal_L50_s20-29.csv in 133s
