[scffcm 1/140] mnist784_pca32 (20c) (25s)
[scffcm 2/140] mnist784_pca32 (20c) (25s)
[scffcm 3/140] mnist784_pca32 (50c) (38s)
[scffcm 4/140] mnist784_pca32 (50c) (39s)
[scffcm 5/140] mnist784_pca32 (50c) (40s)
[scffcm 6/140] mnist784_pca32 (50c) (40s)
[scffcm 7/140] mnist784_pca32 (50c) (41s)
[scffcm 8/140] mnist784_pca32 (50c) (41s)
[scffcm 9/140] mnist784_pca32 (50c) (42s)
[scffcm 10/140] mnist784_pca32 (50c) (45s)
[scffcm 11/140] mnist784_pca32 (20c) (45s)
[scffcm 12/140] mnist784_pca32 (20c) (46s)
[scffcm 13/140] mnist784_pca32 (50c) (47s)
[scffcm 14/140] mnist784_pca32 (50c) (49s)
[scffcm 15/140] letter (54s)
[scffcm 16/140] letter (57s)
[scffcm 17/140] letter (57s)
[scffcm 18/140] mnist784_pca32 (20c) (58s)
[scffcm 19/140] letter (59s)
[scffcm 20/140] mnist784_pca32 (20c) (60s)
[scffcm 21/140] mnist784_pca32 (20c) (60s)
[scffcm 22/140] letter (60s)
[scffcm 23/140] mnist784_pca32 (20c) (60s)
[scffcm 24/140] mnist784_pca32 (20c) (61s)
[scffcm 25/140] mnist784_pca32 (20c) (61s)
[scffcm 26/140] satimage (61s)
[scffcm 27/140] satimage (62s)
[scffcm 28/140] satimage (62s)
[scffcm 29/140] satimage (62s)
[scffcm 30/140] satimage (62s)
[scffcm 31/140] satimage (63s)
[scffcm 32/140] letter (63s)
[scffcm 33/140] satimage (63s)
[scffcm 34/140] satimage (63s)
[scffcm 35/140] satimage (64s)
[scffcm 36/140] satimage (64s)
[scffcm 37/140] pendigits (65s)
[scffcm 38/140] pendigits (65s)
[scffcm 39/140] pendigits (65s)
[scffcm 40/140] digits_pca16 (65s)
[scffcm 41/140] pendigits (65s)
[scffcm 42/140] digits_pca16 (66s)
[scffcm 43/140] letter (66s)
[scffcm 44/140] pendigits (66s)
[scffcm 45/140] digits_pca16 (66s)
[scffcm 46/140] pendigits (66s)
[scffcm 47/140] pendigits (66s)
[scffcm 48/140] digits_pca16 (66s)
[scffcm 49/140] digits_pca16 (66s)
[scffcm 50/140] digits_pca16 (66s)
[scffcm 51/140] pendigits (66s)
[scffcm 52/140] digits_pca16 (66s)
[scffcm 53/140] digits_pca16 (67s)
[scffcm 54/140] digits_pca16 (67s)
[scffcm 55/140] digits_pca32 (67s)
[scffcm 56/140] digits_pca32 (67s)
[scffcm 57/140] digits_pca16 (67s)
[scffcm 58/140] digits_pca32 (67s)
[scffcm 59/140] digits_pca32 (67s)
[scffcm 60/140] cluster_skew_hard (67s)
[scffcm 61/140] cluster_skew_hard (67s)
[scffcm 62/140] cluster_skew_hard (67s)
[scffcm 63/140] cluster_skew_hard (67s)
[scffcm 64/140] pendigits (67s)
[scffcm 65/140] cluster_skew_hard (67s)
[scffcm 66/140] cluster_skew_hard (67s)
[scffcm 67/140] cluster_skew_hard (67s)
[scffcm 68/140] cluster_skew_hard (67s)
[scffcm 69/140] cluster_skew_hard (67s)
[scffcm 70/140] cluster_skew_hard (67s)
[scffcm 71/140] cluster_skew_overlap (67s)
[scffcm 72/140] cluster_skew_overlap (67s)
[scffcm 73/140] cluster_skew_overlap (67s)
[scffcm 74/140] cluster_skew_overlap (67s)
[scffcm 75/140] digits_pca32 (67s)
[scffcm 76/140] cluster_skew_overlap (67s)
[scffcm 77/140] cluster_skew_overlap (67s)
[scffcm 78/140] cluster_skew_overlap (67s)
[scffcm 79/140] cluster_skew_overlap (67s)
[scffcm 80/140] cluster_skew_overlap (67s)
[scffcm 81/140] cluster_skew_overlap (67s)
[scffcm 82/140] dirichlet_0.03 (67s)
[scffcm 83/140] dirichlet_0.03 (67s)
[scffcm 84/140] dirichlet_0.03 (67s)
[scffcm 85/140] dirichlet_0.03 (67s)
[scffcm 86/140] dirichlet_0.03 (67s)
[scffcm 87/140] dirichlet_0.03 (67s)
[scffcm 88/140] dirichlet_0.03 (67s)
[scffcm 89/140] dirichlet_0.03 (67s)
[scffcm 90/140] dirichlet_0.03 (67s)
[scffcm 91/140] digits_pca32 (67s)
[scffcm 92/140] pendigits (67s)
[scffcm 93/140] digits_pca32 (68s)
[scffcm 94/140] dirichlet_0.03 (68s)
[scffcm 95/140] dirichlet_0.1 (68s)
[scffcm 96/140] dirichlet_0.1 (68s)
[scffcm 97/140] dirichlet_0.1 (68s)
[scffcm 98/140] digits_pca32 (68s)
[scffcm 99/140] dirichlet_0.1 (68s)
[scffcm 100/140] overlap_noise (68s)
[scffcm 101/140] overlap_noise (68s)
[scffcm 102/140] dirichlet_0.1 (68s)
[scffcm 103/140] digits_pca32 (68s)
[scffcm 104/140] overlap_noise (68s)
[scffcm 105/140] overlap_noise (68s)
[scffcm 106/140] overlap_noise (68s)
[scffcm 107/140] overlap_noise (68s)
[scffcm 108/140] digits_pca32 (68s)
[scffcm 109/140] overlap_noise (68s)
[scffcm 110/140] dirichlet_0.1 (68s)
[scffcm 111/140] overlap_noise (68s)
[scffcm 112/140] overlap_noise (68s)
[scffcm 113/140] overlap_noise (68s)
[scffcm 114/140] dirichlet_0.1 (68s)
[scffcm 115/140] quantity_skew_extreme (68s)
[scffcm 116/140] quantity_skew_extreme (68s)
[scffcm 117/140] quantity_skew_extreme (68s)
[scffcm 118/140] quantity_skew_extreme (68s)
[scffcm 119/140] quantity_skew_extreme (68s)
[scffcm 120/140] quantity_skew_extreme (68s)
[scffcm 121/140] quantity_skew_extreme (68s)
[scffcm 122/140] quantity_skew_extreme (68s)
[scffcm 123/140] dirichlet_0.1 (68s)
[scffcm 124/140] quantity_skew_extreme (68s)
[scffcm 125/140] quantity_skew_extreme (68s)
[scffcm 126/140] dirichlet_0.1 (68s)
[scffcm 127/140] dirichlet_0.1 (68s)
[scffcm 128/140] wine (68s)
[scffcm 129/140] wine (68s)
[scffcm 130/140] wine (68s)
[scffcm 131/140] wine (68s)
[scffcm 132/140] wine (68s)
[scffcm 133/140] wine (68s)
[scffcm 134/140] wine (68s)
[scffcm 135/140] wine (68s)
[scffcm 136/140] wine (68s)
[scffcm 137/140] wine (68s)
[scffcm 138/140] letter (68s)
[scffcm 139/140] letter (68s)
[scffcm 140/140] letter (69s)
wrote 140 rows to /Users/chunmaojiang/Dropbox/项目申请-开会-出国-z研究生-评审论文和项目/项目申请2026/ffcm-fuzzysetandsystem/experiments/results/t10/FRESH_ed_scffcm_L1_R250_s20-29.csv in 69s
