[cells 1/140] mnist784_pca32 (20c) (368s)
[cells 2/140] mnist784_pca32 (20c) (371s)
[cells 3/140] mnist784_pca32 (50c) (616s)
[cells 4/140] mnist784_pca32 (50c) (617s)
[cells 5/140] mnist784_pca32 (50c) (619s)
[cells 6/140] mnist784_pca32 (50c) (619s)
[cells 7/140] mnist784_pca32 (50c) (621s)
[cells 8/140] mnist784_pca32 (50c) (622s)
[cells 9/140] mnist784_pca32 (50c) (624s)
[cells 10/140] mnist784_pca32 (50c) (629s)
[cells 11/140] mnist784_pca32 (50c) (638s)
[cells 12/140] mnist784_pca32 (50c) (638s)
[cells 13/140] mnist784_pca32 (20c) (734s)
[cells 14/140] mnist784_pca32 (20c) (735s)
[cells 15/140] letter (882s)
[cells 16/140] letter (884s)
[cells 17/140] letter (896s)
[cells 18/140] letter (897s)
[cells 19/140] mnist784_pca32 (20c) (959s)
[cells 20/140] mnist784_pca32 (20c) (961s)
[cells 21/140] mnist784_pca32 (20c) (962s)
[cells 22/140] mnist784_pca32 (20c) (963s)
[cells 23/140] mnist784_pca32 (20c) (964s)
[cells 24/140] mnist784_pca32 (20c) (970s)
[cells 25/140] letter (982s)
[cells 26/140] letter (987s)
[cells 27/140] satimage (994s)
[cells 28/140] satimage (995s)
[cells 29/140] satimage (997s)
[cells 30/140] satimage (999s)
[cells 31/140] satimage (1001s)
[cells 32/140] satimage (1008s)
[cells 33/140] satimage (1019s)
[cells 34/140] satimage (1024s)
[cells 35/140] satimage (1026s)
[cells 36/140] satimage (1028s)
[cells 37/140] pendigits (1046s)
[cells 38/140] pendigits (1052s)
[cells 39/140] pendigits (1056s)
[cells 40/140] pendigits (1062s)
[cells 41/140] pendigits (1070s)
[cells 42/140] digits_pca16 (1072s)
[cells 43/140] pendigits (1075s)
[cells 44/140] digits_pca16 (1075s)
[cells 45/140] pendigits (1078s)
[cells 46/140] pendigits (1078s)
[cells 47/140] digits_pca16 (1084s)
[cells 48/140] digits_pca16 (1087s)
[cells 49/140] digits_pca16 (1090s)
[cells 50/140] digits_pca16 (1090s)
[cells 51/140] digits_pca16 (1091s)
[cells 52/140] digits_pca16 (1093s)
[cells 53/140] pendigits (1093s)
[cells 54/140] digits_pca16 (1098s)
[cells 55/140] pendigits (1101s)
[cells 56/140] digits_pca16 (1102s)
[cells 57/140] letter (1107s)
[cells 58/140] digits_pca32 (1109s)
[cells 59/140] digits_pca32 (1110s)
[cells 60/140] letter (1111s)
[cells 61/140] digits_pca32 (1112s)
[cells 62/140] digits_pca32 (1113s)
[cells 63/140] cluster_skew_hard (1116s)
[cells 64/140] cluster_skew_hard (1117s)
[cells 65/140] cluster_skew_hard (1119s)
[cells 66/140] cluster_skew_hard (1119s)
[cells 67/140] digits_pca32 (1120s)
[cells 68/140] digits_pca32 (1121s)
[cells 69/140] digits_pca32 (1121s)
[cells 70/140] cluster_skew_hard (1122s)
[cells 71/140] letter (1123s)
[cells 72/140] letter (1123s)
[cells 73/140] cluster_skew_hard (1123s)
[cells 74/140] cluster_skew_hard (1124s)
[cells 75/140] cluster_skew_hard (1125s)
[cells 76/140] digits_pca32 (1126s)
[cells 77/140] cluster_skew_hard (1126s)
[cells 78/140] cluster_skew_hard (1127s)
[cells 79/140] cluster_skew_overlap (1128s)
[cells 80/140] cluster_skew_overlap (1128s)
[cells 81/140] cluster_skew_overlap (1129s)
[cells 82/140] digits_pca32 (1129s)
[cells 83/140] cluster_skew_overlap (1129s)
[cells 84/140] cluster_skew_overlap (1129s)
[cells 85/140] cluster_skew_overlap (1130s)
[cells 86/140] digits_pca32 (1131s)
[cells 87/140] cluster_skew_overlap (1131s)
[cells 88/140] cluster_skew_overlap (1132s)
[cells 89/140] cluster_skew_overlap (1132s)
[cells 90/140] cluster_skew_overlap (1133s)
[cells 91/140] dirichlet_0.03 (1133s)
[cells 92/140] dirichlet_0.03 (1134s)
[cells 93/140] dirichlet_0.03 (1135s)
[cells 94/140] dirichlet_0.03 (1135s)
[cells 95/140] dirichlet_0.03 (1135s)
[cells 96/140] dirichlet_0.03 (1135s)
[cells 97/140] dirichlet_0.03 (1136s)
[cells 98/140] dirichlet_0.03 (1136s)
[cells 99/140] dirichlet_0.03 (1137s)
[cells 100/140] dirichlet_0.1 (1137s)
[cells 101/140] dirichlet_0.03 (1138s)
[cells 102/140] dirichlet_0.1 (1139s)
[cells 103/140] dirichlet_0.1 (1139s)
[cells 104/140] dirichlet_0.1 (1139s)
[cells 105/140] dirichlet_0.1 (1140s)
[cells 106/140] dirichlet_0.1 (1140s)
[cells 107/140] dirichlet_0.1 (1141s)
[cells 108/140] dirichlet_0.1 (1141s)
[cells 109/140] dirichlet_0.1 (1141s)
[cells 110/140] dirichlet_0.1 (1141s)
[cells 111/140] overlap_noise (1143s)
[cells 112/140] overlap_noise (1143s)
[cells 113/140] overlap_noise (1144s)
[cells 114/140] overlap_noise (1145s)
[cells 115/140] overlap_noise (1145s)
[cells 116/140] overlap_noise (1146s)
[cells 117/140] overlap_noise (1146s)
[cells 118/140] overlap_noise (1146s)
[cells 119/140] overlap_noise (1146s)
[cells 120/140] overlap_noise (1147s)
[cells 121/140] quantity_skew_extreme (1147s)
[cells 122/140] quantity_skew_extreme (1148s)
[cells 123/140] wine (1149s)
[cells 124/140] quantity_skew_extreme (1149s)
[cells 125/140] quantity_skew_extreme (1149s)
[cells 126/140] wine (1149s)
[cells 127/140] wine (1150s)
[cells 128/140] quantity_skew_extreme (1151s)
[cells 129/140] wine (1151s)
[cells 130/140] quantity_skew_extreme (1151s)
[cells 131/140] wine (1151s)
[cells 132/140] quantity_skew_extreme (1151s)
[cells 133/140] wine (1152s)
[cells 134/140] wine (1152s)
[cells 135/140] wine (1152s)
[cells 136/140] quantity_skew_extreme (1152s)
[cells 137/140] wine (1152s)
[cells 138/140] quantity_skew_extreme (1152s)
[cells 139/140] quantity_skew_extreme (1153s)
[cells 140/140] wine (1153s)
wrote 2240 rows to /Users/chunmaojiang/Dropbox/项目申请-开会-出国-z研究生-评审论文和项目/项目申请2026/ffcm-fuzzysetandsystem/experiments/results/t10/FRESH_cells16_L1_s20-29.csv in 1153s
