[cells 1/140] mnist784_pca32 (20c) (36s)
[cells 2/140] mnist784_pca32 (20c) (36s)
[cells 3/140] mnist784_pca32 (50c) (54s)
[cells 4/140] mnist784_pca32 (50c) (55s)
[cells 5/140] mnist784_pca32 (50c) (55s)
[cells 6/140] mnist784_pca32 (50c) (56s)
[cells 7/140] mnist784_pca32 (50c) (58s)
[cells 8/140] mnist784_pca32 (50c) (58s)
[cells 9/140] mnist784_pca32 (50c) (60s)
[cells 10/140] mnist784_pca32 (50c) (60s)
[cells 11/140] mnist784_pca32 (50c) (66s)
[cells 12/140] mnist784_pca32 (50c) (66s)
[cells 13/140] mnist784_pca32 (20c) (68s)
[cells 14/140] mnist784_pca32 (20c) (68s)
[cells 15/140] letter (82s)
[cells 16/140] letter (82s)
[cells 17/140] mnist784_pca32 (20c) (85s)
[cells 18/140] mnist784_pca32 (20c) (85s)
[cells 19/140] mnist784_pca32 (20c) (86s)
[cells 20/140] mnist784_pca32 (20c) (86s)
[cells 21/140] letter (87s)
[cells 22/140] mnist784_pca32 (20c) (88s)
[cells 23/140] mnist784_pca32 (20c) (89s)
[cells 24/140] letter (89s)
[cells 25/140] satimage (89s)
[cells 26/140] satimage (89s)
[cells 27/140] letter (89s)
[cells 28/140] satimage (90s)
[cells 29/140] satimage (91s)
[cells 30/140] satimage (91s)
[cells 31/140] satimage (92s)
[cells 32/140] satimage (92s)
[cells 33/140] satimage (92s)
[cells 34/140] satimage (92s)
[cells 35/140] satimage (92s)
[cells 36/140] letter (95s)
[cells 37/140] pendigits (95s)
[cells 38/140] pendigits (96s)
[cells 39/140] pendigits (96s)
[cells 40/140] pendigits (96s)
[cells 41/140] pendigits (97s)
[cells 42/140] pendigits (97s)
[cells 43/140] pendigits (97s)
[cells 44/140] digits_pca16 (97s)
[cells 45/140] digits_pca16 (98s)
[cells 46/140] digits_pca16 (98s)
[cells 47/140] digits_pca16 (98s)
[cells 48/140] digits_pca16 (99s)
[cells 49/140] digits_pca16 (99s)
[cells 50/140] pendigits (99s)
[cells 51/140] pendigits (100s)
[cells 52/140] digits_pca16 (100s)
[cells 53/140] digits_pca16 (100s)
[cells 54/140] digits_pca16 (100s)
[cells 55/140] pendigits (100s)
[cells 56/140] digits_pca16 (100s)
[cells 57/140] digits_pca32 (101s)
[cells 58/140] digits_pca32 (101s)
[cells 59/140] digits_pca32 (101s)
[cells 60/140] digits_pca32 (102s)
[cells 61/140] letter (102s)
[cells 62/140] digits_pca32 (102s)
[cells 63/140] letter (102s)
[cells 64/140] cluster_skew_hard (102s)
[cells 65/140] digits_pca32 (102s)
[cells 66/140] digits_pca32 (102s)
[cells 67/140] cluster_skew_hard (102s)
[cells 68/140] cluster_skew_hard (102s)
[cells 69/140] digits_pca32 (102s)
[cells 70/140] cluster_skew_hard (102s)
[cells 71/140] cluster_skew_hard (103s)
[cells 72/140] cluster_skew_hard (103s)
[cells 73/140] cluster_skew_hard (103s)
[cells 74/140] cluster_skew_hard (103s)
[cells 75/140] cluster_skew_hard (103s)
[cells 76/140] cluster_skew_hard (103s)
[cells 77/140] cluster_skew_overlap (103s)
[cells 78/140] cluster_skew_overlap (103s)
[cells 79/140] digits_pca32 (103s)
[cells 80/140] cluster_skew_overlap (103s)
[cells 81/140] digits_pca32 (103s)
[cells 82/140] cluster_skew_overlap (104s)
[cells 83/140] cluster_skew_overlap (104s)
[cells 84/140] cluster_skew_overlap (104s)
[cells 85/140] cluster_skew_overlap (104s)
[cells 86/140] cluster_skew_overlap (104s)
[cells 87/140] cluster_skew_overlap (104s)
[cells 88/140] dirichlet_0.03 (104s)
[cells 89/140] dirichlet_0.03 (104s)
[cells 90/140] dirichlet_0.03 (104s)
[cells 91/140] cluster_skew_overlap (104s)
[cells 92/140] letter (104s)
[cells 93/140] letter (104s)
[cells 94/140] dirichlet_0.03 (104s)
[cells 95/140] dirichlet_0.03 (105s)
[cells 96/140] dirichlet_0.03 (105s)
[cells 97/140] dirichlet_0.03 (105s)
[cells 98/140] dirichlet_0.03 (105s)
[cells 99/140] dirichlet_0.03 (105s)
[cells 100/140] dirichlet_0.03 (105s)
[cells 101/140] dirichlet_0.1 (105s)
[cells 102/140] dirichlet_0.1 (105s)
[cells 103/140] dirichlet_0.1 (105s)
[cells 104/140] dirichlet_0.1 (105s)
[cells 105/140] dirichlet_0.1 (105s)
[cells 106/140] dirichlet_0.1 (105s)
[cells 107/140] dirichlet_0.1 (105s)
[cells 108/140] dirichlet_0.1 (106s)
[cells 109/140] dirichlet_0.1 (106s)
[cells 110/140] dirichlet_0.1 (106s)
[cells 111/140] overlap_noise (106s)
[cells 112/140] overlap_noise (106s)
[cells 113/140] overlap_noise (106s)
[cells 114/140] overlap_noise (106s)
[cells 115/140] overlap_noise (106s)
[cells 116/140] overlap_noise (106s)
[cells 117/140] overlap_noise (106s)
[cells 118/140] overlap_noise (106s)
[cells 119/140] overlap_noise (106s)
[cells 120/140] overlap_noise (106s)
[cells 121/140] quantity_skew_extreme (107s)
[cells 122/140] quantity_skew_extreme (107s)
[cells 123/140] quantity_skew_extreme (107s)
[cells 124/140] quantity_skew_extreme (107s)
[cells 125/140] quantity_skew_extreme (107s)
[cells 126/140] quantity_skew_extreme (107s)
[cells 127/140] quantity_skew_extreme (107s)
[cells 128/140] quantity_skew_extreme (107s)
[cells 129/140] wine (107s)
[cells 130/140] quantity_skew_extreme (107s)
[cells 131/140] wine (107s)
[cells 132/140] wine (107s)
[cells 133/140] wine (107s)
[cells 134/140] quantity_skew_extreme (107s)
[cells 135/140] wine (107s)
[cells 136/140] wine (107s)
[cells 137/140] wine (107s)
[cells 138/140] wine (107s)
[cells 139/140] wine (107s)
[cells 140/140] wine (107s)
wrote 140 rows to /Users/chunmaojiang/Dropbox/项目申请-开会-出国-z研究生-评审论文和项目/项目申请2026/ffcm-fuzzysetandsystem/experiments/results/t10/FRESH_gf_L1_noES_s20-29.csv in 108s
