[cells 1/140] mnist784_pca32 (20c) (1033s)
[cells 2/140] mnist784_pca32 (20c) (1042s)
[cells 3/140] mnist784_pca32 (50c) (1688s)
[cells 4/140] mnist784_pca32 (50c) (1695s)
[cells 5/140] mnist784_pca32 (50c) (1702s)
[cells 6/140] mnist784_pca32 (50c) (1716s)
[cells 7/140] mnist784_pca32 (50c) (1719s)
[cells 8/140] mnist784_pca32 (50c) (1719s)
[cells 9/140] mnist784_pca32 (50c) (1727s)
[cells 10/140] mnist784_pca32 (50c) (1729s)
[cells 11/140] mnist784_pca32 (50c) (1732s)
[cells 12/140] mnist784_pca32 (50c) (1745s)
[cells 13/140] mnist784_pca32 (20c) (2402s)
[cells 14/140] mnist784_pca32 (20c) (2448s)
[cells 15/140] letter (3129s)
[cells 16/140] letter (3141s)
[cells 17/140] letter (3152s)
[cells 18/140] letter (3174s)
[cells 19/140] mnist784_pca32 (20c) (3714s)
[cells 20/140] mnist784_pca32 (20c) (3717s)
[cells 21/140] mnist784_pca32 (20c) (3720s)
[cells 22/140] mnist784_pca32 (20c) (3738s)
[cells 23/140] mnist784_pca32 (20c) (3741s)
[cells 24/140] letter (3761s)
[cells 25/140] mnist784_pca32 (20c) (3763s)
[cells 26/140] letter (3784s)
[cells 27/140] satimage (3805s)
[cells 28/140] satimage (3821s)
[cells 29/140] satimage (3824s)
[cells 30/140] satimage (3836s)
[cells 31/140] satimage (3843s)
[cells 32/140] satimage (3866s)
[cells 33/140] satimage (3881s)
[cells 34/140] satimage (3887s)
[cells 35/140] satimage (3918s)
[cells 36/140] satimage (3938s)
[cells 37/140] pendigits (4005s)
[cells 38/140] pendigits (4020s)
[cells 39/140] pendigits (4027s)
[cells 40/140] pendigits (4041s)
[cells 41/140] pendigits (4060s)
[cells 42/140] pendigits (4060s)
[cells 43/140] digits_pca16 (4067s)
[cells 44/140] pendigits (4074s)
[cells 45/140] digits_pca16 (4082s)
[cells 46/140] digits_pca16 (4097s)
[cells 47/140] pendigits (4101s)
[cells 48/140] digits_pca16 (4101s)
[cells 49/140] digits_pca16 (4109s)
[cells 50/140] digits_pca16 (4109s)
[cells 51/140] digits_pca16 (4121s)
[cells 52/140] letter (4135s)
[cells 53/140] digits_pca16 (4139s)
[cells 54/140] digits_pca16 (4139s)
[cells 55/140] digits_pca16 (4144s)
[cells 56/140] letter (4146s)
[cells 57/140] letter (4146s)
[cells 58/140] pendigits (4150s)
[cells 59/140] letter (4160s)
[cells 60/140] pendigits (4167s)
[cells 61/140] digits_pca32 (4171s)
[cells 62/140] cluster_skew_hard (4172s)
[cells 63/140] cluster_skew_hard (4179s)
[cells 64/140] cluster_skew_hard (4183s)
[cells 65/140] cluster_skew_hard (4184s)
[cells 66/140] digits_pca32 (4190s)
[cells 67/140] cluster_skew_hard (4192s)
[cells 68/140] digits_pca32 (4196s)
[cells 69/140] cluster_skew_hard (4197s)
[cells 70/140] cluster_skew_hard (4198s)
[cells 71/140] cluster_skew_hard (4202s)
[cells 72/140] digits_pca32 (4205s)
[cells 73/140] cluster_skew_hard (4205s)
[cells 74/140] cluster_skew_hard (4207s)
[cells 75/140] cluster_skew_overlap (4209s)
[cells 76/140] cluster_skew_overlap (4210s)
[cells 77/140] digits_pca32 (4211s)
[cells 78/140] digits_pca32 (4211s)
[cells 79/140] cluster_skew_overlap (4214s)
[cells 80/140] digits_pca32 (4215s)
[cells 81/140] cluster_skew_overlap (4216s)
[cells 82/140] digits_pca32 (4217s)
[cells 83/140] cluster_skew_overlap (4217s)
[cells 84/140] digits_pca32 (4218s)
[cells 85/140] cluster_skew_overlap (4219s)
[cells 86/140] cluster_skew_overlap (4220s)
[cells 87/140] cluster_skew_overlap (4222s)
[cells 88/140] cluster_skew_overlap (4222s)
[cells 89/140] cluster_skew_overlap (4222s)
[cells 90/140] dirichlet_0.03 (4225s)
[cells 91/140] dirichlet_0.03 (4227s)
[cells 92/140] dirichlet_0.03 (4228s)
[cells 93/140] dirichlet_0.03 (4229s)
[cells 94/140] dirichlet_0.03 (4229s)
[cells 95/140] dirichlet_0.03 (4229s)
[cells 96/140] dirichlet_0.03 (4231s)
[cells 97/140] digits_pca32 (4232s)
[cells 98/140] dirichlet_0.03 (4232s)
[cells 99/140] dirichlet_0.1 (4233s)
[cells 100/140] dirichlet_0.03 (4234s)
[cells 101/140] dirichlet_0.03 (4234s)
[cells 102/140] dirichlet_0.1 (4237s)
[cells 103/140] dirichlet_0.1 (4240s)
[cells 104/140] dirichlet_0.1 (4241s)
[cells 105/140] dirichlet_0.1 (4241s)
[cells 106/140] dirichlet_0.1 (4241s)
[cells 107/140] dirichlet_0.1 (4242s)
[cells 108/140] dirichlet_0.1 (4243s)
[cells 109/140] dirichlet_0.1 (4243s)
[cells 110/140] dirichlet_0.1 (4244s)
[cells 111/140] overlap_noise (4244s)
[cells 112/140] overlap_noise (4244s)
[cells 113/140] overlap_noise (4245s)
[cells 114/140] overlap_noise (4248s)
[cells 115/140] overlap_noise (4251s)
[cells 116/140] overlap_noise (4252s)
[cells 117/140] overlap_noise (4252s)
[cells 118/140] overlap_noise (4252s)
[cells 119/140] overlap_noise (4252s)
[cells 120/140] overlap_noise (4254s)
[cells 121/140] quantity_skew_extreme (4257s)
[cells 122/140] quantity_skew_extreme (4257s)
[cells 123/140] wine (4257s)
[cells 124/140] quantity_skew_extreme (4258s)
[cells 125/140] wine (4259s)
[cells 126/140] quantity_skew_extreme (4259s)
[cells 127/140] quantity_skew_extreme (4260s)
[cells 128/140] wine (4260s)
[cells 129/140] wine (4261s)
[cells 130/140] wine (4261s)
[cells 131/140] quantity_skew_extreme (4261s)
[cells 132/140] wine (4262s)
[cells 133/140] wine (4262s)
[cells 134/140] wine (4263s)
[cells 135/140] quantity_skew_extreme (4263s)
[cells 136/140] quantity_skew_extreme (4263s)
[cells 137/140] wine (4264s)
[cells 138/140] wine (4264s)
[cells 139/140] quantity_skew_extreme (4264s)
[cells 140/140] quantity_skew_extreme (4265s)
wrote 2240 rows to /Users/chunmaojiang/Dropbox/项目申请-开会-出国-z研究生-评审论文和项目/项目申请2026/ffcm-fuzzysetandsystem/experiments/results/t10/FRESH_cells16_L5_s20-29.csv in 4265s
