[cfcm 1/140] mnist784_pca32 (50c) (49s)
[cfcm 2/140] mnist784_pca32 (50c) (51s)
[cfcm 3/140] mnist784_pca32 (50c) (51s)
[cfcm 4/140] mnist784_pca32 (50c) (53s)
[cfcm 5/140] mnist784_pca32 (20c) (58s)
[cfcm 6/140] mnist784_pca32 (20c) (58s)
[cfcm 7/140] mnist784_pca32 (50c) (58s)
[cfcm 8/140] mnist784_pca32 (50c) (58s)
[cfcm 9/140] mnist784_pca32 (50c) (59s)
[cfcm 10/140] mnist784_pca32 (50c) (59s)
[cfcm 11/140] mnist784_pca32 (50c) (59s)
[cfcm 12/140] mnist784_pca32 (50c) (59s)
[cfcm 13/140] letter (83s)
[cfcm 14/140] letter (84s)
[cfcm 15/140] letter (84s)
[cfcm 16/140] letter (84s)
[cfcm 17/140] mnist784_pca32 (20c) (94s)
[cfcm 18/140] mnist784_pca32 (20c) (107s)
[cfcm 19/140] mnist784_pca32 (20c) (108s)
[cfcm 20/140] mnist784_pca32 (20c) (108s)
[cfcm 21/140] letter (109s)
[cfcm 22/140] letter (109s)
[cfcm 23/140] satimage (110s)
[cfcm 24/140] satimage (110s)
[cfcm 25/140] satimage (110s)
[cfcm 26/140] letter (110s)
[cfcm 27/140] letter (110s)
[cfcm 28/140] satimage (110s)
[cfcm 29/140] satimage (111s)
[cfcm 30/140] satimage (111s)
[cfcm 31/140] satimage (111s)
[cfcm 32/140] satimage (111s)
[cfcm 33/140] satimage (111s)
[cfcm 34/140] satimage (112s)
[cfcm 35/140] pendigits (112s)
[cfcm 36/140] pendigits (113s)
[cfcm 37/140] pendigits (113s)
[cfcm 38/140] pendigits (113s)
[cfcm 39/140] pendigits (115s)
[cfcm 40/140] pendigits (115s)
[cfcm 41/140] pendigits (116s)
[cfcm 42/140] digits_pca16 (116s)
[cfcm 43/140] pendigits (116s)
[cfcm 44/140] mnist784_pca32 (20c) (117s)
[cfcm 45/140] mnist784_pca32 (20c) (117s)
[cfcm 46/140] digits_pca16 (117s)
[cfcm 47/140] digits_pca16 (117s)
[cfcm 48/140] digits_pca16 (117s)
[cfcm 49/140] pendigits (117s)
[cfcm 50/140] mnist784_pca32 (20c) (117s)
[cfcm 51/140] digits_pca16 (118s)
[cfcm 52/140] digits_pca16 (118s)
[cfcm 53/140] pendigits (118s)
[cfcm 54/140] digits_pca16 (118s)
[cfcm 55/140] digits_pca16 (118s)
[cfcm 56/140] digits_pca16 (118s)
[cfcm 57/140] mnist784_pca32 (20c) (118s)
[cfcm 58/140] digits_pca16 (118s)
[cfcm 59/140] digits_pca32 (119s)
[cfcm 60/140] cluster_skew_hard (119s)
[cfcm 61/140] digits_pca32 (119s)
[cfcm 62/140] cluster_skew_hard (119s)
[cfcm 63/140] cluster_skew_hard (119s)
[cfcm 64/140] cluster_skew_hard (119s)
[cfcm 65/140] cluster_skew_hard (119s)
[cfcm 66/140] cluster_skew_hard (119s)
[cfcm 67/140] cluster_skew_hard (119s)
[cfcm 68/140] cluster_skew_hard (119s)
[cfcm 69/140] cluster_skew_hard (119s)
[cfcm 70/140] cluster_skew_hard (119s)
[cfcm 71/140] cluster_skew_overlap (119s)
[cfcm 72/140] cluster_skew_overlap (119s)
[cfcm 73/140] cluster_skew_overlap (119s)
[cfcm 74/140] cluster_skew_overlap (119s)
[cfcm 75/140] cluster_skew_overlap (119s)
[cfcm 76/140] cluster_skew_overlap (119s)
[cfcm 77/140] digits_pca32 (119s)
[cfcm 78/140] cluster_skew_overlap (119s)
[cfcm 79/140] cluster_skew_overlap (119s)
[cfcm 80/140] dirichlet_0.03 (119s)
[cfcm 81/140] dirichlet_0.03 (119s)
[cfcm 82/140] cluster_skew_overlap (119s)
[cfcm 83/140] cluster_skew_overlap (119s)
[cfcm 84/140] digits_pca32 (119s)
[cfcm 85/140] dirichlet_0.03 (119s)
[cfcm 86/140] dirichlet_0.03 (119s)
[cfcm 87/140] dirichlet_0.03 (119s)
[cfcm 88/140] dirichlet_0.03 (119s)
[cfcm 89/140] dirichlet_0.03 (119s)
[cfcm 90/140] dirichlet_0.03 (119s)
[cfcm 91/140] dirichlet_0.03 (119s)
[cfcm 92/140] dirichlet_0.1 (119s)
[cfcm 93/140] dirichlet_0.1 (119s)
[cfcm 94/140] dirichlet_0.1 (119s)
[cfcm 95/140] dirichlet_0.1 (119s)
[cfcm 96/140] dirichlet_0.1 (119s)
[cfcm 97/140] digits_pca32 (119s)
[cfcm 98/140] dirichlet_0.1 (119s)
[cfcm 99/140] dirichlet_0.1 (119s)
[cfcm 100/140] dirichlet_0.1 (119s)
[cfcm 101/140] dirichlet_0.1 (119s)
[cfcm 102/140] dirichlet_0.1 (119s)
[cfcm 103/140] overlap_noise (119s)
[cfcm 104/140] overlap_noise (119s)
[cfcm 105/140] overlap_noise (119s)
[cfcm 106/140] overlap_noise (119s)
[cfcm 107/140] overlap_noise (119s)
[cfcm 108/140] overlap_noise (119s)
[cfcm 109/140] overlap_noise (119s)
[cfcm 110/140] overlap_noise (119s)
[cfcm 111/140] overlap_noise (119s)
[cfcm 112/140] quantity_skew_extreme (119s)
[cfcm 113/140] quantity_skew_extreme (119s)
[cfcm 114/140] dirichlet_0.03 (119s)
[cfcm 115/140] quantity_skew_extreme (119s)
[cfcm 116/140] quantity_skew_extreme (119s)
[cfcm 117/140] overlap_noise (119s)
[cfcm 118/140] quantity_skew_extreme (119s)
[cfcm 119/140] quantity_skew_extreme (119s)
[cfcm 120/140] quantity_skew_extreme (119s)
[cfcm 121/140] quantity_skew_extreme (119s)
[cfcm 122/140] quantity_skew_extreme (119s)
[cfcm 123/140] wine (119s)
[cfcm 124/140] digits_pca32 (119s)
[cfcm 125/140] wine (119s)
[cfcm 126/140] wine (119s)
[cfcm 127/140] wine (119s)
[cfcm 128/140] wine (119s)
[cfcm 129/140] wine (120s)
[cfcm 130/140] quantity_skew_extreme (120s)
[cfcm 131/140] wine (120s)
[cfcm 132/140] wine (120s)
[cfcm 133/140] wine (120s)
[cfcm 134/140] digits_pca32 (120s)
[cfcm 135/140] wine (120s)
[cfcm 136/140] digits_pca32 (120s)
[cfcm 137/140] digits_pca32 (120s)
[cfcm 138/140] digits_pca32 (120s)
[cfcm 139/140] letter (121s)
[cfcm 140/140] letter (127s)
wrote 140 rows to /Users/chunmaojiang/Dropbox/项目申请-开会-出国-z研究生-评审论文和项目/项目申请2026/ffcm-fuzzysetandsystem/experiments/results/t10/FRESH_cfcm_s20-29_descriptive.csv in 128s
