[cells 1/140] mnist784_pca32 (20c) (177s)
[cells 2/140] mnist784_pca32 (20c) (180s)
[cells 3/140] mnist784_pca32 (50c) (292s)
[cells 4/140] mnist784_pca32 (50c) (296s)
[cells 5/140] mnist784_pca32 (50c) (301s)
[cells 6/140] mnist784_pca32 (50c) (302s)
[cells 7/140] mnist784_pca32 (50c) (303s)
[cells 8/140] mnist784_pca32 (50c) (303s)
[cells 9/140] mnist784_pca32 (50c) (305s)
[cells 10/140] mnist784_pca32 (50c) (309s)
[cells 11/140] mnist784_pca32 (50c) (312s)
[cells 12/140] mnist784_pca32 (50c) (320s)
[cells 13/140] mnist784_pca32 (20c) (341s)
[cells 14/140] mnist784_pca32 (20c) (347s)
[cells 15/140] letter (414s)
[cells 16/140] letter (420s)
[cells 17/140] letter (424s)
[cells 18/140] letter (431s)
[cells 19/140] mnist784_pca32 (20c) (449s)
[cells 20/140] letter (451s)
[cells 21/140] mnist784_pca32 (20c) (454s)
[cells 22/140] letter (461s)
[cells 23/140] satimage (463s)
[cells 24/140] mnist784_pca32 (20c) (466s)
[cells 25/140] mnist784_pca32 (20c) (466s)
[cells 26/140] mnist784_pca32 (20c) (466s)
[cells 27/140] satimage (466s)
[cells 28/140] satimage (467s)
[cells 29/140] mnist784_pca32 (20c) (467s)
[cells 30/140] satimage (477s)
[cells 31/140] satimage (478s)
[cells 32/140] satimage (481s)
[cells 33/140] satimage (482s)
[cells 34/140] satimage (482s)
[cells 35/140] satimage (482s)
[cells 36/140] satimage (483s)
[cells 37/140] pendigits (491s)
[cells 38/140] pendigits (500s)
[cells 39/140] pendigits (502s)
[cells 40/140] pendigits (502s)
[cells 41/140] pendigits (506s)
[cells 42/140] pendigits (506s)
[cells 43/140] digits_pca16 (506s)
[cells 44/140] digits_pca16 (507s)
[cells 45/140] pendigits (507s)
[cells 46/140] pendigits (507s)
[cells 47/140] digits_pca16 (510s)
[cells 48/140] digits_pca16 (511s)
[cells 49/140] digits_pca16 (511s)
[cells 50/140] digits_pca16 (511s)
[cells 51/140] digits_pca16 (512s)
[cells 52/140] digits_pca16 (513s)
[cells 53/140] pendigits (514s)
[cells 54/140] digits_pca16 (514s)
[cells 55/140] digits_pca16 (516s)
[cells 56/140] digits_pca32 (519s)
[cells 57/140] digits_pca32 (519s)
[cells 58/140] letter (520s)
[cells 59/140] digits_pca32 (521s)
[cells 60/140] digits_pca32 (522s)
[cells 61/140] cluster_skew_hard (522s)
[cells 62/140] digits_pca32 (523s)
[cells 63/140] digits_pca32 (523s)
[cells 64/140] pendigits (523s)
[cells 65/140] cluster_skew_hard (523s)
[cells 66/140] cluster_skew_hard (523s)
[cells 67/140] cluster_skew_hard (524s)
[cells 68/140] cluster_skew_hard (524s)
[cells 69/140] cluster_skew_hard (524s)
[cells 70/140] cluster_skew_hard (524s)
[cells 71/140] cluster_skew_hard (525s)
[cells 72/140] letter (525s)
[cells 73/140] cluster_skew_hard (525s)
[cells 74/140] cluster_skew_hard (525s)
[cells 75/140] cluster_skew_overlap (525s)
[cells 76/140] cluster_skew_overlap (526s)
[cells 77/140] cluster_skew_overlap (526s)
[cells 78/140] digits_pca32 (526s)
[cells 79/140] cluster_skew_overlap (526s)
[cells 80/140] cluster_skew_overlap (526s)
[cells 81/140] cluster_skew_overlap (527s)
[cells 82/140] digits_pca32 (527s)
[cells 83/140] cluster_skew_overlap (527s)
[cells 84/140] cluster_skew_overlap (527s)
[cells 85/140] digits_pca32 (527s)
[cells 86/140] cluster_skew_overlap (527s)
[cells 87/140] cluster_skew_overlap (527s)
[cells 88/140] dirichlet_0.03 (527s)
[cells 89/140] dirichlet_0.03 (528s)
[cells 90/140] dirichlet_0.03 (528s)
[cells 91/140] dirichlet_0.03 (528s)
[cells 92/140] dirichlet_0.03 (528s)
[cells 93/140] dirichlet_0.03 (528s)
[cells 94/140] dirichlet_0.03 (528s)
[cells 95/140] letter (528s)
[cells 96/140] dirichlet_0.03 (529s)
[cells 97/140] dirichlet_0.03 (529s)
[cells 98/140] dirichlet_0.03 (529s)
[cells 99/140] dirichlet_0.1 (529s)
[cells 100/140] dirichlet_0.1 (529s)
[cells 101/140] dirichlet_0.1 (529s)
[cells 102/140] dirichlet_0.1 (529s)
[cells 103/140] digits_pca32 (529s)
[cells 104/140] dirichlet_0.1 (530s)
[cells 105/140] dirichlet_0.1 (530s)
[cells 106/140] dirichlet_0.1 (530s)
[cells 107/140] dirichlet_0.1 (530s)
[cells 108/140] dirichlet_0.1 (530s)
[cells 109/140] dirichlet_0.1 (530s)
[cells 110/140] overlap_noise (530s)
[cells 111/140] overlap_noise (530s)
[cells 112/140] overlap_noise (531s)
[cells 113/140] overlap_noise (531s)
[cells 114/140] overlap_noise (531s)
[cells 115/140] overlap_noise (531s)
[cells 116/140] overlap_noise (531s)
[cells 117/140] overlap_noise (531s)
[cells 118/140] overlap_noise (531s)
[cells 119/140] overlap_noise (531s)
[cells 120/140] quantity_skew_extreme (532s)
[cells 121/140] wine (532s)
[cells 122/140] quantity_skew_extreme (532s)
[cells 123/140] wine (532s)
[cells 124/140] quantity_skew_extreme (532s)
[cells 125/140] quantity_skew_extreme (532s)
[cells 126/140] wine (532s)
[cells 127/140] quantity_skew_extreme (532s)
[cells 128/140] quantity_skew_extreme (532s)
[cells 129/140] wine (533s)
[cells 130/140] quantity_skew_extreme (533s)
[cells 131/140] wine (533s)
[cells 132/140] wine (533s)
[cells 133/140] wine (533s)
[cells 134/140] quantity_skew_extreme (533s)
[cells 135/140] quantity_skew_extreme (533s)
[cells 136/140] quantity_skew_extreme (533s)
[cells 137/140] wine (533s)
[cells 138/140] wine (533s)
[cells 139/140] wine (533s)
[cells 140/140] letter (534s)
wrote 280 rows to /Users/chunmaojiang/Dropbox/项目申请-开会-出国-z研究生-评审论文和项目/项目申请2026/ffcm-fuzzysetandsystem/experiments/results/t10/FRESH_ed_cells_L1_R250_s20-29.csv in 534s
