[cells 1/280] mnist784_pca32 (50c) (66s)
[cells 2/280] mnist784_pca32 (50c) (67s)
[cells 3/280] mnist784_pca32 (50c) (68s)
[cells 4/280] mnist784_pca32 (50c) (69s)
[cells 5/280] mnist784_pca32 (50c) (69s)
[cells 6/280] mnist784_pca32 (50c) (69s)
[cells 7/280] mnist784_pca32 (50c) (69s)
[cells 8/280] mnist784_pca32 (50c) (69s)
[cells 9/280] mnist784_pca32 (50c) (69s)
[cells 10/280] mnist784_pca32 (50c) (69s)
[cells 11/280] mnist784_pca32 (50c) (69s)
[cells 12/280] mnist784_pca32 (50c) (70s)
[cells 13/280] mnist784_pca32 (20c) (107s)
[cells 14/280] mnist784_pca32 (20c) (107s)
[cells 15/280] mnist784_pca32 (20c) (107s)
[cells 16/280] mnist784_pca32 (20c) (107s)
[cells 17/280] mnist784_pca32 (50c) (126s)
[cells 18/280] mnist784_pca32 (50c) (128s)
[cells 19/280] mnist784_pca32 (50c) (128s)
[cells 20/280] mnist784_pca32 (50c) (131s)
[cells 21/280] mnist784_pca32 (50c) (133s)
[cells 22/280] mnist784_pca32 (50c) (133s)
[cells 23/280] mnist784_pca32 (50c) (134s)
[cells 24/280] mnist784_pca32 (50c) (135s)
[cells 25/280] mnist784_pca32 (20c) (144s)
[cells 26/280] mnist784_pca32 (20c) (145s)
[cells 27/280] mnist784_pca32 (20c) (145s)
[cells 28/280] mnist784_pca32 (20c) (145s)
[cells 29/280] mnist784_pca32 (20c) (171s)
[cells 30/280] mnist784_pca32 (20c) (174s)
[cells 31/280] mnist784_pca32 (20c) (174s)
[cells 32/280] mnist784_pca32 (20c) (180s)
[cells 33/280] mnist784_pca32 (20c) (182s)
[cells 34/280] mnist784_pca32 (20c) (184s)
[cells 35/280] mnist784_pca32 (20c) (184s)
[cells 36/280] mnist784_pca32 (20c) (187s)
[cells 37/280] mnist784_pca32 (20c) (204s)
[cells 38/280] mnist784_pca32 (20c) (205s)
[cells 39/280] mnist784_pca32 (20c) (206s)
[cells 40/280] mnist784_pca32 (20c) (206s)
[cells 41/280] letter (217s)
[cells 42/280] letter (218s)
[cells 43/280] letter (219s)
[cells 44/280] letter (223s)
[cells 45/280] letter (224s)
[cells 46/280] letter (225s)
[cells 47/280] letter (226s)
[cells 48/280] letter (228s)
[cells 49/280] letter (237s)
[cells 50/280] letter (238s)
[cells 51/280] letter (238s)
[cells 52/280] letter (238s)
[cells 53/280] satimage (241s)
[cells 54/280] satimage (242s)
[cells 55/280] satimage (243s)
[cells 56/280] satimage (243s)
[cells 57/280] satimage (246s)
[cells 58/280] letter (246s)
[cells 59/280] satimage (247s)
[cells 60/280] satimage (247s)
[cells 61/280] satimage (248s)
[cells 62/280] letter (249s)
[cells 63/280] satimage (250s)
[cells 64/280] satimage (250s)
[cells 65/280] letter (250s)
[cells 66/280] satimage (252s)
[cells 67/280] satimage (252s)
[cells 68/280] satimage (252s)
[cells 69/280] satimage (253s)
[cells 70/280] satimage (254s)
[cells 71/280] letter (254s)
[cells 72/280] satimage (255s)
[cells 73/280] letter (255s)
[cells 74/280] satimage (255s)
[cells 75/280] letter (256s)
[cells 76/280] satimage (256s)
[cells 77/280] satimage (256s)
[cells 78/280] letter (257s)
[cells 79/280] satimage (257s)
[cells 80/280] letter (259s)
[cells 81/280] pendigits (261s)
[cells 82/280] pendigits (261s)
[cells 83/280] pendigits (261s)
[cells 84/280] pendigits (262s)
[cells 85/280] pendigits (262s)
[cells 86/280] pendigits (262s)
[cells 87/280] pendigits (263s)
[cells 88/280] pendigits (263s)
[cells 89/280] pendigits (263s)
[cells 90/280] pendigits (264s)
[cells 91/280] pendigits (264s)
[cells 92/280] digits_pca16 (265s)
[cells 93/280] pendigits (266s)
[cells 94/280] digits_pca16 (267s)
[cells 95/280] digits_pca16 (267s)
[cells 96/280] pendigits (268s)
[cells 97/280] pendigits (268s)
[cells 98/280] digits_pca16 (268s)
[cells 99/280] pendigits (268s)
[cells 100/280] pendigits (268s)
[cells 101/280] digits_pca16 (269s)
[cells 102/280] digits_pca16 (269s)
[cells 103/280] digits_pca16 (269s)
[cells 104/280] pendigits (269s)
[cells 105/280] pendigits (270s)
[cells 106/280] digits_pca16 (270s)
[cells 107/280] digits_pca16 (270s)
[cells 108/280] pendigits (270s)
[cells 109/280] pendigits (270s)
[cells 110/280] digits_pca16 (271s)
[cells 111/280] digits_pca16 (271s)
[cells 112/280] digits_pca16 (271s)
[cells 113/280] digits_pca16 (271s)
[cells 114/280] digits_pca16 (272s)
[cells 115/280] digits_pca16 (272s)
[cells 116/280] digits_pca16 (272s)
[cells 117/280] digits_pca16 (272s)
[cells 118/280] digits_pca16 (273s)
[cells 119/280] digits_pca16 (273s)
[cells 120/280] digits_pca16 (273s)
[cells 121/280] digits_pca32 (273s)
[cells 122/280] digits_pca32 (274s)
[cells 123/280] digits_pca32 (274s)
[cells 124/280] digits_pca32 (274s)
[cells 125/280] digits_pca32 (275s)
[cells 126/280] digits_pca32 (276s)
[cells 127/280] digits_pca32 (276s)
[cells 128/280] digits_pca32 (276s)
[cells 129/280] digits_pca32 (276s)
[cells 130/280] digits_pca32 (276s)
[cells 131/280] digits_pca32 (276s)
[cells 132/280] digits_pca32 (276s)
[cells 133/280] digits_pca32 (277s)
[cells 134/280] digits_pca32 (277s)
[cells 135/280] cluster_skew_hard (277s)
[cells 136/280] cluster_skew_hard (277s)
[cells 137/280] cluster_skew_hard (277s)
[cells 138/280] digits_pca32 (277s)
[cells 139/280] digits_pca32 (277s)
[cells 140/280] cluster_skew_hard (278s)
[cells 141/280] cluster_skew_hard (278s)
[cells 142/280] digits_pca32 (278s)
[cells 143/280] cluster_skew_hard (278s)
[cells 144/280] cluster_skew_hard (278s)
[cells 145/280] cluster_skew_hard (278s)
[cells 146/280] cluster_skew_hard (279s)
[cells 147/280] cluster_skew_hard (279s)
[cells 148/280] cluster_skew_hard (279s)
[cells 149/280] cluster_skew_hard (279s)
[cells 150/280] digits_pca32 (279s)
[cells 151/280] digits_pca32 (279s)
[cells 152/280] digits_pca32 (279s)
[cells 153/280] cluster_skew_hard (279s)
[cells 154/280] cluster_skew_hard (279s)
[cells 155/280] cluster_skew_hard (279s)
[cells 156/280] cluster_skew_hard (280s)
[cells 157/280] cluster_skew_hard (280s)
[cells 158/280] cluster_skew_hard (280s)
[cells 159/280] cluster_skew_hard (280s)
[cells 160/280] cluster_skew_hard (280s)
[cells 161/280] cluster_skew_overlap (280s)
[cells 162/280] cluster_skew_overlap (280s)
[cells 163/280] cluster_skew_overlap (280s)
[cells 164/280] cluster_skew_overlap (280s)
[cells 165/280] cluster_skew_overlap (280s)
[cells 166/280] cluster_skew_overlap (280s)
[cells 167/280] cluster_skew_overlap (280s)
[cells 168/280] cluster_skew_overlap (281s)
[cells 169/280] cluster_skew_overlap (281s)
[cells 170/280] cluster_skew_overlap (281s)
[cells 171/280] cluster_skew_overlap (281s)
[cells 172/280] cluster_skew_overlap (281s)
[cells 173/280] cluster_skew_overlap (281s)
[cells 174/280] cluster_skew_overlap (281s)
[cells 175/280] cluster_skew_overlap (281s)
[cells 176/280] cluster_skew_overlap (282s)
[cells 177/280] cluster_skew_overlap (282s)
[cells 178/280] cluster_skew_overlap (282s)
[cells 179/280] cluster_skew_overlap (282s)
[cells 180/280] cluster_skew_overlap (282s)
[cells 181/280] dirichlet_0.03 (282s)
[cells 182/280] dirichlet_0.03 (282s)
[cells 183/280] dirichlet_0.03 (282s)
[cells 184/280] dirichlet_0.03 (282s)
[cells 185/280] dirichlet_0.03 (282s)
[cells 186/280] dirichlet_0.03 (282s)
[cells 187/280] dirichlet_0.03 (282s)
[cells 188/280] dirichlet_0.03 (283s)
[cells 189/280] dirichlet_0.03 (283s)
[cells 190/280] dirichlet_0.03 (283s)
[cells 191/280] dirichlet_0.03 (283s)
[cells 192/280] dirichlet_0.03 (283s)
[cells 193/280] dirichlet_0.03 (283s)
[cells 194/280] dirichlet_0.03 (283s)
[cells 195/280] dirichlet_0.03 (283s)
[cells 196/280] dirichlet_0.03 (283s)
[cells 197/280] dirichlet_0.03 (283s)
[cells 198/280] dirichlet_0.03 (284s)
[cells 199/280] dirichlet_0.03 (284s)
[cells 200/280] dirichlet_0.03 (284s)
[cells 201/280] dirichlet_0.1 (284s)
[cells 202/280] dirichlet_0.1 (284s)
[cells 203/280] dirichlet_0.1 (284s)
[cells 204/280] dirichlet_0.1 (284s)
[cells 205/280] dirichlet_0.1 (284s)
[cells 206/280] dirichlet_0.1 (284s)
[cells 207/280] dirichlet_0.1 (284s)
[cells 208/280] dirichlet_0.1 (284s)
[cells 209/280] dirichlet_0.1 (285s)
[cells 210/280] dirichlet_0.1 (285s)
[cells 211/280] dirichlet_0.1 (285s)
[cells 212/280] dirichlet_0.1 (285s)
[cells 213/280] dirichlet_0.1 (285s)
[cells 214/280] dirichlet_0.1 (285s)
[cells 215/280] dirichlet_0.1 (285s)
[cells 216/280] dirichlet_0.1 (285s)
[cells 217/280] dirichlet_0.1 (286s)
[cells 218/280] dirichlet_0.1 (286s)
[cells 219/280] dirichlet_0.1 (286s)
[cells 220/280] dirichlet_0.1 (286s)
[cells 221/280] overlap_noise (286s)
[cells 222/280] overlap_noise (286s)
[cells 223/280] overlap_noise (286s)
[cells 224/280] overlap_noise (286s)
[cells 225/280] overlap_noise (286s)
[cells 226/280] overlap_noise (286s)
[cells 227/280] overlap_noise (286s)
[cells 228/280] overlap_noise (287s)
[cells 229/280] overlap_noise (287s)
[cells 230/280] overlap_noise (287s)
[cells 231/280] overlap_noise (287s)
[cells 232/280] overlap_noise (287s)
[cells 233/280] overlap_noise (287s)
[cells 234/280] overlap_noise (287s)
[cells 235/280] overlap_noise (287s)
[cells 236/280] overlap_noise (287s)
[cells 237/280] overlap_noise (287s)
[cells 238/280] overlap_noise (288s)
[cells 239/280] overlap_noise (288s)
[cells 240/280] overlap_noise (288s)
[cells 241/280] quantity_skew_extreme (288s)
[cells 242/280] quantity_skew_extreme (288s)
[cells 243/280] quantity_skew_extreme (288s)
[cells 244/280] quantity_skew_extreme (288s)
[cells 245/280] quantity_skew_extreme (288s)
[cells 246/280] quantity_skew_extreme (288s)
[cells 247/280] quantity_skew_extreme (289s)
[cells 248/280] quantity_skew_extreme (289s)
[cells 249/280] quantity_skew_extreme (289s)
[cells 250/280] quantity_skew_extreme (289s)
[cells 251/280] quantity_skew_extreme (289s)
[cells 252/280] quantity_skew_extreme (289s)
[cells 253/280] quantity_skew_extreme (289s)
[cells 254/280] wine (289s)
[cells 255/280] quantity_skew_extreme (289s)
[cells 256/280] quantity_skew_extreme (289s)
[cells 257/280] quantity_skew_extreme (289s)
[cells 258/280] wine (289s)
[cells 259/280] wine (289s)
[cells 260/280] quantity_skew_extreme (290s)
[cells 261/280] wine (290s)
[cells 262/280] quantity_skew_extreme (290s)
[cells 263/280] quantity_skew_extreme (290s)
[cells 264/280] wine (290s)
[cells 265/280] wine (290s)
[cells 266/280] wine (290s)
[cells 267/280] wine (290s)
[cells 268/280] wine (290s)
[cells 269/280] quantity_skew_extreme (290s)
[cells 270/280] wine (290s)
[cells 271/280] wine (290s)
[cells 272/280] wine (290s)
[cells 273/280] wine (290s)
[cells 274/280] wine (290s)
[cells 275/280] wine (290s)
[cells 276/280] wine (290s)
[cells 277/280] wine (290s)
[cells 278/280] wine (290s)
[cells 279/280] wine (290s)
[cells 280/280] wine (290s)
wrote 280 rows to /Users/chunmaojiang/Dropbox/项目申请-开会-出国-z研究生-评审论文和项目/项目申请2026/ffcm-fuzzysetandsystem/experiments/results/t10/gf_L1_noES_s00-19.csv in 291s
