T10 run plan: /Users/chunmaojiang/Dropbox/项目申请-开会-出国-z研究生-评审论文和项目/项目申请2026/ffcm-fuzzysetandsystem/experiments  (python: python3, workers: 12, smoke: 0)
load average at start: { 139.48 116.78 64.16 }  (idle machine assumed by the runtime projection)
[2026-09-24 11:09:27] skip  selftest (passed on the current code)
[2026-09-24 11:09:28] skip  gf_L1_noES_s00-19 (exists, same arguments)
[2026-09-24 11:09:28] skip  cmp_gf_L1_noES_s00-19
[2026-09-24 11:09:28] start ed_scffcm_cal_L1_R250
[2026-09-24 11:23:25] done  ed_scffcm_cal_L1_R250 (837s)
[2026-09-24 11:23:25] deleg ee_pedrycz_cal_L1 (delegated; awaited before the analysis)
[2026-09-24 11:23:25] deleg ee_pedrycz_cal_L5 (delegated; awaited before the analysis)
[2026-09-24 11:23:25] deleg ee_pedrycz_cal_L10 (delegated; awaited before the analysis)
[2026-09-24 11:23:25] start cells16_L5_s00-09
[2026-09-24 12:27:31] done  cells16_L5_s00-09 (3846s)
[2026-09-24 12:27:33] ok    cmp_cells16_L5_s00-09: compare cells cells16_L5_s00-09.csv: 2240 strict overlapping runs (6720 values, 2240 acc/distinct values), 0 strict mismatches; 0 uncovered prior rows; advisory: 560 runs, 0 acc differences; OK
[2026-09-24 12:27:33] start cells16_L5_s10-19
[2026-09-24 13:33:35] done  cells16_L5_s10-19 (3962s)
[2026-09-24 13:33:37] ok    cmp_cells16_L5_s10-19: compare cells cells16_L5_s10-19.csv: 840 strict overlapping runs (2520 values, 840 acc/distinct values), 0 strict mismatches; 0 uncovered prior rows; advisory: 420 runs, 0 acc differences; OK
[2026-09-24 13:33:37] start cells16_L1_s00-09
[2026-09-24 13:55:31] done  cells16_L1_s00-09 (1314s)
[2026-09-24 13:55:34] ok    cmp_cells16_L1_s00-09: compare cells cells16_L1_s00-09.csv: 700 strict overlapping runs (2240 values, 700 acc/distinct values), 0 strict mismatches; 0 uncovered prior rows; advisory: 140 runs, 0 acc differences; OK
[2026-09-24 13:55:34] start cells16_L1_s10-19
[2026-09-24 14:17:44] done  cells16_L1_s10-19 (1330s)
[2026-09-24 14:17:46] ok    cmp_cells16_L1_s10-19: compare cells cells16_L1_s10-19.csv: 560 strict overlapping runs (2240 values, 560 acc/distinct values), 0 strict mismatches; 0 uncovered prior rows; advisory: 140 runs, 0 acc differences; OK
[2026-09-24 14:17:46] start ec_split_L5_s00-19
[2026-09-24 14:41:13] done  ec_split_L5_s00-19 (1407s)
[2026-09-24 14:41:13] start scffcm_cal_L1_s00-19
[2026-09-24 14:41:49] done  scffcm_cal_L1_s00-19 (36s)
[2026-09-24 14:41:49] ok    cmp_scffcm_cal_L1_s00-19: compare scffcm scffcm_cal_L1_s00-19.csv: 280 strict overlapping runs (1120 values, 280 acc/distinct values), 0 strict mismatches; 0 uncovered prior rows; advisory: 0 runs, 0 acc differences; OK
[2026-09-24 14:41:49] start scffcm_cal_L5_s00-19
[2026-09-24 14:43:43] done  scffcm_cal_L5_s00-19 (114s)
[2026-09-24 14:43:43] ok    cmp_scffcm_cal_L5_s00-19: compare scffcm scffcm_cal_L5_s00-19.csv: 280 strict overlapping runs (1120 values, 280 acc/distinct values), 0 strict mismatches; 0 uncovered prior rows; advisory: 0 runs, 0 acc differences; OK
[2026-09-24 14:43:43] start scffcm_cal_L50_s00-19
[2026-09-24 14:48:31] done  scffcm_cal_L50_s00-19 (288s)
[2026-09-24 14:48:31] ok    cmp_scffcm_cal_L50_s00-19: compare scffcm scffcm_cal_L50_s00-19.csv: 240 strict overlapping runs (960 values, 240 acc/distinct values), 0 strict mismatches; 0 uncovered prior rows; advisory: 0 runs, 0 acc differences; OK
[2026-09-24 14:48:31] start cfcm_s00-19
[2026-09-24 14:53:06] done  cfcm_s00-19 (275s)
[2026-09-24 14:53:06] ok    cmp_cfcm_s00-19: compare cfcm cfcm_s00-19.csv: 140 strict overlapping runs (420 values, 140 acc/distinct values), 0 strict mismatches; 0 uncovered prior rows; advisory: 0 runs, 0 acc differences; OK
[2026-09-24 14:53:06] start ed_scffcm_default_L1_s00-19
[2026-09-24 14:53:46] done  ed_scffcm_default_L1_s00-19 (40s)
[2026-09-24 14:53:46] start ed_scffcm_default_L5_s00-19
[2026-09-24 14:55:49] done  ed_scffcm_default_L5_s00-19 (123s)
[2026-09-24 14:55:49] start ed_scffcm_default_L50_s00-19
[2026-09-24 15:11:24] done  ed_scffcm_default_L50_s00-19 (934s)
[2026-09-24 15:11:24] start ed_scffcm_L1_R250_s10-19
[2026-09-24 15:12:22] done  ed_scffcm_L1_R250_s10-19 (59s)
[2026-09-24 15:12:22] start ed_cells_L1_R250_s10-19
[2026-09-24 15:20:36] done  ed_cells_L1_R250_s10-19 (494s)
[2026-09-24 15:20:36] deleg ee_pedrycz_L1_s00-19 (delegated; awaited before the analysis)
[2026-09-24 15:20:36] deleg ee_pedrycz_L5_s00-19 (delegated; awaited before the analysis)
[2026-09-24 15:20:36] deleg ee_pedrycz_L10_s00-19 (delegated; awaited before the analysis)
[2026-09-24 15:20:36] deleg ef_audit_s00-04 (delegated; awaited before the analysis)
[2026-09-24 15:20:36] deleg cmp_ef_audit_s00-04 (checked on the delegate machine)
[2026-09-24 15:20:36] start eg_cells_P05_L5_s00-09
[2026-09-24 15:26:43] done  eg_cells_P05_L5_s00-09 (367s)
[2026-09-24 15:26:43] start eg_cells_P05_L1_s00-09
[2026-09-24 15:28:52] done  eg_cells_P05_L1_s00-09 (129s)
[2026-09-24 15:28:52] start eg_scffcm_cf05_L1_s00-09
[2026-09-24 15:29:09] done  eg_scffcm_cf05_L1_s00-09 (17s)
[2026-09-24 15:29:09] start eg_scffcm_cf05_L5_s00-09
[2026-09-24 15:29:48] done  eg_scffcm_cf05_L5_s00-09 (39s)
[2026-09-24 15:29:48] recv  ee_pedrycz_L10_s00-19 (delegated output present)
[2026-09-24 15:29:48] recv  ee_pedrycz_L1_s00-19 (delegated output present)
[2026-09-24 15:29:48] recv  ee_pedrycz_L5_s00-19 (delegated output present)
[2026-09-24 15:29:48] recv  ee_pedrycz_cal_L1 (delegated output present)
[2026-09-24 15:29:48] recv  ee_pedrycz_cal_L10 (delegated output present)
[2026-09-24 15:29:48] recv  ee_pedrycz_cal_L5 (delegated output present)
[2026-09-24 15:29:48] recv  ef_audit_s00-04 (delegated output present)
[2026-09-24 15:30:07] done  analysis_s00-19
[2026-09-24 15:30:07] analysis frozen: 6bb60986480cb4583d9ba571b27b59e32ac632a3e0bea82ae2937a7a085df889  scripts/T10_review.py
[2026-09-24 15:30:07] start FRESH_cells16_L5_s20-29
[2026-09-24 16:41:12] done  FRESH_cells16_L5_s20-29 (4265s)
[2026-09-24 16:41:12] start FRESH_cells16_L1_s20-29
[2026-09-24 17:00:25] done  FRESH_cells16_L1_s20-29 (1153s)
[2026-09-24 17:00:25] start FRESH_gf_L1_noES_s20-29
[2026-09-24 17:02:13] done  FRESH_gf_L1_noES_s20-29 (108s)
[2026-09-24 17:02:13] start FRESH_scffcm_cal_L1_s20-29
[2026-09-24 17:02:36] done  FRESH_scffcm_cal_L1_s20-29 (23s)
[2026-09-24 17:02:36] start FRESH_scffcm_cal_L5_s20-29
[2026-09-24 17:03:43] done  FRESH_scffcm_cal_L5_s20-29 (67s)
[2026-09-24 17:03:43] start FRESH_scffcm_cal_L50_s20-29
[2026-09-24 17:05:56] done  FRESH_scffcm_cal_L50_s20-29 (133s)
[2026-09-24 17:05:56] start FRESH_ed_scffcm_L1_R250_s20-29
[2026-09-24 17:07:05] done  FRESH_ed_scffcm_L1_R250_s20-29 (69s)
[2026-09-24 17:07:05] start FRESH_ed_cells_L1_R250_s20-29
[2026-09-24 17:16:00] done  FRESH_ed_cells_L1_R250_s20-29 (535s)
[2026-09-24 17:16:00] start FRESH_cfcm_s20-29_descriptive
[2026-09-24 17:18:08] done  FRESH_cfcm_s20-29_descriptive (128s)
[2026-09-24 17:18:42] done  analysis_final
[2026-09-24 17:18:42] ok    theory (E-H/E-I): /Users/chunmaojiang/Dropbox/项目申请-开会-出国-z研究生-评审论文和项目/项目申请2026/ffcm-fuzzysetandsystem/experiments/results/t10/theory/SUMMARY.md
[2026-09-24 17:18:42] ALL DONE -> /Users/chunmaojiang/Dropbox/项目申请-开会-出国-z研究生-评审论文和项目/项目申请2026/ffcm-fuzzysetandsystem/experiments/results/t10/RUN_DONE
