[scffcm 1/240] letter (112s)
[scffcm 2/240] letter (112s)
[scffcm 3/240] letter (112s)
[scffcm 4/240] letter (112s)
[scffcm 5/240] letter (112s)
[scffcm 6/240] letter (113s)
[scffcm 7/240] letter (113s)
[scffcm 8/240] letter (113s)
[scffcm 9/240] letter (113s)
[scffcm 10/240] letter (113s)
[scffcm 11/240] letter (113s)
[scffcm 12/240] letter (114s)
[scffcm 13/240] satimage (128s)
[scffcm 14/240] satimage (128s)
[scffcm 15/240] satimage (128s)
[scffcm 16/240] satimage (128s)
[scffcm 17/240] satimage (149s)
[scffcm 18/240] satimage (149s)
[scffcm 19/240] satimage (150s)
[scffcm 20/240] satimage (150s)
[scffcm 21/240] satimage (169s)
[scffcm 22/240] satimage (170s)
[scffcm 23/240] satimage (170s)
[scffcm 24/240] satimage (170s)
[scffcm 25/240] satimage (182s)
[scffcm 26/240] satimage (182s)
[scffcm 27/240] satimage (182s)
[scffcm 28/240] satimage (183s)
[scffcm 29/240] satimage (195s)
[scffcm 30/240] satimage (195s)
[scffcm 31/240] satimage (195s)
[scffcm 32/240] satimage (195s)
[scffcm 33/240] pendigits (215s)
[scffcm 34/240] pendigits (218s)
[scffcm 35/240] pendigits (219s)
[scffcm 36/240] pendigits (219s)
[scffcm 37/240] pendigits (235s)
[scffcm 38/240] pendigits (238s)
[scffcm 39/240] letter (239s)
[scffcm 40/240] letter (239s)
[scffcm 41/240] letter (239s)
[scffcm 42/240] letter (240s)
[scffcm 43/240] letter (240s)
[scffcm 44/240] letter (240s)
[scffcm 45/240] letter (240s)
[scffcm 46/240] letter (241s)
[scffcm 47/240] pendigits (242s)
[scffcm 48/240] pendigits (243s)
[scffcm 49/240] pendigits (254s)
[scffcm 50/240] pendigits (256s)
[scffcm 51/240] pendigits (257s)
[scffcm 52/240] digits_pca16 (258s)
[scffcm 53/240] digits_pca16 (260s)
[scffcm 54/240] digits_pca16 (261s)
[scffcm 55/240] pendigits (261s)
[scffcm 56/240] pendigits (261s)
[scffcm 57/240] pendigits (261s)
[scffcm 58/240] pendigits (262s)
[scffcm 59/240] pendigits (262s)
[scffcm 60/240] digits_pca16 (262s)
[scffcm 61/240] pendigits (262s)
[scffcm 62/240] pendigits (263s)
[scffcm 63/240] pendigits (263s)
[scffcm 64/240] digits_pca16 (264s)
[scffcm 65/240] digits_pca16 (264s)
[scffcm 66/240] pendigits (264s)
[scffcm 67/240] digits_pca16 (264s)
[scffcm 68/240] digits_pca16 (264s)
[scffcm 69/240] digits_pca16 (264s)
[scffcm 70/240] digits_pca16 (265s)
[scffcm 71/240] digits_pca16 (265s)
[scffcm 72/240] digits_pca16 (266s)
[scffcm 73/240] digits_pca16 (266s)
[scffcm 74/240] digits_pca16 (266s)
[scffcm 75/240] digits_pca16 (267s)
[scffcm 76/240] digits_pca16 (267s)
[scffcm 77/240] digits_pca16 (268s)
[scffcm 78/240] digits_pca16 (268s)
[scffcm 79/240] digits_pca16 (268s)
[scffcm 80/240] digits_pca16 (268s)
[scffcm 81/240] digits_pca32 (269s)
[scffcm 82/240] digits_pca32 (269s)
[scffcm 83/240] digits_pca32 (270s)
[scffcm 84/240] digits_pca32 (271s)
[scffcm 85/240] digits_pca32 (271s)
[scffcm 86/240] digits_pca32 (271s)
[scffcm 87/240] digits_pca32 (272s)
[scffcm 88/240] digits_pca32 (272s)
[scffcm 89/240] digits_pca32 (273s)
[scffcm 90/240] digits_pca32 (273s)
[scffcm 91/240] digits_pca32 (273s)
[scffcm 92/240] digits_pca32 (273s)
[scffcm 93/240] cluster_skew_hard (274s)
[scffcm 94/240] digits_pca32 (275s)
[scffcm 95/240] cluster_skew_hard (275s)
[scffcm 96/240] digits_pca32 (275s)
[scffcm 97/240] cluster_skew_hard (275s)
[scffcm 98/240] cluster_skew_hard (275s)
[scffcm 99/240] digits_pca32 (275s)
[scffcm 100/240] cluster_skew_hard (276s)
[scffcm 101/240] cluster_skew_hard (276s)
[scffcm 102/240] cluster_skew_hard (276s)
[scffcm 103/240] cluster_skew_hard (276s)
[scffcm 104/240] cluster_skew_hard (276s)
[scffcm 105/240] digits_pca32 (276s)
[scffcm 106/240] cluster_skew_hard (276s)
[scffcm 107/240] cluster_skew_hard (276s)
[scffcm 108/240] cluster_skew_hard (277s)
[scffcm 109/240] cluster_skew_hard (277s)
[scffcm 110/240] cluster_skew_hard (277s)
[scffcm 111/240] digits_pca32 (277s)
[scffcm 112/240] cluster_skew_hard (277s)
[scffcm 113/240] digits_pca32 (277s)
[scffcm 114/240] digits_pca32 (277s)
[scffcm 115/240] cluster_skew_hard (277s)
[scffcm 116/240] cluster_skew_hard (277s)
[scffcm 117/240] cluster_skew_hard (278s)
[scffcm 118/240] cluster_skew_hard (278s)
[scffcm 119/240] cluster_skew_overlap (278s)
[scffcm 120/240] cluster_skew_overlap (278s)
[scffcm 121/240] cluster_skew_hard (278s)
[scffcm 122/240] cluster_skew_overlap (278s)
[scffcm 123/240] cluster_skew_overlap (278s)
[scffcm 124/240] digits_pca32 (278s)
[scffcm 125/240] cluster_skew_overlap (278s)
[scffcm 126/240] cluster_skew_overlap (278s)
[scffcm 127/240] cluster_skew_overlap (278s)
[scffcm 128/240] cluster_skew_overlap (278s)
[scffcm 129/240] cluster_skew_overlap (278s)
[scffcm 130/240] cluster_skew_overlap (278s)
[scffcm 131/240] cluster_skew_overlap (279s)
[scffcm 132/240] cluster_skew_overlap (279s)
[scffcm 133/240] cluster_skew_overlap (279s)
[scffcm 134/240] cluster_skew_overlap (279s)
[scffcm 135/240] cluster_skew_overlap (279s)
[scffcm 136/240] cluster_skew_overlap (279s)
[scffcm 137/240] cluster_skew_overlap (279s)
[scffcm 138/240] cluster_skew_overlap (279s)
[scffcm 139/240] cluster_skew_overlap (279s)
[scffcm 140/240] cluster_skew_overlap (279s)
[scffcm 141/240] dirichlet_0.03 (280s)
[scffcm 142/240] dirichlet_0.03 (280s)
[scffcm 143/240] dirichlet_0.03 (280s)
[scffcm 144/240] dirichlet_0.03 (280s)
[scffcm 145/240] dirichlet_0.03 (280s)
[scffcm 146/240] dirichlet_0.03 (280s)
[scffcm 147/240] dirichlet_0.03 (280s)
[scffcm 148/240] dirichlet_0.03 (280s)
[scffcm 149/240] dirichlet_0.03 (280s)
[scffcm 150/240] dirichlet_0.03 (280s)
[scffcm 151/240] dirichlet_0.03 (281s)
[scffcm 152/240] dirichlet_0.03 (281s)
[scffcm 153/240] dirichlet_0.03 (281s)
[scffcm 154/240] dirichlet_0.03 (281s)
[scffcm 155/240] dirichlet_0.1 (281s)
[scffcm 156/240] dirichlet_0.03 (281s)
[scffcm 157/240] dirichlet_0.1 (281s)
[scffcm 158/240] dirichlet_0.03 (281s)
[scffcm 159/240] dirichlet_0.03 (281s)
[scffcm 160/240] dirichlet_0.03 (282s)
[scffcm 161/240] dirichlet_0.1 (282s)
[scffcm 162/240] dirichlet_0.1 (282s)
[scffcm 163/240] dirichlet_0.03 (282s)
[scffcm 164/240] dirichlet_0.03 (282s)
[scffcm 165/240] dirichlet_0.1 (282s)
[scffcm 166/240] dirichlet_0.1 (282s)
[scffcm 167/240] dirichlet_0.1 (282s)
[scffcm 168/240] dirichlet_0.1 (282s)
[scffcm 169/240] dirichlet_0.1 (282s)
[scffcm 170/240] dirichlet_0.1 (283s)
[scffcm 171/240] dirichlet_0.1 (283s)
[scffcm 172/240] dirichlet_0.1 (283s)
[scffcm 173/240] dirichlet_0.1 (283s)
[scffcm 174/240] dirichlet_0.1 (283s)
[scffcm 175/240] dirichlet_0.1 (283s)
[scffcm 176/240] dirichlet_0.1 (283s)
[scffcm 177/240] dirichlet_0.1 (283s)
[scffcm 178/240] dirichlet_0.1 (283s)
[scffcm 179/240] overlap_noise (283s)
[scffcm 180/240] overlap_noise (283s)
[scffcm 181/240] overlap_noise (283s)
[scffcm 182/240] overlap_noise (283s)
[scffcm 183/240] overlap_noise (283s)
[scffcm 184/240] overlap_noise (283s)
[scffcm 185/240] overlap_noise (283s)
[scffcm 186/240] overlap_noise (284s)
[scffcm 187/240] overlap_noise (284s)
[scffcm 188/240] dirichlet_0.1 (284s)
[scffcm 189/240] dirichlet_0.1 (284s)
[scffcm 190/240] overlap_noise (284s)
[scffcm 191/240] overlap_noise (284s)
[scffcm 192/240] overlap_noise (284s)
[scffcm 193/240] overlap_noise (284s)
[scffcm 194/240] overlap_noise (284s)
[scffcm 195/240] overlap_noise (284s)
[scffcm 196/240] overlap_noise (284s)
[scffcm 197/240] overlap_noise (284s)
[scffcm 198/240] overlap_noise (284s)
[scffcm 199/240] overlap_noise (284s)
[scffcm 200/240] quantity_skew_extreme (285s)
[scffcm 201/240] quantity_skew_extreme (285s)
[scffcm 202/240] quantity_skew_extreme (285s)
[scffcm 203/240] overlap_noise (285s)
[scffcm 204/240] quantity_skew_extreme (285s)
[scffcm 205/240] quantity_skew_extreme (285s)
[scffcm 206/240] quantity_skew_extreme (285s)
[scffcm 207/240] quantity_skew_extreme (285s)
[scffcm 208/240] quantity_skew_extreme (285s)
[scffcm 209/240] quantity_skew_extreme (285s)
[scffcm 210/240] quantity_skew_extreme (286s)
[scffcm 211/240] quantity_skew_extreme (286s)
[scffcm 212/240] quantity_skew_extreme (286s)
[scffcm 213/240] quantity_skew_extreme (286s)
[scffcm 214/240] wine (286s)
[scffcm 215/240] quantity_skew_extreme (286s)
[scffcm 216/240] wine (286s)
[scffcm 217/240] quantity_skew_extreme (286s)
[scffcm 218/240] wine (286s)
[scffcm 219/240] wine (286s)
[scffcm 220/240] quantity_skew_extreme (286s)
[scffcm 221/240] quantity_skew_extreme (286s)
[scffcm 222/240] quantity_skew_extreme (286s)
[scffcm 223/240] wine (286s)
[scffcm 224/240] wine (287s)
[scffcm 225/240] wine (287s)
[scffcm 226/240] wine (287s)
[scffcm 227/240] quantity_skew_extreme (287s)
[scffcm 228/240] wine (287s)
[scffcm 229/240] wine (287s)
[scffcm 230/240] wine (287s)
[scffcm 231/240] wine (287s)
[scffcm 232/240] wine (287s)
[scffcm 233/240] quantity_skew_extreme (287s)
[scffcm 234/240] wine (287s)
[scffcm 235/240] wine (287s)
[scffcm 236/240] wine (287s)
[scffcm 237/240] wine (287s)
[scffcm 238/240] wine (287s)
[scffcm 239/240] wine (287s)
[scffcm 240/240] wine (287s)
wrote 240 rows to /Users/chunmaojiang/Dropbox/项目申请-开会-出国-z研究生-评审论文和项目/项目申请2026/ffcm-fuzzysetandsystem/experiments/results/t10/scffcm_cal_L50_s00-19.csv in 287s
