[scffcm 1/280] mnist784_pca32 (50c) (12s)
[scffcm 2/280] mnist784_pca32 (50c) (12s)
[scffcm 3/280] mnist784_pca32 (50c) (12s)
[scffcm 4/280] mnist784_pca32 (50c) (12s)
[scffcm 5/280] mnist784_pca32 (50c) (12s)
[scffcm 6/280] mnist784_pca32 (50c) (12s)
[scffcm 7/280] mnist784_pca32 (50c) (12s)
[scffcm 8/280] mnist784_pca32 (50c) (12s)
[scffcm 9/280] mnist784_pca32 (50c) (12s)
[scffcm 10/280] mnist784_pca32 (50c) (12s)
[scffcm 11/280] mnist784_pca32 (50c) (12s)
[scffcm 12/280] mnist784_pca32 (50c) (12s)
[scffcm 13/280] mnist784_pca32 (20c) (19s)
[scffcm 14/280] mnist784_pca32 (20c) (19s)
[scffcm 15/280] mnist784_pca32 (20c) (19s)
[scffcm 16/280] mnist784_pca32 (20c) (19s)
[scffcm 17/280] mnist784_pca32 (50c) (21s)
[scffcm 18/280] mnist784_pca32 (50c) (21s)
[scffcm 19/280] mnist784_pca32 (50c) (21s)
[scffcm 20/280] mnist784_pca32 (50c) (21s)
[scffcm 21/280] mnist784_pca32 (50c) (21s)
[scffcm 22/280] mnist784_pca32 (50c) (21s)
[scffcm 23/280] mnist784_pca32 (50c) (21s)
[scffcm 24/280] mnist784_pca32 (50c) (22s)
[scffcm 25/280] mnist784_pca32 (20c) (25s)
[scffcm 26/280] mnist784_pca32 (20c) (25s)
[scffcm 27/280] mnist784_pca32 (20c) (25s)
[scffcm 28/280] mnist784_pca32 (20c) (25s)
[scffcm 29/280] mnist784_pca32 (20c) (27s)
[scffcm 30/280] mnist784_pca32 (20c) (28s)
[scffcm 31/280] mnist784_pca32 (20c) (28s)
[scffcm 32/280] mnist784_pca32 (20c) (28s)
[scffcm 33/280] mnist784_pca32 (20c) (28s)
[scffcm 34/280] mnist784_pca32 (20c) (28s)
[scffcm 35/280] mnist784_pca32 (20c) (28s)
[scffcm 36/280] mnist784_pca32 (20c) (28s)
[scffcm 37/280] letter (30s)
[scffcm 38/280] letter (30s)
[scffcm 39/280] letter (30s)
[scffcm 40/280] letter (30s)
[scffcm 41/280] letter (30s)
[scffcm 42/280] letter (30s)
[scffcm 43/280] letter (30s)
[scffcm 44/280] letter (31s)
[scffcm 45/280] mnist784_pca32 (20c) (31s)
[scffcm 46/280] mnist784_pca32 (20c) (31s)
[scffcm 47/280] mnist784_pca32 (20c) (32s)
[scffcm 48/280] mnist784_pca32 (20c) (32s)
[scffcm 49/280] letter (32s)
[scffcm 50/280] satimage (32s)
[scffcm 51/280] letter (32s)
[scffcm 52/280] letter (33s)
[scffcm 53/280] letter (33s)
[scffcm 54/280] letter (33s)
[scffcm 55/280] satimage (33s)
[scffcm 56/280] satimage (33s)
[scffcm 57/280] letter (33s)
[scffcm 58/280] letter (33s)
[scffcm 59/280] satimage (33s)
[scffcm 60/280] satimage (33s)
[scffcm 61/280] letter (33s)
[scffcm 62/280] satimage (33s)
[scffcm 63/280] satimage (33s)
[scffcm 64/280] satimage (33s)
[scffcm 65/280] satimage (33s)
[scffcm 66/280] satimage (33s)
[scffcm 67/280] satimage (33s)
[scffcm 68/280] satimage (33s)
[scffcm 69/280] satimage (34s)
[scffcm 70/280] satimage (34s)
[scffcm 71/280] satimage (34s)
[scffcm 72/280] letter (34s)
[scffcm 73/280] letter (34s)
[scffcm 74/280] satimage (34s)
[scffcm 75/280] satimage (34s)
[scffcm 76/280] satimage (34s)
[scffcm 77/280] satimage (34s)
[scffcm 78/280] satimage (34s)
[scffcm 79/280] letter (34s)
[scffcm 80/280] pendigits (34s)
[scffcm 81/280] pendigits (34s)
[scffcm 82/280] pendigits (34s)
[scffcm 83/280] letter (34s)
[scffcm 84/280] pendigits (34s)
[scffcm 85/280] pendigits (34s)
[scffcm 86/280] pendigits (34s)
[scffcm 87/280] pendigits (34s)
[scffcm 88/280] pendigits (34s)
[scffcm 89/280] pendigits (34s)
[scffcm 90/280] pendigits (34s)
[scffcm 91/280] digits_pca16 (34s)
[scffcm 92/280] digits_pca16 (34s)
[scffcm 93/280] digits_pca16 (34s)
[scffcm 94/280] pendigits (35s)
[scffcm 95/280] digits_pca16 (35s)
[scffcm 96/280] digits_pca16 (35s)
[scffcm 97/280] digits_pca16 (35s)
[scffcm 98/280] pendigits (35s)
[scffcm 99/280] pendigits (35s)
[scffcm 100/280] digits_pca16 (35s)
[scffcm 101/280] digits_pca16 (35s)
[scffcm 102/280] digits_pca16 (35s)
[scffcm 103/280] digits_pca16 (35s)
[scffcm 104/280] digits_pca16 (35s)
[scffcm 105/280] digits_pca16 (35s)
[scffcm 106/280] pendigits (35s)
[scffcm 107/280] pendigits (35s)
[scffcm 108/280] digits_pca16 (35s)
[scffcm 109/280] digits_pca16 (35s)
[scffcm 110/280] digits_pca16 (35s)
[scffcm 111/280] pendigits (35s)
[scffcm 112/280] pendigits (35s)
[scffcm 113/280] pendigits (35s)
[scffcm 114/280] digits_pca16 (35s)
[scffcm 115/280] digits_pca16 (35s)
[scffcm 116/280] digits_pca16 (35s)
[scffcm 117/280] digits_pca16 (35s)
[scffcm 118/280] digits_pca16 (35s)
[scffcm 119/280] pendigits (35s)
[scffcm 120/280] digits_pca32 (35s)
[scffcm 121/280] digits_pca32 (35s)
[scffcm 122/280] digits_pca32 (35s)
[scffcm 123/280] digits_pca32 (35s)
[scffcm 124/280] digits_pca32 (35s)
[scffcm 125/280] pendigits (35s)
[scffcm 126/280] digits_pca32 (35s)
[scffcm 127/280] digits_pca32 (35s)
[scffcm 128/280] digits_pca32 (35s)
[scffcm 129/280] digits_pca32 (35s)
[scffcm 130/280] digits_pca32 (35s)
[scffcm 131/280] cluster_skew_hard (35s)
[scffcm 132/280] cluster_skew_hard (35s)
[scffcm 133/280] cluster_skew_hard (35s)
[scffcm 134/280] cluster_skew_hard (35s)
[scffcm 135/280] cluster_skew_hard (35s)
[scffcm 136/280] cluster_skew_hard (35s)
[scffcm 137/280] digits_pca32 (35s)
[scffcm 138/280] cluster_skew_hard (35s)
[scffcm 139/280] cluster_skew_hard (35s)
[scffcm 140/280] digits_pca32 (35s)
[scffcm 141/280] cluster_skew_hard (35s)
[scffcm 142/280] cluster_skew_hard (35s)
[scffcm 143/280] digits_pca32 (35s)
[scffcm 144/280] digits_pca32 (35s)
[scffcm 145/280] cluster_skew_hard (35s)
[scffcm 146/280] cluster_skew_hard (35s)
[scffcm 147/280] cluster_skew_hard (35s)
[scffcm 148/280] digits_pca32 (35s)
[scffcm 149/280] cluster_skew_hard (35s)
[scffcm 150/280] cluster_skew_hard (35s)
[scffcm 151/280] cluster_skew_hard (35s)
[scffcm 152/280] cluster_skew_hard (35s)
[scffcm 153/280] digits_pca32 (35s)
[scffcm 154/280] cluster_skew_hard (35s)
[scffcm 155/280] cluster_skew_hard (35s)
[scffcm 156/280] digits_pca32 (35s)
[scffcm 157/280] digits_pca32 (35s)
[scffcm 158/280] cluster_skew_hard (35s)
[scffcm 159/280] cluster_skew_overlap (35s)
[scffcm 160/280] cluster_skew_overlap (35s)
[scffcm 161/280] cluster_skew_overlap (35s)
[scffcm 162/280] cluster_skew_overlap (35s)
[scffcm 163/280] cluster_skew_overlap (35s)
[scffcm 164/280] cluster_skew_overlap (35s)
[scffcm 165/280] cluster_skew_overlap (35s)
[scffcm 166/280] cluster_skew_overlap (35s)
[scffcm 167/280] cluster_skew_overlap (35s)
[scffcm 168/280] cluster_skew_overlap (35s)
[scffcm 169/280] cluster_skew_overlap (35s)
[scffcm 170/280] cluster_skew_overlap (35s)
[scffcm 171/280] cluster_skew_overlap (35s)
[scffcm 172/280] cluster_skew_overlap (35s)
[scffcm 173/280] cluster_skew_overlap (35s)
[scffcm 174/280] cluster_skew_overlap (35s)
[scffcm 175/280] cluster_skew_overlap (35s)
[scffcm 176/280] dirichlet_0.03 (35s)
[scffcm 177/280] cluster_skew_overlap (35s)
[scffcm 178/280] digits_pca32 (35s)
[scffcm 179/280] dirichlet_0.03 (35s)
[scffcm 180/280] cluster_skew_overlap (35s)
[scffcm 181/280] digits_pca32 (35s)
[scffcm 182/280] cluster_skew_overlap (35s)
[scffcm 183/280] dirichlet_0.03 (35s)
[scffcm 184/280] dirichlet_0.03 (35s)
[scffcm 185/280] dirichlet_0.03 (35s)
[scffcm 186/280] dirichlet_0.03 (35s)
[scffcm 187/280] dirichlet_0.03 (35s)
[scffcm 188/280] dirichlet_0.03 (35s)
[scffcm 189/280] dirichlet_0.03 (35s)
[scffcm 190/280] dirichlet_0.03 (35s)
[scffcm 191/280] dirichlet_0.03 (35s)
[scffcm 192/280] dirichlet_0.03 (35s)
[scffcm 193/280] dirichlet_0.03 (35s)
[scffcm 194/280] dirichlet_0.03 (35s)
[scffcm 195/280] dirichlet_0.1 (35s)
[scffcm 196/280] dirichlet_0.03 (35s)
[scffcm 197/280] dirichlet_0.1 (35s)
[scffcm 198/280] dirichlet_0.03 (35s)
[scffcm 199/280] dirichlet_0.03 (35s)
[scffcm 200/280] dirichlet_0.03 (35s)
[scffcm 201/280] dirichlet_0.03 (35s)
[scffcm 202/280] dirichlet_0.1 (35s)
[scffcm 203/280] dirichlet_0.1 (35s)
[scffcm 204/280] dirichlet_0.03 (35s)
[scffcm 205/280] dirichlet_0.1 (35s)
[scffcm 206/280] dirichlet_0.1 (35s)
[scffcm 207/280] dirichlet_0.1 (35s)
[scffcm 208/280] dirichlet_0.1 (35s)
[scffcm 209/280] dirichlet_0.1 (35s)
[scffcm 210/280] dirichlet_0.1 (35s)
[scffcm 211/280] dirichlet_0.1 (35s)
[scffcm 212/280] dirichlet_0.1 (35s)
[scffcm 213/280] dirichlet_0.1 (35s)
[scffcm 214/280] dirichlet_0.1 (35s)
[scffcm 215/280] dirichlet_0.1 (35s)
[scffcm 216/280] dirichlet_0.1 (35s)
[scffcm 217/280] dirichlet_0.1 (35s)
[scffcm 218/280] dirichlet_0.1 (35s)
[scffcm 219/280] overlap_noise (35s)
[scffcm 220/280] dirichlet_0.1 (35s)
[scffcm 221/280] overlap_noise (35s)
[scffcm 222/280] overlap_noise (35s)
[scffcm 223/280] overlap_noise (35s)
[scffcm 224/280] overlap_noise (35s)
[scffcm 225/280] overlap_noise (35s)
[scffcm 226/280] overlap_noise (35s)
[scffcm 227/280] dirichlet_0.1 (35s)
[scffcm 228/280] overlap_noise (35s)
[scffcm 229/280] overlap_noise (35s)
[scffcm 230/280] overlap_noise (35s)
[scffcm 231/280] overlap_noise (35s)
[scffcm 232/280] overlap_noise (35s)
[scffcm 233/280] overlap_noise (35s)
[scffcm 234/280] overlap_noise (35s)
[scffcm 235/280] overlap_noise (35s)
[scffcm 236/280] overlap_noise (35s)
[scffcm 237/280] overlap_noise (35s)
[scffcm 238/280] overlap_noise (35s)
[scffcm 239/280] overlap_noise (35s)
[scffcm 240/280] overlap_noise (35s)
[scffcm 241/280] quantity_skew_extreme (35s)
[scffcm 242/280] quantity_skew_extreme (35s)
[scffcm 243/280] quantity_skew_extreme (35s)
[scffcm 244/280] quantity_skew_extreme (35s)
[scffcm 245/280] quantity_skew_extreme (35s)
[scffcm 246/280] quantity_skew_extreme (35s)
[scffcm 247/280] quantity_skew_extreme (35s)
[scffcm 248/280] quantity_skew_extreme (35s)
[scffcm 249/280] quantity_skew_extreme (35s)
[scffcm 250/280] quantity_skew_extreme (35s)
[scffcm 251/280] quantity_skew_extreme (35s)
[scffcm 252/280] quantity_skew_extreme (35s)
[scffcm 253/280] quantity_skew_extreme (35s)
[scffcm 254/280] quantity_skew_extreme (35s)
[scffcm 255/280] quantity_skew_extreme (35s)
[scffcm 256/280] quantity_skew_extreme (35s)
[scffcm 257/280] wine (35s)
[scffcm 258/280] quantity_skew_extreme (35s)
[scffcm 259/280] quantity_skew_extreme (35s)
[scffcm 260/280] wine (35s)
[scffcm 261/280] wine (35s)
[scffcm 262/280] wine (35s)
[scffcm 263/280] wine (35s)
[scffcm 264/280] quantity_skew_extreme (35s)
[scffcm 265/280] wine (35s)
[scffcm 266/280] wine (35s)
[scffcm 267/280] wine (35s)
[scffcm 268/280] wine (35s)
[scffcm 269/280] wine (35s)
[scffcm 270/280] wine (35s)
[scffcm 271/280] wine (35s)
[scffcm 272/280] wine (35s)
[scffcm 273/280] wine (35s)
[scffcm 274/280] wine (35s)
[scffcm 275/280] wine (35s)
[scffcm 276/280] wine (35s)
[scffcm 277/280] quantity_skew_extreme (35s)
[scffcm 278/280] wine (35s)
[scffcm 279/280] wine (35s)
[scffcm 280/280] wine (35s)
wrote 280 rows to /Users/chunmaojiang/Dropbox/项目申请-开会-出国-z研究生-评审论文和项目/项目申请2026/ffcm-fuzzysetandsystem/experiments/results/t10/scffcm_cal_L1_s00-19.csv in 36s
