420 jobs to run
[1/420] eh ('mnist784_pca32 (50c)', 0, 'pre', 1) 96.1s (96s total)
[2/420] eh ('mnist784_pca32 (50c)', 1, 'pre', 1) 96.4s (97s total)
[3/420] eh ('mnist784_pca32 (50c)', 1, 'pre', 5) 238.9s (239s total)
[4/420] eh ('mnist784_pca32 (50c)', 0, 'post', 5) 239.0s (239s total)
[5/420] eh ('mnist784_pca32 (50c)', 0, 'pre', 5) 239.2s (239s total)
[6/420] eh ('mnist784_pca32 (50c)', 1, 'post', 5) 240.2s (240s total)
[7/420] eh ('mnist784_pca32 (50c)', 3, 'pre', 1) 103.6s (344s total)
[8/420] eh ('mnist784_pca32 (50c)', 2, 'post', 5) 251.0s (347s total)
[9/420] eh ('mnist784_pca32 (50c)', 2, 'pre', 5) 250.8s (347s total)
[10/420] eh ('mnist784_pca32 (50c)', 2, 'pre', 1) 125.3s (364s total)
[11/420] eh ('mnist784_pca32 (50c)', 4, 'pre', 1) 91.6s (439s total)
[12/420] eh ('mnist784_pca32 (50c)', 3, 'pre', 5) 224.4s (464s total)
[13/420] eh ('mnist784_pca32 (50c)', 3, 'post', 5) 228.7s (468s total)
[14/420] ei ('mnist784_pca32 (50c)', 0, 'pre', 'none', 1) 118.5s (483s total)
[15/420] eh ('mnist784_pca32 (50c)', 4, 'pre', 5) 195.5s (543s total)
[16/420] eh ('mnist784_pca32 (50c)', 4, 'post', 5) 199.4s (543s total)
[17/420] ei ('mnist784_pca32 (50c)', 0, 'pre', 'mass', 1) 110.8s (550s total)
[18/420] ei ('mnist784_pca32 (50c)', 1, 'pre', 'none', 1) 105.7s (574s total)
[19/420] ei ('mnist784_pca32 (50c)', 1, 'pre', 'mass', 1) 107.8s (591s total)
[20/420] ei ('mnist784_pca32 (50c)', 2, 'pre', 'none', 1) 90.4s (634s total)
[21/420] ei ('mnist784_pca32 (50c)', 2, 'pre', 'mass', 1) 90.7s (640s total)
[22/420] ei ('mnist784_pca32 (50c)', 3, 'pre', 'none', 1) 90.9s (682s total)
[23/420] ei ('mnist784_pca32 (50c)', 3, 'pre', 'mass', 1) 102.2s (736s total)
[24/420] ei ('mnist784_pca32 (50c)', 0, 'pre', 'none', 5) 285.5s (749s total)
[25/420] ei ('mnist784_pca32 (50c)', 4, 'pre', 'none', 1) 107.2s (789s total)
[26/420] ei ('mnist784_pca32 (50c)', 1, 'pre', 'none', 5) 275.1s (818s total)
[27/420] ei ('mnist784_pca32 (50c)', 4, 'pre', 'mass', 1) 99.1s (835s total)
[28/420] ei ('mnist784_pca32 (50c)', 2, 'pre', 'none', 5) 268.8s (842s total)
[29/420] eh ('mnist784_pca32 (20c)', 0, 'pre', 1) 39.2s (874s total)
[30/420] eh ('mnist784_pca32 (20c)', 0, 'post', 5) 88.8s (878s total)
[31/420] eh ('mnist784_pca32 (20c)', 0, 'pre', 5) 82.9s (901s total)
[32/420] eh ('mnist784_pca32 (20c)', 1, 'pre', 1) 35.8s (913s total)
[33/420] ei ('mnist784_pca32 (50c)', 3, 'pre', 'none', 5) 273.0s (913s total)
[34/420] eh ('mnist784_pca32 (20c)', 1, 'post', 5) 82.0s (924s total)
[35/420] eh ('mnist784_pca32 (20c)', 2, 'pre', 1) 36.9s (950s total)
[36/420] eh ('mnist784_pca32 (20c)', 1, 'pre', 5) 81.1s (955s total)
[37/420] eh ('mnist784_pca32 (20c)', 2, 'post', 5) 83.9s (985s total)
[38/420] eh ('mnist784_pca32 (20c)', 3, 'pre', 1) 39.4s (995s total)
[39/420] eh ('mnist784_pca32 (20c)', 2, 'pre', 5) 86.0s (999s total)
[40/420] ei ('mnist784_pca32 (50c)', 4, 'pre', 'none', 5) 251.5s (1001s total)
[41/420] eh ('mnist784_pca32 (20c)', 3, 'post', 5) 85.6s (1010s total)
[42/420] eh ('mnist784_pca32 (20c)', 3, 'pre', 5) 88.8s (1039s total)
[43/420] eh ('mnist784_pca32 (20c)', 4, 'pre', 1) 42.8s (1042s total)
[44/420] ei ('mnist784_pca32 (20c)', 0, 'pre', 'none', 1) 52.8s (1054s total)
[45/420] ei ('mnist784_pca32 (20c)', 0, 'pre', 'mass', 1) 55.3s (1065s total)
[46/420] eh ('mnist784_pca32 (20c)', 4, 'pre', 5) 95.3s (1090s total)
[47/420] ei ('mnist784_pca32 (20c)', 1, 'pre', 'none', 1) 53.0s (1095s total)
[48/420] eh ('mnist784_pca32 (20c)', 4, 'post', 5) 113.6s (1098s total)
[49/420] ei ('mnist784_pca32 (20c)', 1, 'pre', 'mass', 1) 55.0s (1108s total)
[50/420] ei ('mnist784_pca32 (20c)', 2, 'pre', 'none', 1) 52.9s (1143s total)
[51/420] ei ('mnist784_pca32 (20c)', 3, 'pre', 'none', 1) 54.3s (1163s total)
[52/420] ei ('mnist784_pca32 (20c)', 2, 'pre', 'mass', 1) 67.9s (1163s total)
[53/420] ei ('mnist784_pca32 (20c)', 0, 'pre', 'none', 5) 157.2s (1196s total)
[54/420] ei ('mnist784_pca32 (20c)', 3, 'pre', 'mass', 1) 55.8s (1199s total)
[55/420] ei ('mnist784_pca32 (20c)', 4, 'pre', 'none', 1) 57.3s (1220s total)
[56/420] ei ('mnist784_pca32 (20c)', 1, 'pre', 'none', 5) 160.0s (1225s total)
[57/420] ei ('mnist784_pca32 (20c)', 4, 'pre', 'mass', 1) 68.6s (1265s total)
[58/420] eh ('letter', 0, 'pre', 1) 34.0s (1299s total)
[59/420] ei ('mnist784_pca32 (20c)', 2, 'pre', 'none', 5) 204.5s (1303s total)
[60/420] eh ('letter', 0, 'post', 5) 86.8s (1307s total)
[61/420] eh ('letter', 0, 'pre', 5) 86.0s (1311s total)
[62/420] eh ('letter', 1, 'pre', 1) 44.8s (1352s total)
[63/420] ei ('mnist784_pca32 (20c)', 3, 'pre', 'none', 5) 193.4s (1356s total)
[64/420] eh ('letter', 1, 'post', 5) 84.9s (1384s total)
[65/420] eh ('letter', 1, 'pre', 5) 82.9s (1386s total)
[66/420] eh ('letter', 2, 'pre', 1) 33.1s (1389s total)
[67/420] eh ('letter', 2, 'post', 5) 82.8s (1394s total)
[68/420] ei ('mnist784_pca32 (20c)', 4, 'pre', 'none', 5) 196.7s (1396s total)
[69/420] eh ('letter', 3, 'pre', 1) 24.9s (1414s total)
[70/420] eh ('letter', 2, 'pre', 5) 64.7s (1417s total)
[71/420] eh ('letter', 4, 'pre', 1) 25.0s (1439s total)
[72/420] eh ('letter', 3, 'post', 5) 56.9s (1441s total)
[73/420] eh ('letter', 3, 'pre', 5) 55.4s (1441s total)
[74/420] ei ('letter', 0, 'pre', 'none', 1) 29.6s (1446s total)
[75/420] eh ('letter', 4, 'post', 5) 53.9s (1448s total)
[76/420] eh ('letter', 4, 'pre', 5) 54.8s (1450s total)
[77/420] ei ('letter', 0, 'pre', 'mass', 1) 30.5s (1470s total)
[78/420] ei ('letter', 1, 'pre', 'none', 1) 29.4s (1471s total)
[79/420] ei ('letter', 1, 'pre', 'mass', 1) 31.0s (1477s total)
[80/420] ei ('letter', 2, 'pre', 'none', 1) 29.8s (1480s total)
[81/420] ei ('letter', 2, 'pre', 'mass', 1) 30.1s (1500s total)
[82/420] ei ('letter', 3, 'pre', 'none', 1) 30.4s (1508s total)
[83/420] ei ('letter', 3, 'pre', 'mass', 1) 30.5s (1511s total)
[84/420] ei ('letter', 0, 'pre', 'none', 5) 91.8s (1533s total)
[85/420] ei ('letter', 4, 'pre', 'none', 1) 29.8s (1537s total)
[86/420] ei ('letter', 1, 'pre', 'none', 5) 89.8s (1538s total)
[87/420] ei ('letter', 4, 'pre', 'mass', 1) 30.1s (1541s total)
[88/420] eh ('satimage', 0, 'pre', 1) 3.7s (1545s total)
[89/420] eh ('satimage', 0, 'pre', 5) 8.1s (1546s total)
[90/420] eh ('satimage', 0, 'post', 5) 8.7s (1546s total)
[91/420] eh ('satimage', 1, 'pre', 1) 3.5s (1550s total)
[92/420] eh ('satimage', 1, 'post', 5) 8.1s (1553s total)
[93/420] eh ('satimage', 1, 'pre', 5) 7.8s (1554s total)
[94/420] eh ('satimage', 2, 'pre', 1) 3.6s (1557s total)
[95/420] eh ('satimage', 2, 'post', 5) 8.5s (1558s total)
[96/420] ei ('letter', 2, 'pre', 'none', 5) 88.4s (1559s total)
[97/420] eh ('satimage', 2, 'pre', 5) 8.2s (1561s total)
[98/420] eh ('satimage', 3, 'pre', 1) 3.2s (1562s total)
[99/420] eh ('satimage', 3, 'post', 5) 7.8s (1565s total)
[100/420] eh ('satimage', 3, 'pre', 5) 7.8s (1566s total)
[101/420] eh ('satimage', 4, 'pre', 1) 3.4s (1568s total)
[102/420] eh ('satimage', 4, 'post', 5) 8.1s (1569s total)
[103/420] eh ('satimage', 4, 'pre', 5) 7.7s (1570s total)
[104/420] ei ('satimage', 0, 'pre', 'none', 1) 4.9s (1571s total)
[105/420] ei ('satimage', 0, 'pre', 'mass', 1) 5.1s (1574s total)
[106/420] ei ('satimage', 1, 'pre', 'none', 1) 4.8s (1575s total)
[107/420] ei ('satimage', 1, 'pre', 'mass', 1) 5.0s (1576s total)
[108/420] ei ('satimage', 2, 'pre', 'none', 1) 4.2s (1579s total)
[109/420] ei ('satimage', 2, 'pre', 'mass', 1) 4.5s (1580s total)
[110/420] ei ('satimage', 0, 'pre', 'none', 5) 14.6s (1584s total)
[111/420] ei ('satimage', 3, 'pre', 'none', 1) 4.5s (1585s total)
[112/420] ei ('satimage', 1, 'pre', 'none', 5) 13.3s (1587s total)
[113/420] ei ('satimage', 3, 'pre', 'mass', 1) 4.5s (1588s total)
[114/420] ei ('letter', 3, 'pre', 'none', 5) 88.8s (1589s total)
[115/420] ei ('satimage', 4, 'pre', 'none', 1) 4.4s (1591s total)
[116/420] ei ('satimage', 2, 'pre', 'none', 5) 12.9s (1592s total)
[117/420] ei ('satimage', 4, 'pre', 'mass', 1) 4.5s (1593s total)
[118/420] ei ('satimage', 3, 'pre', 'none', 5) 13.0s (1598s total)
[119/420] eh ('pendigits', 0, 'pre', 1) 5.8s (1598s total)
[120/420] ei ('satimage', 4, 'pre', 'none', 5) 13.2s (1602s total)
[121/420] eh ('pendigits', 0, 'post', 5) 12.4s (1604s total)
[122/420] eh ('pendigits', 0, 'pre', 5) 12.2s (1604s total)
[123/420] eh ('pendigits', 1, 'pre', 1) 5.9s (1608s total)
[124/420] eh ('pendigits', 1, 'post', 5) 12.9s (1611s total)
[125/420] eh ('pendigits', 1, 'pre', 5) 12.7s (1611s total)
[126/420] eh ('pendigits', 2, 'pre', 1) 6.4s (1614s total)
[127/420] eh ('pendigits', 2, 'post', 5) 13.9s (1618s total)
[128/420] eh ('pendigits', 2, 'pre', 5) 13.6s (1618s total)
[129/420] ei ('letter', 4, 'pre', 'none', 5) 89.3s (1622s total)
[130/420] eh ('pendigits', 3, 'pre', 1) 8.1s (1622s total)
[131/420] eh ('pendigits', 3, 'post', 5) 16.6s (1627s total)
[132/420] eh ('pendigits', 3, 'pre', 5) 17.2s (1628s total)
[133/420] eh ('pendigits', 4, 'pre', 1) 8.0s (1630s total)
[134/420] ei ('pendigits', 0, 'pre', 'none', 1) 8.8s (1631s total)
[135/420] eh ('pendigits', 4, 'post', 5) 16.8s (1634s total)
[136/420] eh ('pendigits', 4, 'pre', 5) 16.8s (1635s total)
[137/420] ei ('pendigits', 0, 'pre', 'mass', 1) 9.3s (1637s total)
[138/420] ei ('pendigits', 1, 'pre', 'none', 1) 8.6s (1638s total)
[139/420] ei ('pendigits', 1, 'pre', 'mass', 1) 8.9s (1640s total)
[140/420] ei ('pendigits', 2, 'pre', 'none', 1) 7.9s (1642s total)
[141/420] ei ('pendigits', 2, 'pre', 'mass', 1) 10.1s (1647s total)
[142/420] ei ('pendigits', 3, 'pre', 'none', 1) 11.9s (1652s total)
[143/420] ei ('pendigits', 3, 'pre', 'mass', 1) 11.6s (1654s total)
[144/420] ei ('pendigits', 0, 'pre', 'none', 5) 33.3s (1662s total)
[145/420] ei ('pendigits', 4, 'pre', 'none', 1) 13.3s (1665s total)
[146/420] ei ('pendigits', 4, 'pre', 'mass', 1) 12.1s (1666s total)
[147/420] eh ('cluster_skew_hard', 0, 'post', 5) 2.0s (1667s total)
[148/420] ei ('pendigits', 1, 'pre', 'none', 5) 33.3s (1668s total)
[149/420] eh ('cluster_skew_hard', 0, 'pre', 5) 1.9s (1668s total)
[150/420] eh ('cluster_skew_hard', 0, 'pre', 1) 1.3s (1668s total)
[151/420] eh ('cluster_skew_hard', 1, 'post', 5) 2.0s (1670s total)
[152/420] eh ('cluster_skew_hard', 1, 'pre', 5) 2.0s (1670s total)
[153/420] eh ('cluster_skew_hard', 1, 'pre', 1) 2.0s (1670s total)
[154/420] eh ('cluster_skew_hard', 2, 'post', 5) 2.3s (1672s total)
[155/420] eh ('cluster_skew_hard', 2, 'pre', 5) 2.3s (1672s total)
[156/420] eh ('cluster_skew_hard', 2, 'pre', 1) 2.0s (1672s total)
[157/420] eh ('cluster_skew_hard', 3, 'post', 5) 1.8s (1674s total)
[158/420] eh ('cluster_skew_hard', 3, 'pre', 1) 1.6s (1674s total)
[159/420] eh ('cluster_skew_hard', 3, 'pre', 5) 1.8s (1674s total)
[160/420] ei ('pendigits', 2, 'pre', 'none', 5) 36.4s (1675s total)
[161/420] eh ('cluster_skew_hard', 4, 'pre', 1) 1.2s (1675s total)
[162/420] eh ('cluster_skew_hard', 4, 'post', 5) 1.7s (1675s total)
[163/420] eh ('cluster_skew_hard', 4, 'pre', 5) 1.8s (1676s total)
[164/420] eh ('cluster_skew_overlap', 0, 'post', 5) 1.7s (1677s total)
[165/420] eh ('cluster_skew_overlap', 0, 'pre', 1) 1.4s (1677s total)
[166/420] eh ('cluster_skew_overlap', 0, 'pre', 5) 2.2s (1678s total)
[167/420] eh ('cluster_skew_overlap', 1, 'post', 5) 2.3s (1678s total)
[168/420] eh ('cluster_skew_overlap', 1, 'pre', 1) 1.5s (1678s total)
[169/420] eh ('cluster_skew_overlap', 1, 'pre', 5) 2.1s (1679s total)
[170/420] eh ('cluster_skew_overlap', 2, 'pre', 1) 1.3s (1680s total)
[171/420] eh ('cluster_skew_overlap', 2, 'post', 5) 2.1s (1680s total)
[172/420] eh ('cluster_skew_overlap', 2, 'pre', 5) 2.0s (1680s total)
[173/420] eh ('cluster_skew_overlap', 3, 'post', 5) 1.7s (1680s total)
[174/420] eh ('cluster_skew_overlap', 3, 'pre', 1) 1.3s (1681s total)
[175/420] eh ('cluster_skew_overlap', 3, 'pre', 5) 1.5s (1681s total)
[176/420] eh ('cluster_skew_overlap', 4, 'pre', 5) 1.5s (1682s total)
[177/420] eh ('cluster_skew_overlap', 4, 'post', 5) 1.7s (1682s total)
[178/420] ei ('pendigits', 3, 'pre', 'none', 5) 35.3s (1682s total)
[179/420] eh ('cluster_skew_overlap', 4, 'pre', 1) 1.3s (1682s total)
[180/420] eh ('dirichlet_0.03', 0, 'post', 5) 1.5s (1683s total)
[181/420] eh ('dirichlet_0.03', 0, 'pre', 1) 1.2s (1683s total)
[182/420] eh ('dirichlet_0.03', 0, 'pre', 5) 1.5s (1683s total)
[183/420] eh ('dirichlet_0.03', 1, 'post', 5) 1.4s (1683s total)
[184/420] eh ('dirichlet_0.03', 1, 'pre', 1) 1.2s (1684s total)
[185/420] eh ('dirichlet_0.03', 1, 'pre', 5) 1.8s (1684s total)
[186/420] eh ('dirichlet_0.03', 2, 'pre', 1) 1.3s (1685s total)
[187/420] eh ('dirichlet_0.03', 2, 'pre', 5) 1.6s (1685s total)
[188/420] eh ('dirichlet_0.03', 2, 'post', 5) 1.9s (1685s total)
[189/420] eh ('dirichlet_0.03', 3, 'post', 5) 1.7s (1685s total)
[190/420] eh ('dirichlet_0.03', 3, 'pre', 5) 1.6s (1686s total)
[191/420] eh ('dirichlet_0.03', 3, 'pre', 1) 1.1s (1686s total)
[192/420] eh ('dirichlet_0.03', 4, 'post', 5) 1.4s (1686s total)
[193/420] eh ('dirichlet_0.03', 4, 'pre', 1) 1.0s (1687s total)
[194/420] eh ('dirichlet_0.03', 4, 'pre', 5) 1.4s (1687s total)
[195/420] eh ('dirichlet_0.1', 0, 'post', 5) 1.5s (1687s total)
[196/420] eh ('dirichlet_0.1', 0, 'pre', 5) 1.5s (1687s total)
[197/420] eh ('dirichlet_0.1', 0, 'pre', 1) 1.0s (1687s total)
[198/420] eh ('dirichlet_0.1', 1, 'post', 5) 1.4s (1688s total)
[199/420] eh ('dirichlet_0.1', 1, 'pre', 5) 1.5s (1688s total)
[200/420] eh ('dirichlet_0.1', 1, 'pre', 1) 1.0s (1688s total)
[201/420] eh ('dirichlet_0.1', 2, 'pre', 5) 1.5s (1689s total)
[202/420] eh ('dirichlet_0.1', 2, 'post', 5) 1.5s (1689s total)
[203/420] eh ('dirichlet_0.1', 2, 'pre', 1) 1.1s (1689s total)
[204/420] eh ('dirichlet_0.1', 3, 'post', 5) 1.5s (1690s total)
[205/420] eh ('dirichlet_0.1', 3, 'pre', 5) 1.6s (1690s total)
[206/420] eh ('dirichlet_0.1', 3, 'pre', 1) 1.2s (1690s total)
[207/420] eh ('dirichlet_0.1', 4, 'post', 5) 1.8s (1691s total)
[208/420] ei ('pendigits', 4, 'pre', 'none', 5) 29.3s (1691s total)
[209/420] eh ('dirichlet_0.1', 4, 'pre', 1) 1.4s (1691s total)
[210/420] eh ('dirichlet_0.1', 4, 'pre', 5) 1.8s (1691s total)
[211/420] eh ('overlap_noise', 0, 'post', 5) 2.0s (1692s total)
[212/420] eh ('overlap_noise', 0, 'pre', 5) 2.0s (1692s total)
[213/420] eh ('overlap_noise', 0, 'pre', 1) 1.6s (1692s total)
[214/420] eh ('overlap_noise', 1, 'pre', 1) 1.6s (1692s total)
[215/420] eh ('overlap_noise', 1, 'post', 5) 1.7s (1693s total)
[216/420] eh ('overlap_noise', 1, 'pre', 5) 2.1s (1693s total)
[217/420] eh ('overlap_noise', 2, 'pre', 1) 1.4s (1694s total)
[218/420] eh ('overlap_noise', 2, 'post', 5) 2.1s (1694s total)
[219/420] eh ('overlap_noise', 2, 'pre', 5) 2.0s (1694s total)
[220/420] eh ('overlap_noise', 3, 'pre', 5) 1.7s (1694s total)
[221/420] eh ('overlap_noise', 3, 'pre', 1) 1.3s (1694s total)
[222/420] eh ('overlap_noise', 3, 'post', 5) 1.9s (1694s total)
[223/420] eh ('overlap_noise', 4, 'pre', 1) 1.2s (1695s total)
[224/420] eh ('overlap_noise', 4, 'post', 5) 1.7s (1695s total)
[225/420] eh ('overlap_noise', 4, 'pre', 5) 1.7s (1696s total)
[226/420] eh ('quantity_skew_extreme', 0, 'pre', 1) 1.2s (1696s total)
[227/420] eh ('quantity_skew_extreme', 0, 'post', 5) 1.7s (1696s total)
[228/420] eh ('quantity_skew_extreme', 0, 'pre', 5) 2.0s (1696s total)
[229/420] eh ('quantity_skew_extreme', 1, 'pre', 1) 1.4s (1697s total)
[230/420] eh ('quantity_skew_extreme', 1, 'post', 5) 2.1s (1697s total)
[231/420] eh ('quantity_skew_extreme', 2, 'pre', 5) 1.7s (1698s total)
[232/420] eh ('quantity_skew_extreme', 1, 'pre', 5) 2.3s (1698s total)
[233/420] eh ('quantity_skew_extreme', 2, 'post', 5) 2.1s (1698s total)
[234/420] eh ('quantity_skew_extreme', 2, 'pre', 1) 1.5s (1698s total)
[235/420] eh ('quantity_skew_extreme', 3, 'pre', 1) 1.1s (1699s total)
[236/420] eh ('quantity_skew_extreme', 3, 'post', 5) 1.9s (1699s total)
[237/420] eh ('quantity_skew_extreme', 4, 'pre', 1) 1.2s (1699s total)
[238/420] eh ('quantity_skew_extreme', 3, 'pre', 5) 1.9s (1699s total)
[239/420] eh ('wine', 0, 'pre', 5) 0.7s (1699s total)
[240/420] eh ('wine', 0, 'post', 5) 0.7s (1699s total)
[241/420] eh ('quantity_skew_extreme', 4, 'pre', 5) 1.8s (1699s total)
[242/420] eh ('quantity_skew_extreme', 4, 'post', 5) 1.8s (1700s total)
[243/420] eh ('wine', 0, 'pre', 1) 0.6s (1700s total)
[244/420] eh ('wine', 1, 'post', 5) 0.8s (1700s total)
[245/420] eh ('wine', 1, 'pre', 1) 0.6s (1700s total)
[246/420] eh ('wine', 1, 'pre', 5) 0.8s (1700s total)
[247/420] eh ('wine', 2, 'pre', 1) 0.6s (1700s total)
[248/420] eh ('wine', 2, 'post', 5) 0.8s (1700s total)
[249/420] eh ('wine', 2, 'pre', 5) 0.8s (1700s total)
[250/420] eh ('wine', 3, 'post', 5) 0.8s (1701s total)
[251/420] eh ('wine', 3, 'pre', 1) 0.6s (1701s total)
[252/420] eh ('wine', 3, 'pre', 5) 0.8s (1701s total)
[253/420] eh ('wine', 4, 'pre', 1) 0.6s (1701s total)
[254/420] eh ('wine', 4, 'post', 5) 0.8s (1701s total)
[255/420] eh ('wine', 4, 'pre', 5) 0.8s (1701s total)
[256/420] eh ('digits_pca16', 0, 'pre', 1) 3.1s (1704s total)
[257/420] eh ('digits_pca16', 1, 'pre', 1) 2.9s (1704s total)
[258/420] eh ('digits_pca16', 0, 'pre', 5) 4.6s (1706s total)
[259/420] eh ('digits_pca16', 0, 'post', 5) 5.6s (1706s total)
[260/420] eh ('digits_pca16', 1, 'pre', 5) 5.4s (1706s total)
[261/420] eh ('digits_pca16', 1, 'post', 5) 5.6s (1707s total)
[262/420] eh ('digits_pca16', 2, 'pre', 1) 2.7s (1708s total)
[263/420] eh ('digits_pca16', 2, 'pre', 5) 5.4s (1709s total)
[264/420] eh ('digits_pca16', 2, 'post', 5) 5.7s (1710s total)
[265/420] eh ('digits_pca16', 3, 'pre', 1) 3.3s (1710s total)
[266/420] eh ('digits_pca16', 3, 'pre', 5) 5.6s (1712s total)
[267/420] eh ('digits_pca16', 3, 'post', 5) 5.7s (1712s total)
[268/420] eh ('digits_pca16', 4, 'pre', 1) 3.2s (1713s total)
[269/420] eh ('digits_pca16', 4, 'post', 5) 4.7s (1713s total)
[270/420] eh ('digits_pca16', 4, 'pre', 5) 5.1s (1715s total)
[271/420] eh ('digits_pca32', 0, 'pre', 1) 4.0s (1716s total)
[272/420] eh ('digits_pca32', 1, 'pre', 1) 3.6s (1718s total)
[273/420] eh ('digits_pca32', 0, 'post', 5) 8.4s (1718s total)
[274/420] eh ('digits_pca32', 1, 'pre', 5) 6.8s (1720s total)
[275/420] eh ('digits_pca32', 0, 'pre', 5) 9.8s (1722s total)
[276/420] eh ('digits_pca32', 2, 'pre', 1) 4.9s (1723s total)
[277/420] eh ('digits_pca32', 1, 'post', 5) 10.3s (1723s total)
[278/420] eh ('digits_pca32', 2, 'pre', 5) 8.1s (1726s total)
[279/420] eh ('digits_pca32', 2, 'post', 5) 11.0s (1727s total)
[280/420] eh ('digits_pca32', 3, 'pre', 1) 5.3s (1729s total)
[281/420] eh ('digits_pca32', 3, 'post', 5) 9.1s (1729s total)
[282/420] ei ('cluster_skew_hard', 0, 'pre', 'none', 1) 0.7s (1729s total)
[283/420] ei ('cluster_skew_hard', 0, 'pre', 'mass', 1) 0.7s (1730s total)
[284/420] ei ('cluster_skew_hard', 1, 'pre', 'none', 1) 0.7s (1730s total)
[285/420] ei ('cluster_skew_hard', 1, 'pre', 'mass', 1) 0.5s (1731s total)
[286/420] ei ('cluster_skew_hard', 0, 'pre', 'none', 5) 1.9s (1731s total)
[287/420] ei ('cluster_skew_hard', 2, 'pre', 'none', 1) 0.5s (1732s total)
[288/420] ei ('cluster_skew_hard', 2, 'pre', 'mass', 1) 0.7s (1732s total)
[289/420] eh ('digits_pca32', 4, 'pre', 1) 5.4s (1733s total)
[290/420] ei ('cluster_skew_hard', 1, 'pre', 'none', 5) 1.8s (1733s total)
[291/420] eh ('digits_pca32', 3, 'pre', 5) 11.3s (1733s total)
[292/420] ei ('cluster_skew_hard', 3, 'pre', 'none', 1) 0.6s (1733s total)
[293/420] ei ('cluster_skew_hard', 3, 'pre', 'mass', 1) 0.6s (1733s total)
[294/420] ei ('cluster_skew_hard', 4, 'pre', 'none', 1) 0.6s (1734s total)
[295/420] ei ('cluster_skew_hard', 4, 'pre', 'mass', 1) 0.7s (1734s total)
[296/420] ei ('cluster_skew_hard', 2, 'pre', 'none', 5) 1.8s (1734s total)
[297/420] ei ('cluster_skew_overlap', 0, 'pre', 'none', 1) 0.5s (1734s total)
[298/420] ei ('cluster_skew_overlap', 0, 'pre', 'mass', 1) 0.5s (1735s total)
[299/420] ei ('cluster_skew_hard', 3, 'pre', 'none', 5) 1.7s (1735s total)
[300/420] eh ('digits_pca32', 4, 'post', 5) 11.6s (1735s total)
[301/420] ei ('cluster_skew_overlap', 1, 'pre', 'none', 1) 0.5s (1735s total)
[302/420] ei ('cluster_skew_hard', 4, 'pre', 'none', 5) 1.5s (1735s total)
[303/420] ei ('cluster_skew_overlap', 1, 'pre', 'mass', 1) 0.5s (1735s total)
[304/420] ei ('cluster_skew_overlap', 2, 'pre', 'none', 1) 0.5s (1736s total)
[305/420] ei ('cluster_skew_overlap', 2, 'pre', 'mass', 1) 0.5s (1736s total)
[306/420] ei ('cluster_skew_overlap', 0, 'pre', 'none', 5) 1.5s (1736s total)
[307/420] ei ('cluster_skew_overlap', 3, 'pre', 'none', 1) 0.5s (1736s total)
[308/420] ei ('cluster_skew_overlap', 3, 'pre', 'mass', 1) 0.6s (1736s total)
[309/420] ei ('cluster_skew_overlap', 1, 'pre', 'none', 5) 1.7s (1737s total)
[310/420] ei ('cluster_skew_overlap', 4, 'pre', 'none', 1) 0.5s (1737s total)
[311/420] ei ('cluster_skew_overlap', 4, 'pre', 'mass', 1) 0.6s (1737s total)
[312/420] ei ('cluster_skew_overlap', 2, 'pre', 'none', 5) 1.7s (1737s total)
[313/420] eh ('digits_pca32', 4, 'pre', 5) 10.8s (1737s total)
[314/420] ei ('dirichlet_0.03', 0, 'pre', 'none', 1) 0.6s (1737s total)
[315/420] ei ('cluster_skew_overlap', 3, 'pre', 'none', 5) 1.7s (1737s total)
[316/420] ei ('dirichlet_0.03', 0, 'pre', 'mass', 1) 0.6s (1738s total)
[317/420] ei ('dirichlet_0.03', 1, 'pre', 'none', 1) 0.5s (1738s total)
[318/420] ei ('dirichlet_0.03', 1, 'pre', 'mass', 1) 0.6s (1738s total)
[319/420] ei ('dirichlet_0.03', 2, 'pre', 'none', 1) 0.6s (1738s total)
[320/420] ei ('cluster_skew_overlap', 4, 'pre', 'none', 5) 1.6s (1738s total)
[321/420] ei ('dirichlet_0.03', 2, 'pre', 'mass', 1) 0.5s (1738s total)
[322/420] ei ('dirichlet_0.03', 3, 'pre', 'none', 1) 0.5s (1739s total)
[323/420] ei ('dirichlet_0.03', 0, 'pre', 'none', 5) 1.6s (1739s total)
[324/420] ei ('dirichlet_0.03', 3, 'pre', 'mass', 1) 0.5s (1739s total)
[325/420] ei ('dirichlet_0.03', 4, 'pre', 'none', 1) 0.5s (1739s total)
[326/420] ei ('dirichlet_0.03', 4, 'pre', 'mass', 1) 0.5s (1739s total)
[327/420] ei ('dirichlet_0.03', 1, 'pre', 'none', 5) 1.6s (1739s total)
[328/420] ei ('dirichlet_0.03', 2, 'pre', 'none', 5) 1.5s (1739s total)
[329/420] ei ('dirichlet_0.1', 0, 'pre', 'none', 1) 0.5s (1740s total)
[330/420] ei ('dirichlet_0.1', 0, 'pre', 'mass', 1) 0.5s (1740s total)
[331/420] ei ('dirichlet_0.03', 3, 'pre', 'none', 5) 1.5s (1740s total)
[332/420] ei ('dirichlet_0.1', 1, 'pre', 'none', 1) 0.5s (1740s total)
[333/420] ei ('dirichlet_0.1', 1, 'pre', 'mass', 1) 0.5s (1740s total)
[334/420] ei ('dirichlet_0.03', 4, 'pre', 'none', 5) 1.4s (1740s total)
[335/420] ei ('dirichlet_0.1', 2, 'pre', 'none', 1) 0.5s (1740s total)
[336/420] ei ('dirichlet_0.1', 2, 'pre', 'mass', 1) 0.5s (1740s total)
[337/420] ei ('dirichlet_0.1', 3, 'pre', 'none', 1) 0.5s (1741s total)
[338/420] ei ('dirichlet_0.1', 0, 'pre', 'none', 5) 1.5s (1741s total)
[339/420] ei ('dirichlet_0.1', 3, 'pre', 'mass', 1) 0.5s (1741s total)
[340/420] ei ('dirichlet_0.1', 4, 'pre', 'none', 1) 0.5s (1741s total)
[341/420] ei ('dirichlet_0.1', 4, 'pre', 'mass', 1) 0.5s (1741s total)
[342/420] ei ('dirichlet_0.1', 1, 'pre', 'none', 5) 1.5s (1741s total)
[343/420] ei ('overlap_noise', 0, 'pre', 'none', 1) 0.4s (1741s total)
[344/420] ei ('dirichlet_0.1', 2, 'pre', 'none', 5) 1.5s (1742s total)
[345/420] ei ('overlap_noise', 0, 'pre', 'mass', 1) 0.4s (1742s total)
[346/420] ei ('dirichlet_0.1', 3, 'pre', 'none', 5) 1.5s (1742s total)
[347/420] ei ('overlap_noise', 1, 'pre', 'none', 1) 0.6s (1742s total)
[348/420] ei ('overlap_noise', 1, 'pre', 'mass', 1) 0.6s (1742s total)
[349/420] ei ('dirichlet_0.1', 4, 'pre', 'none', 5) 1.5s (1742s total)
[350/420] ei ('overlap_noise', 2, 'pre', 'none', 1) 0.5s (1742s total)
[351/420] ei ('overlap_noise', 2, 'pre', 'mass', 1) 0.5s (1743s total)
[352/420] ei ('overlap_noise', 0, 'pre', 'none', 5) 1.5s (1743s total)
[353/420] ei ('overlap_noise', 3, 'pre', 'none', 1) 0.5s (1743s total)
[354/420] ei ('overlap_noise', 3, 'pre', 'mass', 1) 0.5s (1743s total)
[355/420] ei ('overlap_noise', 4, 'pre', 'none', 1) 0.5s (1743s total)
[356/420] ei ('overlap_noise', 1, 'pre', 'none', 5) 1.6s (1743s total)
[357/420] ei ('overlap_noise', 4, 'pre', 'mass', 1) 0.5s (1743s total)
[358/420] ei ('overlap_noise', 2, 'pre', 'none', 5) 1.5s (1744s total)
[359/420] ei ('quantity_skew_extreme', 0, 'pre', 'mass', 1) 0.6s (1744s total)
[360/420] ei ('quantity_skew_extreme', 0, 'pre', 'none', 1) 0.7s (1744s total)
[361/420] ei ('overlap_noise', 3, 'pre', 'none', 5) 1.4s (1744s total)
[362/420] ei ('quantity_skew_extreme', 1, 'pre', 'none', 1) 0.6s (1744s total)
[363/420] ei ('quantity_skew_extreme', 1, 'pre', 'mass', 1) 0.6s (1744s total)
[364/420] ei ('overlap_noise', 4, 'pre', 'none', 5) 1.4s (1744s total)
[365/420] ei ('quantity_skew_extreme', 2, 'pre', 'none', 1) 0.6s (1745s total)
[366/420] ei ('quantity_skew_extreme', 2, 'pre', 'mass', 1) 0.7s (1745s total)
[367/420] ei ('quantity_skew_extreme', 0, 'pre', 'none', 5) 1.8s (1745s total)
[368/420] ei ('quantity_skew_extreme', 3, 'pre', 'none', 1) 0.7s (1745s total)
[369/420] ei ('quantity_skew_extreme', 3, 'pre', 'mass', 1) 0.7s (1745s total)
[370/420] ei ('quantity_skew_extreme', 4, 'pre', 'none', 1) 0.6s (1746s total)
[371/420] ei ('quantity_skew_extreme', 4, 'pre', 'mass', 1) 0.7s (1746s total)
[372/420] ei ('wine', 0, 'pre', 'none', 1) 0.2s (1746s total)
[373/420] ei ('quantity_skew_extreme', 1, 'pre', 'none', 5) 2.0s (1746s total)
[374/420] ei ('wine', 0, 'pre', 'mass', 1) 0.2s (1746s total)
[375/420] ei ('wine', 1, 'pre', 'none', 1) 0.2s (1746s total)
[376/420] ei ('quantity_skew_extreme', 2, 'pre', 'none', 5) 1.8s (1746s total)
[377/420] ei ('wine', 1, 'pre', 'mass', 1) 0.2s (1746s total)
[378/420] ei ('wine', 0, 'pre', 'none', 5) 0.5s (1746s total)
[379/420] ei ('wine', 2, 'pre', 'none', 1) 0.2s (1746s total)
[380/420] ei ('wine', 2, 'pre', 'mass', 1) 0.2s (1746s total)
[381/420] ei ('wine', 3, 'pre', 'none', 1) 0.2s (1747s total)
[382/420] ei ('wine', 1, 'pre', 'none', 5) 0.6s (1747s total)
[383/420] ei ('wine', 3, 'pre', 'mass', 1) 0.2s (1747s total)
[384/420] ei ('wine', 4, 'pre', 'none', 1) 0.2s (1747s total)
[385/420] ei ('wine', 4, 'pre', 'mass', 1) 0.2s (1747s total)
[386/420] ei ('wine', 2, 'pre', 'none', 5) 0.6s (1747s total)
[387/420] ei ('quantity_skew_extreme', 3, 'pre', 'none', 5) 2.1s (1747s total)
[388/420] ei ('wine', 3, 'pre', 'none', 5) 0.6s (1747s total)
[389/420] ei ('wine', 4, 'pre', 'none', 5) 0.6s (1747s total)
[390/420] ei ('quantity_skew_extreme', 4, 'pre', 'none', 5) 2.4s (1748s total)
[391/420] ei ('digits_pca16', 1, 'pre', 'none', 1) 2.3s (1750s total)
[392/420] ei ('digits_pca16', 0, 'pre', 'mass', 1) 2.7s (1750s total)
[393/420] ei ('digits_pca16', 0, 'pre', 'none', 1) 3.3s (1750s total)
[394/420] ei ('digits_pca16', 1, 'pre', 'mass', 1) 3.3s (1751s total)
[395/420] ei ('digits_pca16', 2, 'pre', 'none', 1) 2.4s (1752s total)
[396/420] ei ('digits_pca16', 2, 'pre', 'mass', 1) 2.9s (1753s total)
[397/420] ei ('digits_pca16', 3, 'pre', 'none', 1) 3.3s (1754s total)
[398/420] ei ('digits_pca16', 3, 'pre', 'mass', 1) 2.2s (1754s total)
[399/420] ei ('digits_pca16', 0, 'pre', 'none', 5) 8.6s (1756s total)
[400/420] ei ('digits_pca16', 4, 'pre', 'mass', 1) 1.8s (1756s total)
[401/420] ei ('digits_pca16', 4, 'pre', 'none', 1) 2.4s (1756s total)
[402/420] ei ('digits_pca16', 1, 'pre', 'none', 5) 8.8s (1756s total)
[403/420] ei ('digits_pca16', 2, 'pre', 'none', 5) 8.6s (1759s total)
[404/420] ei ('digits_pca16', 3, 'pre', 'none', 5) 6.2s (1759s total)
[405/420] ei ('digits_pca32', 0, 'pre', 'none', 1) 3.1s (1759s total)
[406/420] ei ('digits_pca32', 0, 'pre', 'mass', 1) 4.0s (1760s total)
[407/420] ei ('digits_pca32', 1, 'pre', 'mass', 1) 3.3s (1762s total)
[408/420] ei ('digits_pca32', 1, 'pre', 'none', 1) 3.6s (1762s total)
[409/420] ei ('digits_pca16', 4, 'pre', 'none', 5) 7.9s (1763s total)
[410/420] ei ('digits_pca32', 2, 'pre', 'none', 1) 4.0s (1764s total)
[411/420] ei ('digits_pca32', 2, 'pre', 'mass', 1) 2.8s (1765s total)
[412/420] ei ('digits_pca32', 3, 'pre', 'none', 1) 3.3s (1767s total)
[413/420] ei ('digits_pca32', 3, 'pre', 'mass', 1) 3.8s (1768s total)
[414/420] ei ('digits_pca32', 1, 'pre', 'none', 5) 9.4s (1768s total)
[415/420] ei ('digits_pca32', 4, 'pre', 'none', 1) 3.6s (1770s total)
[416/420] ei ('digits_pca32', 4, 'pre', 'mass', 1) 4.6s (1773s total)
[417/420] ei ('digits_pca32', 0, 'pre', 'none', 5) 16.4s (1773s total)
[418/420] ei ('digits_pca32', 3, 'pre', 'none', 5) 10.7s (1776s total)
[419/420] ei ('digits_pca32', 2, 'pre', 'none', 5) 15.0s (1777s total)
[420/420] ei ('digits_pca32', 4, 'pre', 'none', 5) 10.3s (1779s total)
